Component: ARM Compiler 5.06 update 7 (build 960) Tool: armlink [4d3601]

==============================================================================

Section Cross References

    main.o(.text) refers to misc.o(.text) for NVIC_PriorityGroupConfig
    main.o(.text) refers to delay.o(.text) for delay_init
    main.o(.text) refers to usart.o(.text) for uart_init
    main.o(.text) refers to led.o(.text) for LED_Init
    main.o(.text) refers to lcd.o(.text) for LCD_Init
    main.o(.text) refers to key.o(.text) for KEY_Init
    main.o(.text) refers to w25qxx.o(.text) for W25QXX_Init
    main.o(.text) refers to wm8978.o(.text) for WM8978_Init
    main.o(.text) refers to malloc.o(.text) for my_mem_init
    main.o(.text) refers to exfuns.o(.text) for exfuns_init
    main.o(.text) refers to ff.o(.text) for f_mount
    main.o(.text) refers to fontupd.o(.text) for font_init
    main.o(.text) refers to text.o(.text) for Show_Str
    main.o(.text) refers to recorder.o(.text) for wav_recorder
    main.o(.text) refers to usmart_config.o(.data) for usmart_dev
    main.o(.text) refers to exfuns.o(.bss) for fs
    main.o(.text) refers to lcd.o(.data) for POINT_COLOR
    system_stm32f4xx.o(.text) refers to system_stm32f4xx.o(.data) for SystemCoreClock
    led.o(.text) refers to stm32f4xx_rcc.o(.text) for RCC_AHB1PeriphClockCmd
    led.o(.text) refers to stm32f4xx_gpio.o(.text) for GPIO_Init
    lcd.o(.text) refers to _printf_percent.o(.ARM.Collect$$_printf_percent$$00000000) for _printf_percent
    lcd.o(.text) refers to _printf_x.o(.ARM.Collect$$_printf_percent$$0000000C) for _printf_x
    lcd.o(.text) refers to _printf_hex_int.o(.text) for _printf_longlong_hex
    lcd.o(.text) refers to delay.o(.text) for delay_us
    lcd.o(.text) refers to lcd.o(.bss) for lcddev
    lcd.o(.text) refers to dflt_clz.o(x$fpl$dfltu) for __aeabi_ui2d
    lcd.o(.text) refers to dmul.o(x$fpl$dmul) for __aeabi_dmul
    lcd.o(.text) refers to dfixu.o(x$fpl$dfixu) for __aeabi_d2uiz
    lcd.o(.text) refers to lcd.o(.data) for POINT_COLOR
    lcd.o(.text) refers to stm32f4xx_rcc.o(.text) for RCC_AHB1PeriphClockCmd
    lcd.o(.text) refers to stm32f4xx_gpio.o(.text) for GPIO_Init
    lcd.o(.text) refers to stm32f4xx_fsmc.o(.text) for FSMC_NORSRAMInit
    lcd.o(.text) refers to noretval__2printf.o(.text) for __2printf
    lcd.o(.text) refers to lcd.o(.constdata) for asc2_1206
    key.o(.text) refers to stm32f4xx_rcc.o(.text) for RCC_AHB1PeriphClockCmd
    key.o(.text) refers to stm32f4xx_gpio.o(.text) for GPIO_Init
    key.o(.text) refers to delay.o(.text) for delay_ms
    key.o(.text) refers to key.o(.data) for key_up
    spi.o(.text) refers to stm32f4xx_spi.o(.text) for SPI_I2S_GetFlagStatus
    spi.o(.text) refers to stm32f4xx_rcc.o(.text) for RCC_AHB1PeriphClockCmd
    spi.o(.text) refers to stm32f4xx_gpio.o(.text) for GPIO_Init
    w25qxx.o(.text) refers to _printf_percent.o(.ARM.Collect$$_printf_percent$$00000000) for _printf_percent
    w25qxx.o(.text) refers to _printf_x.o(.ARM.Collect$$_printf_percent$$0000000C) for _printf_x
    w25qxx.o(.text) refers to _printf_hex_int.o(.text) for _printf_longlong_hex
    w25qxx.o(.text) refers to spi.o(.text) for SPI1_ReadWriteByte
    w25qxx.o(.text) refers to stm32f4xx_rcc.o(.text) for RCC_AHB1PeriphClockCmd
    w25qxx.o(.text) refers to stm32f4xx_gpio.o(.text) for GPIO_Init
    w25qxx.o(.text) refers to noretval__2printf.o(.text) for __2printf
    w25qxx.o(.text) refers to delay.o(.text) for delay_us
    w25qxx.o(.text) refers to w25qxx.o(.data) for W25QXX_TYPE
    w25qxx.o(.text) refers to w25qxx.o(.bss) for W25QXX_BUFFER
    sdio_sdcard.o(.text) refers to stm32f4xx_sdio.o(.text) for SDIO_GetFlagStatus
    sdio_sdcard.o(.text) refers to sdio_sdcard.o(.data) for DeviceMode
    sdio_sdcard.o(.text) refers to sdio_sdcard.o(.bss) for SDIO_CmdInitStructure
    sdio_sdcard.o(.text) refers to stm32f4xx_rcc.o(.text) for RCC_AHB1PeriphClockCmd
    sdio_sdcard.o(.text) refers to stm32f4xx_gpio.o(.text) for GPIO_Init
    sdio_sdcard.o(.text) refers to misc.o(.text) for NVIC_Init
    sdio_sdcard.o(.text) refers to stm32f4xx_dma.o(.text) for DMA_GetCmdStatus
    sdio_sdcard.o(.text) refers to sys.o(.emb_text) for INTX_DISABLE
    sdio_sdcard.o(.text) refers to rt_memcpy_v6.o(.text) for __aeabi_memcpy
    myiic.o(.text) refers to stm32f4xx_rcc.o(.text) for RCC_AHB1PeriphClockCmd
    myiic.o(.text) refers to stm32f4xx_gpio.o(.text) for GPIO_Init
    myiic.o(.text) refers to delay.o(.text) for delay_us
    24cxx.o(.text) refers to myiic.o(.text) for IIC_Init
    24cxx.o(.text) refers to delay.o(.text) for delay_ms
    i2s.o(.text) refers to stm32f4xx_rcc.o(.text) for RCC_APB1PeriphClockCmd
    i2s.o(.text) refers to stm32f4xx_spi.o(.text) for I2S_Init
    i2s.o(.text) refers to stm32f4xx_dma.o(.text) for DMA_DeInit
    i2s.o(.text) refers to misc.o(.text) for NVIC_Init
    i2s.o(.text) refers to i2s.o(.constdata) for I2S_PSC_TBL
    i2s.o(.text) refers to i2s.o(.data) for i2s_tx_callback
[...]
    SD_ReadBlock                             0x08004fab   Thumb Code   578  sdio_sdcard.o(.text)
    SD_ReadMultiBlocks                       0x080051ed   Thumb Code   762  sdio_sdcard.o(.text)
    IsCardProgramming                        0x080054e7   Thumb Code   150  sdio_sdcard.o(.text)
    SD_WriteBlock                            0x0800557d   Thumb Code   914  sdio_sdcard.o(.text)
    SD_WriteMultiBlocks                      0x0800590f   Thumb Code   976  sdio_sdcard.o(.text)
    SD_ProcessIRQSrc                         0x08005cdf   Thumb Code   322  sdio_sdcard.o(.text)
    SDIO_IRQHandler                          0x08005e21   Thumb Code     8  sdio_sdcard.o(.text)
    SD_SendStatus                            0x08005e29   Thumb Code    74  sdio_sdcard.o(.text)
    SD_GetState                              0x08005e73   Thumb Code    26  sdio_sdcard.o(.text)
    SD_ReadDisk                              0x08005e8d   Thumb Code   188  sdio_sdcard.o(.text)
    SD_WriteDisk                             0x08005f49   Thumb Code   148  sdio_sdcard.o(.text)
    IIC_Init                                 0x08005fe1   Thumb Code    62  myiic.o(.text)
    IIC_Start                                0x0800601f   Thumb Code    68  myiic.o(.text)
    IIC_Stop                                 0x08006063   Thumb Code    62  myiic.o(.text)
    IIC_Wait_Ack                             0x080060a1   Thumb Code    82  myiic.o(.text)
    IIC_Ack                                  0x080060f3   Thumb Code    66  myiic.o(.text)
    IIC_NAck                                 0x08006135   Thumb Code    66  myiic.o(.text)
    IIC_Send_Byte                            0x08006177   Thumb Code    90  myiic.o(.text)
    IIC_Read_Byte                            0x080061d1   Thumb Code    94  myiic.o(.text)
    I2S2_Init                                0x0800623d   Thumb Code    94  i2s.o(.text)
    I2S2ext_Init                             0x0800629b   Thumb Code    72  i2s.o(.text)
    I2S2_SampleRate_Set                      0x080062e3   Thumb Code   150  i2s.o(.text)
    I2S2_TX_DMA_Init                         0x08006379   Thumb Code   166  i2s.o(.text)
    I2S2ext_RX_DMA_Init                      0x0800641f   Thumb Code   180  i2s.o(.text)
    DMA1_Stream4_IRQHandler                  0x080064d3   Thumb Code    30  i2s.o(.text)
    DMA1_Stream3_IRQHandler                  0x080064f1   Thumb Code    34  i2s.o(.text)
    I2S_Play_Start                           0x08006513   Thumb Code    12  i2s.o(.text)
    I2S_Play_Stop                            0x0800651f   Thumb Code    12  i2s.o(.text)
    I2S_Rec_Start                            0x0800652b   Thumb Code    14  i2s.o(.text)
    I2S_Rec_Stop                             0x08006539   Thumb Code    14  i2s.o(.text)
    WM8978_Write_Reg                         0x08006575   Thumb Code    80  wm8978.o(.text)
    WM8978_Init                              0x080065c5   Thumb Code   244  wm8978.o(.text)
    WM8978_Read_Reg                          0x080066b9   Thumb Code    10  wm8978.o(.text)
    WM8978_ADDA_Cfg                          0x080066c3   Thumb Code    64  wm8978.o(.text)
    WM8978_AUX_Gain                          0x08006703   Thumb Code    54  wm8978.o(.text)
    WM8978_LINEIN_Gain                       0x08006739   Thumb Code    54  wm8978.o(.text)
    WM8978_Input_Cfg                         0x0800676f   Thumb Code   102  wm8978.o(.text)
    WM8978_Output_Cfg                        0x080067d5   Thumb Code    42  wm8978.o(.text)
    WM8978_MIC_Gain                          0x080067ff   Thumb Code    28  wm8978.o(.text)
    WM8978_I2S_Cfg                           0x0800681b   Thumb Code    28  wm8978.o(.text)
    WM8978_HPvol_Set                         0x08006837   Thumb Code    46  wm8978.o(.text)
    WM8978_SPKvol_Set                        0x08006865   Thumb Code    34  wm8978.o(.text)
    WM8978_3D_Set                            0x08006887   Thumb Code    18  wm8978.o(.text)
    WM8978_EQ_3D_Dir                         0x08006899   Thumb Code    34  wm8978.o(.text)
    WM8978_EQ1_Set                           0x080068bb   Thumb Code    50  wm8978.o(.text)
    WM8978_EQ2_Set                           0x080068ed   Thumb Code    40  wm8978.o(.text)
    WM8978_EQ3_Set                           0x08006915   Thumb Code    40  wm8978.o(.text)
    WM8978_EQ4_Set                           0x0800693d   Thumb Code    40  wm8978.o(.text)
    WM8978_EQ5_Set                           0x08006965   Thumb Code    40  wm8978.o(.text)
    delay_init                               0x08006999   Thumb Code    52  delay.o(.text)
    delay_us                                 0x080069cd   Thumb Code    72  delay.o(.text)
    delay_xms                                0x08006a15   Thumb Code    72  delay.o(.text)
    delay_ms                                 0x08006a5d   Thumb Code    56  delay.o(.text)
    _sys_exit                                0x08006a9d   Thumb Code     4  usart.o(.text)
    fputc                                    0x08006aa1   Thumb Code    22  usart.o(.text)
    uart_init                                0x08006ab7   Thumb Code   164  usart.o(.text)
    USART1_IRQHandler                        0x08006b5b   Thumb Code   122  usart.o(.text)
    Reset_Handler                            0x08006be5   Thumb Code     8  startup_stm32f40_41xxx.o(.text)
    ADC_IRQHandler                           0x08006bff   Thumb Code     0  startup_stm32f40_41xxx.o(.text)
    CAN1_RX0_IRQHandler                      0x08006bff   Thumb Code     0  startup_stm32f40_41xxx.o(.text)
    CAN1_RX1_IRQHandler                      0x08006bff   Thumb Code     0  startup_stm32f40_41xxx.o(.text)
    CAN1_SCE_IRQHandler                      0x08006bff   Thumb Code     0  startup_stm32f40_41xxx.o(.text)
    CAN1_TX_IRQHandler                       0x08006bff   Thumb Code     0  startup_stm32f40_41xxx.o(.text)
    CAN2_RX0_IRQHandler                      0x08006bff   Thumb Code     0  startup_stm32f40_41xxx.o(.text)
    CAN2_RX1_IRQHandler                      0x08006bff   Thumb Code     0  startup_stm32f40_41xxx.o(.text)
    CAN2_SCE_IRQHandler                      0x08006bff   Thumb Code     0  startup_stm32f40_41xxx.o(.text)
    CAN2_TX_IRQHandler                       0x08006bff   Thumb Code     0  startup_stm32f40_41xxx.o(.text)
    CRYP_IRQHandler                          0x08006bff   Thumb Code     0  startup_stm32f40_41xxx.o(.text)
    DCMI_IRQHandler                          0x08006bff   Thumb Code     0  startup_stm32f40_41xxx.o(.text)
    DMA1_Stream0_IRQHandler                  0x08006bff   Thumb Code     0  startup_stm32f40_41xxx.o(.text)
    DMA1_Stream1_IRQHandler                  0x08006bff   Thumb Code     0  startup_stm32f40_41xxx.o(.text)
    DMA1_Stream2_IRQHandler                  0x08006bff   Thumb Code     0  startup_stm32f40_41xxx.o(.text)
    DMA1_Stream5_IRQHandler                  0x08006bff   Thumb Code     0  startup_stm32f40_41xxx.o(.text)
    DMA1_Stream6_IRQHandler                  0x08006bff   Thumb Code     0  startup_stm32f40_41xxx.o(.text)
    DMA1_Stream7_IRQHandler                  0x08006bff   Thumb Code     0  startup_stm32f40_41xxx.o(.text)
    DMA2_Stream0_IRQHandler                  0x08006bff   Thumb Code     0  startup_stm32f40_41xxx.o(.text)
    DMA2_Stream1_IRQHandler                  0x08006bff   Thumb Code     0  startup_stm32f40_41xxx.o(.text)
    DMA2_Stream2_IRQHandler                  0x08006bff   Thumb Code     0  startup_stm32f40_41xxx.o(.text)
    DMA2_Stream3_IRQHandler                  0x08006bff   Thumb Code     0  startup_stm32f40_41xxx.o(.text)
    DMA2_Stream4_IRQHandler                  0x08006bff   Thumb Code     0  startup_stm32f40_41xxx.o(.text)
    DMA2_Stream5_IRQHandler                  0x08006bff   Thumb Code     0  startup_stm32f40_41xxx.o(.text)
    DMA2_Stream6_IRQHandler                  0x08006bff   Thumb Code     0  startup_stm32f40_41xxx.o(.text)
    DMA2_Stream7_IRQHandler                  0x08006bff   Thumb Code     0  startup_stm32f40_41xxx.o(.text)
    ETH_IRQHandler                           0x08006bff   Thumb Code     0  startup_stm32f40_41xxx.o(.text)
    ETH_WKUP_IRQHandler                      0x08006bff   Thumb Code     0  startup_stm32f40_41xxx.o(.text)
    EXTI0_IRQHandler                         0x08006bff   Thumb Code     0  startup_stm32f40_41xxx.o(.text)
    EXTI15_10_IRQHandler                     0x08006bff   Thumb Code     0  startup_stm32f40_41xxx.o(.text)
    EXTI1_IRQHandler                         0x08006bff   Thumb Code     0  startup_stm32f40_41xxx.o(.text)
    EXTI2_IRQHandler                         0x08006bff   Thumb Code     0  startup_stm32f40_41xxx.o(.text)
    EXTI3_IRQHandler                         0x08006bff   Thumb Code     0  startup_stm32f40_41xxx.o(.text)
    EXTI4_IRQHandler                         0x08006bff   Thumb Code     0  startup_stm32f40_41xxx.o(.text)
    EXTI9_5_IRQHandler                       0x08006bff   Thumb Code     0  startup_stm32f40_41xxx.o(.text)
    FLASH_IRQHandler                         0x08006bff   Thumb Code     0  startup_stm32f40_41xxx.o(.text)
    FPU_IRQHandler                           0x08006bff   Thumb Code     0  startup_stm32f40_41xxx.o(.text)
    FSMC_IRQHandler                          0x08006bff   Thumb Code     0  startup_stm32f40_41xxx.o(.text)
    HASH_RNG_IRQHandler                      0x08006bff   Thumb Code     0  startup_stm32f40_41xxx.o(.text)
    I2C1_ER_IRQHandler                       0x08006bff   Thumb Code     0  startup_stm32f40_41xxx.o(.text)
    I2C1_EV_IRQHandler                       0x08006bff   Thumb Code     0  startup_stm32f40_41xxx.o(.text)
    I2C2_ER_IRQHandler                       0x08006bff   Thumb Code     0  startup_stm32f40_41xxx.o(.text)
    I2C2_EV_IRQHandler                       0x08006bff   Thumb Code     0  startup_stm32f40_41xxx.o(.text)
    I2C3_ER_IRQHandler                       0x08006bff   Thumb Code     0  startup_stm32f40_41xxx.o(.text)
    I2C3_EV_IRQHandler                       0x08006bff   Thumb Code     0  startup_stm32f40_41xxx.o(.text)
    OTG_FS_IRQHandler                        0x08006bff   Thumb Code     0  startup_stm32f40_41xxx.o(.text)
    OTG_FS_WKUP_IRQHandler                   0x08006bff   Thumb Code     0  startup_stm32f40_41xxx.o(.text)
    OTG_HS_EP1_IN_IRQHandler                 0x08006bff   Thumb Code     0  startup_stm32f40_41xxx.o(.text)
    OTG_HS_EP1_OUT_IRQHandler                0x08006bff   Thumb Code     0  startup_stm32f40_41xxx.o(.text)
    OTG_HS_IRQHandler                        0x08006bff   Thumb Code     0  startup_stm32f40_41xxx.o(.text)
    OTG_HS_WKUP_IRQHandler                   0x08006bff   Thumb Code     0  startup_stm32f40_41xxx.o(.text)
    PVD_IRQHandler                           0x08006bff   Thumb Code     0  startup_stm32f40_41xxx.o(.text)
    RCC_IRQHandler                           0x08006bff   Thumb Code     0  startup_stm32f40_41xxx.o(.text)
    RTC_Alarm_IRQHandler                     0x08006bff   Thumb Code     0  startup_stm32f40_41xxx.o(.text)
    RTC_WKUP_IRQHandler                      0x08006bff   Thumb Code     0  startup_stm32f40_41xxx.o(.text)
    SPI1_IRQHandler                          0x08006bff   Thumb Code     0  startup_stm32f40_41xxx.o(.text)
    SPI2_IRQHandler                          0x08006bff   Thumb Code     0  startup_stm32f40_41xxx.o(.text)
    SPI3_IRQHandler                          0x08006bff   Thumb Code     0  startup_stm32f40_41xxx.o(.text)
    TAMP_STAMP_IRQHandler                    0x08006bff   Thumb Code     0  startup_stm32f40_41xxx.o(.text)
    TIM1_BRK_TIM9_IRQHandler                 0x08006bff   Thumb Code     0  startup_stm32f40_41xxx.o(.text)
    TIM1_CC_IRQHandler                       0x08006bff   Thumb Code     0  startup_stm32f40_41xxx.o(.text)
    TIM1_TRG_COM_TIM11_IRQHandler            0x08006bff   Thumb Code     0  startup_stm32f40_41xxx.o(.text)
    TIM1_UP_TIM10_IRQHandler                 0x08006bff   Thumb Code     0  startup_stm32f40_41xxx.o(.text)
    TIM2_IRQHandler                          0x08006bff   Thumb Code     0  startup_stm32f40_41xxx.o(.text)
    TIM3_IRQHandler                          0x08006bff   Thumb Code     0  startup_stm32f40_41xxx.o(.text)
    TIM5_IRQHandler                          0x08006bff   Thumb Code     0  startup_stm32f40_41xxx.o(.text)
    TIM6_DAC_IRQHandler                      0x08006bff   Thumb Code     0  startup_stm32f40_41xxx.o(.text)
    TIM7_IRQHandler                          0x08006bff   Thumb Code     0  startup_stm32f40_41xxx.o(.text)
    TIM8_BRK_TIM12_IRQHandler                0x08006bff   Thumb Code     0  startup_stm32f40_41xxx.o(.text)
    TIM8_CC_IRQHandler                       0x08006bff   Thumb Code     0  startup_stm32f40_41xxx.o(.text)
    TIM8_TRG_COM_TIM14_IRQHandler            0x08006bff   Thumb Code     0  startup_stm32f40_41xxx.o(.text)
    TIM8_UP_TIM13_IRQHandler                 0x08006bff   Thumb Code     0  startup_stm32f40_41xxx.o(.text)
    UART4_IRQHandler                         0x08006bff   Thumb Code     0  startup_stm32f40_41xxx.o(.text)
    UART5_IRQHandler                         0x08006bff   Thumb Code     0  startup_stm32f40_41xxx.o(.text)
    USART2_IRQHandler                        0x08006bff   Thumb Code     0  startup_stm32f40_41xxx.o(.text)
    USART3_IRQHandler                        0x08006bff   Thumb Code     0  startup_stm32f40_41xxx.o(.text)
    USART6_IRQHandler                        0x08006bff   Thumb Code     0  startup_stm32f40_41xxx.o(.text)
    WWDG_IRQHandler                          0x08006bff   Thumb Code     0  startup_stm32f40_41xxx.o(.text)
    __user_initial_stackheap                 0x08006c01   Thumb Code     0  startup_stm32f40_41xxx.o(.text)
    NVIC_PriorityGroupConfig                 0x08006c25   Thumb Code    10  misc.o(.text)
    NVIC_Init                                0x08006c2f   Thumb Code   106  misc.o(.text)
    NVIC_SetVectorTable                      0x08006c99   Thumb Code    14  misc.o(.text)
    NVIC_SystemLPConfig                      0x08006ca7   Thumb Code    34  misc.o(.text)
    SysTick_CLKSourceConfig                  0x08006cc9   Thumb Code    40  misc.o(.text)
    GPIO_DeInit                              0x08006d05   Thumb Code   268  stm32f4xx_gpio.o(.text)
    GPIO_Init                                0x08006e11   Thumb Code   144  stm32f4xx_gpio.o(.text)
    GPIO_StructInit                          0x08006ea1   Thumb Code    18  stm32f4xx_gpio.o(.text)
    GPIO_PinLockConfig                       0x08006eb3   Thumb Code    34  stm32f4xx_gpio.o(.text)
    GPIO_ReadInputDataBit                    0x08006ed5   Thumb Code    18  stm32f4xx_gpio.o(.text)
    GPIO_ReadInputData                       0x08006ee7   Thumb Code     8  stm32f4xx_gpio.o(.text)
    GPIO_ReadOutputDataBit                   0x08006eef   Thumb Code    18  stm32f4xx_gpio.o(.text)
    GPIO_ReadOutputData                      0x08006f01   Thumb Code     8  stm32f4xx_gpio.o(.text)
    GPIO_SetBits                             0x08006f09   Thumb Code     4  stm32f4xx_gpio.o(.text)
    GPIO_ResetBits                           0x08006f0d   Thumb Code     4  stm32f4xx_gpio.o(.text)
    GPIO_WriteBit                            0x08006f11   Thumb Code    10  stm32f4xx_gpio.o(.text)
    GPIO_Write                               0x08006f1b   Thumb Code     4  stm32f4xx_gpio.o(.text)
    GPIO_ToggleBits                          0x08006f1f   Thumb Code     8  stm32f4xx_gpio.o(.text)
    GPIO_PinAFConfig                         0x08006f27   Thumb Code    70  stm32f4xx_gpio.o(.text)
    FSMC_NORSRAMDeInit                       0x08006f99   Thumb Code    54  stm32f4xx_fsmc.o(.text)
    FSMC_NORSRAMInit                         0x08006fcf   Thumb Code   230  stm32f4xx_fsmc.o(.text)
    FSMC_NORSRAMStructInit                   0x080070b5   Thumb Code    48  stm32f4xx_fsmc.o(.text)
    FSMC_NORSRAMCmd                          0x080070e5   Thumb Code    46  stm32f4xx_fsmc.o(.text)
    FSMC_NANDDeInit                          0x08007113   Thumb Code    62  stm32f4xx_fsmc.o(.text)
    FSMC_NANDInit                            0x08007151   Thumb Code   132  stm32f4xx_fsmc.o(.text)
    FSMC_NANDStructInit                      0x080071d5   Thumb Code    54  stm32f4xx_fsmc.o(.text)
    FSMC_NANDCmd                             0x0800720b   Thumb Code    86  stm32f4xx_fsmc.o(.text)
    FSMC_NANDECCCmd                          0x08007261   Thumb Code    86  stm32f4xx_fsmc.o(.text)
    FSMC_GetECC                              0x080072b7   Thumb Code    24  stm32f4xx_fsmc.o(.text)
    FSMC_PCCARDDeInit                        0x080072cf   Thumb Code    36  stm32f4xx_fsmc.o(.text)
    FSMC_PCCARDInit                          0x080072f3   Thumb Code   130  stm32f4xx_fsmc.o(.text)
    FSMC_PCCARDStructInit                    0x08007375   Thumb Code    60  stm32f4xx_fsmc.o(.text)
    FSMC_PCCARDCmd                           0x080073b1   Thumb Code    44  stm32f4xx_fsmc.o(.text)
    FSMC_ITConfig                            0x080073dd   Thumb Code   128  stm32f4xx_fsmc.o(.text)
    FSMC_GetFlagStatus                       0x0800745d   Thumb Code    54  stm32f4xx_fsmc.o(.text)
    FSMC_ClearFlag                           0x08007493   Thumb Code    74  stm32f4xx_fsmc.o(.text)
    FSMC_GetITStatus                         0x080074dd   Thumb Code    62  stm32f4xx_fsmc.o(.text)
    FSMC_ClearITPendingBit                   0x0800751b   Thumb Code    66  stm32f4xx_fsmc.o(.text)
    RCC_DeInit                               0x08007561   Thumb Code    82  stm32f4xx_rcc.o(.text)
    RCC_HSEConfig                            0x080075b3   Thumb Code    14  stm32f4xx_rcc.o(.text)
    RCC_GetFlagStatus                        0x080075c1   Thumb Code    60  stm32f4xx_rcc.o(.text)
    RCC_WaitForHSEStartUp                    0x080075fd   Thumb Code    56  stm32f4xx_rcc.o(.text)
    RCC_AdjustHSICalibrationValue            0x08007635   Thumb Code    20  stm32f4xx_rcc.o(.text)
    RCC_HSICmd                               0x08007649   Thumb Code     6  stm32f4xx_rcc.o(.text)
    RCC_LSEConfig                            0x0800764f   Thumb Code    46  stm32f4xx_rcc.o(.text)
    RCC_LSICmd                               0x0800767d   Thumb Code     6  stm32f4xx_rcc.o(.text)
    RCC_PLLConfig                            0x08007683   Thumb Code    32  stm32f4xx_rcc.o(.text)
    RCC_PLLCmd                               0x080076a3   Thumb Code     6  stm32f4xx_rcc.o(.text)
    RCC_PLLI2SConfig                         0x080076a9   Thumb Code    14  stm32f4xx_rcc.o(.text)
    RCC_PLLI2SCmd                            0x080076b7   Thumb Code     6  stm32f4xx_rcc.o(.text)
    RCC_PLLSAIConfig                         0x080076bd   Thumb Code    20  stm32f4xx_rcc.o(.text)
    RCC_PLLSAICmd                            0x080076d1   Thumb Code     6  stm32f4xx_rcc.o(.text)
    RCC_ClockSecuritySystemCmd               0x080076d7   Thumb Code     6  stm32f4xx_rcc.o(.text)
    RCC_MCO1Config                           0x080076dd   Thumb Code    28  stm32f4xx_rcc.o(.text)
    RCC_MCO2Config                           0x080076f9   Thumb Code    28  stm32f4xx_rcc.o(.text)
    RCC_SYSCLKConfig                         0x08007715   Thumb Code    20  stm32f4xx_rcc.o(.text)
    RCC_GetSYSCLKSource                      0x08007729   Thumb Code    12  stm32f4xx_rcc.o(.text)
    RCC_HCLKConfig                           0x08007735   Thumb Code    20  stm32f4xx_rcc.o(.text)
    RCC_PCLK1Config                          0x08007749   Thumb Code    20  stm32f4xx_rcc.o(.text)
    RCC_PCLK2Config                          0x0800775d   Thumb Code    22  stm32f4xx_rcc.o(.text)
    RCC_GetClocksFreq                        0x08007773   Thumb Code   222  stm32f4xx_rcc.o(.text)
    RCC_RTCCLKConfig                         0x08007851   Thumb Code    54  stm32f4xx_rcc.o(.text)
    RCC_RTCCLKCmd                            0x08007887   Thumb Code     8  stm32f4xx_rcc.o(.text)
    RCC_BackupResetCmd                       0x0800788f   Thumb Code     8  stm32f4xx_rcc.o(.text)
    RCC_I2SCLKConfig                         0x08007897   Thumb Code     6  stm32f4xx_rcc.o(.text)
    RCC_SAIPLLI2SClkDivConfig                0x0800789d   Thumb Code    26  stm32f4xx_rcc.o(.text)
    RCC_SAIPLLSAIClkDivConfig                0x080078b7   Thumb Code    28  stm32f4xx_rcc.o(.text)
    RCC_SAIBlockACLKConfig                   0x080078d3   Thumb Code    20  stm32f4xx_rcc.o(.text)
    RCC_SAIBlockBCLKConfig                   0x080078e7   Thumb Code    20  stm32f4xx_rcc.o(.text)
    RCC_LTDCCLKDivConfig                     0x080078fb   Thumb Code    20  stm32f4xx_rcc.o(.text)
    RCC_TIMCLKPresConfig                     0x0800790f   Thumb Code     6  stm32f4xx_rcc.o(.text)
    RCC_AHB1PeriphClockCmd                   0x08007915   Thumb Code    34  stm32f4xx_rcc.o(.text)
    RCC_AHB2PeriphClockCmd                   0x08007937   Thumb Code    78  stm32f4xx_rcc.o(.text)
    RCC_AHB3PeriphClockCmd                   0x08007985   Thumb Code    34  stm32f4xx_rcc.o(.text)
    RCC_APB1PeriphClockCmd                   0x080079a7   Thumb Code    34  stm32f4xx_rcc.o(.text)
    RCC_APB2PeriphClockCmd                   0x080079c9   Thumb Code    34  stm32f4xx_rcc.o(.text)
    RCC_AHB1PeriphResetCmd                   0x080079eb   Thumb Code    34  stm32f4xx_rcc.o(.text)
    RCC_AHB2PeriphResetCmd                   0x08007a0d   Thumb Code    34  stm32f4xx_rcc.o(.text)
    RCC_AHB3PeriphResetCmd                   0x08007a2f   Thumb Code    34  stm32f4xx_rcc.o(.text)
    RCC_APB1PeriphResetCmd                   0x08007a51   Thumb Code    34  stm32f4xx_rcc.o(.text)
    RCC_APB2PeriphResetCmd                   0x08007a73   Thumb Code    34  stm32f4xx_rcc.o(.text)
    RCC_AHB1PeriphClockLPModeCmd             0x08007a95   Thumb Code    34  stm32f4xx_rcc.o(.text)
    RCC_AHB2PeriphClockLPModeCmd             0x08007ab7   Thumb Code    34  stm32f4xx_rcc.o(.text)
    RCC_AHB3PeriphClockLPModeCmd             0x08007ad9   Thumb Code    34  stm32f4xx_rcc.o(.text)
    RCC_APB1PeriphClockLPModeCmd             0x08007afb   Thumb Code    34  stm32f4xx_rcc.o(.text)
    RCC_APB2PeriphClockLPModeCmd             0x08007b1d   Thumb Code    34  stm32f4xx_rcc.o(.text)
    RCC_LSEModeConfig                        0x08007b3f   Thumb Code    40  stm32f4xx_rcc.o(.text)
    RCC_ITConfig                             0x08007b67   Thumb Code    34  stm32f4xx_rcc.o(.text)
    RCC_ClearFlag                            0x08007b89   Thumb Code    18  stm32f4xx_rcc.o(.text)
    RCC_GetITStatus                          0x08007b9b   Thumb Code    22  stm32f4xx_rcc.o(.text)
    RCC_ClearITPendingBit                    0x08007bb1   Thumb Code     8  stm32f4xx_rcc.o(.text)
    USART_DeInit                             0x08007bbd   Thumb Code   206  stm32f4xx_usart.o(.text)
    USART_Init                               0x08007c8b   Thumb Code   204  stm32f4xx_usart.o(.text)
    USART_StructInit                         0x08007d57   Thumb Code    24  stm32f4xx_usart.o(.text)
    USART_ClockInit                          0x08007d6f   Thumb Code    32  stm32f4xx_usart.o(.text)
    USART_ClockStructInit                    0x08007d8f   Thumb Code    12  stm32f4xx_usart.o(.text)
    USART_Cmd                                0x08007d9b   Thumb Code    24  stm32f4xx_usart.o(.text)
    USART_SetPrescaler                       0x08007db3   Thumb Code    16  stm32f4xx_usart.o(.text)
    USART_OverSampling8Cmd                   0x08007dc3   Thumb Code    22  stm32f4xx_usart.o(.text)
    USART_OneBitMethodCmd                    0x08007dd9   Thumb Code    24  stm32f4xx_usart.o(.text)
    USART_SendData                           0x08007df1   Thumb Code     8  stm32f4xx_usart.o(.text)
    USART_ReceiveData                        0x08007df9   Thumb Code    10  stm32f4xx_usart.o(.text)
    USART_SetAddress                         0x08007e03   Thumb Code    18  stm32f4xx_usart.o(.text)
    USART_ReceiverWakeUpCmd                  0x08007e15   Thumb Code    24  stm32f4xx_usart.o(.text)
    USART_WakeUpConfig                       0x08007e2d   Thumb Code    18  stm32f4xx_usart.o(.text)
    USART_LINBreakDetectLengthConfig         0x08007e3f   Thumb Code    18  stm32f4xx_usart.o(.text)
    USART_LINCmd                             0x08007e51   Thumb Code    24  stm32f4xx_usart.o(.text)
    USART_SendBreak                          0x08007e69   Thumb Code    10  stm32f4xx_usart.o(.text)
    USART_HalfDuplexCmd                      0x08007e73   Thumb Code    24  stm32f4xx_usart.o(.text)
    USART_SetGuardTime                       0x08007e8b   Thumb Code    16  stm32f4xx_usart.o(.text)
    USART_SmartCardCmd                       0x08007e9b   Thumb Code    24  stm32f4xx_usart.o(.text)
    USART_SmartCardNACKCmd                   0x08007eb3   Thumb Code    24  stm32f4xx_usart.o(.text)
    USART_IrDAConfig                         0x08007ecb   Thumb Code    18  stm32f4xx_usart.o(.text)
    USART_IrDACmd                            0x08007edd   Thumb Code    24  stm32f4xx_usart.o(.text)
    USART_DMACmd                             0x08007ef5   Thumb Code    18  stm32f4xx_usart.o(.text)
    USART_ITConfig                           0x08007f07   Thumb Code    74  stm32f4xx_usart.o(.text)
    USART_GetFlagStatus                      0x08007f51   Thumb Code    26  stm32f4xx_usart.o(.text)
    USART_ClearFlag                          0x08007f6b   Thumb Code    18  stm32f4xx_usart.o(.text)
    USART_GetITStatus                        0x08007f7d   Thumb Code   118  stm32f4xx_usart.o(.text)
    USART_ClearITPendingBit                  0x08007ff3   Thumb Code    30  stm32f4xx_usart.o(.text)
    TIM_DeInit                               0x08008011   Thumb Code   346  stm32f4xx_tim.o(.text)
    TIM_TimeBaseInit                         0x0800816b   Thumb Code   104  stm32f4xx_tim.o(.text)
    TIM_TimeBaseStructInit                   0x080081d3   Thumb Code    18  stm32f4xx_tim.o(.text)
    TIM_PrescalerConfig                      0x080081e5   Thumb Code     6  stm32f4xx_tim.o(.text)
    TIM_CounterModeConfig                    0x080081eb   Thumb Code    18  stm32f4xx_tim.o(.text)
    TIM_SetCounter                           0x080081fd   Thumb Code     4  stm32f4xx_tim.o(.text)
    TIM_SetAutoreload                        0x08008201   Thumb Code     4  stm32f4xx_tim.o(.text)
    TIM_GetCounter                           0x08008205   Thumb Code     6  stm32f4xx_tim.o(.text)
    TIM_GetPrescaler                         0x0800820b   Thumb Code     6  stm32f4xx_tim.o(.text)
    TIM_UpdateDisableConfig                  0x08008211   Thumb Code    24  stm32f4xx_tim.o(.text)
    TIM_UpdateRequestConfig                  0x08008229   Thumb Code    24  stm32f4xx_tim.o(.text)
    TIM_ARRPreloadConfig                     0x08008241   Thumb Code    24  stm32f4xx_tim.o(.text)
    TIM_SelectOnePulseMode                   0x08008259   Thumb Code    18  stm32f4xx_tim.o(.text)
    TIM_SetClockDivision                     0x0800826b   Thumb Code    18  stm32f4xx_tim.o(.text)
    TIM_Cmd                                  0x0800827d   Thumb Code    24  stm32f4xx_tim.o(.text)
    TIM_OC1Init                              0x08008295   Thumb Code   114  stm32f4xx_tim.o(.text)
    TIM_OC2Init                              0x08008307   Thumb Code   154  stm32f4xx_tim.o(.text)
    TIM_OC3Init                              0x080083a1   Thumb Code   204  stm32f4xx_tim.o(.text)
    TIM_OC4Init                              0x0800846d   Thumb Code   112  stm32f4xx_tim.o(.text)
    TIM_OCStructInit                         0x080084dd   Thumb Code    20  stm32f4xx_tim.o(.text)
    TIM_SelectOCxM                           0x080084f1   Thumb Code    86  stm32f4xx_tim.o(.text)
    TIM_SetCompare1                          0x08008547   Thumb Code     4  stm32f4xx_tim.o(.text)
    TIM_SetCompare2                          0x0800854b   Thumb Code     4  stm32f4xx_tim.o(.text)
    TIM_SetCompare3                          0x0800854f   Thumb Code     4  stm32f4xx_tim.o(.text)
    TIM_SetCompare4                          0x08008553   Thumb Code     4  stm32f4xx_tim.o(.text)
    TIM_ForcedOC1Config                      0x08008557   Thumb Code    18  stm32f4xx_tim.o(.text)
    TIM_ForcedOC2Config                      0x08008569   Thumb Code    26  stm32f4xx_tim.o(.text)
    TIM_ForcedOC3Config                      0x08008583   Thumb Code    18  stm32f4xx_tim.o(.text)
    TIM_ForcedOC4Config                      0x08008595   Thumb Code    26  stm32f4xx_tim.o(.text)
    TIM_OC1PreloadConfig                     0x080085af   Thumb Code    18  stm32f4xx_tim.o(.text)
    TIM_OC2PreloadConfig                     0x080085c1   Thumb Code    26  stm32f4xx_tim.o(.text)
    TIM_OC3PreloadConfig                     0x080085db   Thumb Code    18  stm32f4xx_tim.o(.text)
    TIM_OC4PreloadConfig                     0x080085ed   Thumb Code    26  stm32f4xx_tim.o(.text)
    TIM_OC1FastConfig                        0x08008607   Thumb Code    18  stm32f4xx_tim.o(.text)
    TIM_OC2FastConfig                        0x08008619   Thumb Code    26  stm32f4xx_tim.o(.text)
    TIM_OC3FastConfig                        0x08008633   Thumb Code    18  stm32f4xx_tim.o(.text)
    TIM_OC4FastConfig                        0x08008645   Thumb Code    26  stm32f4xx_tim.o(.text)
    TIM_ClearOC1Ref                          0x0800865f   Thumb Code    18  stm32f4xx_tim.o(.text)
    TIM_ClearOC2Ref                          0x08008671   Thumb Code    24  stm32f4xx_tim.o(.text)
    TIM_ClearOC3Ref                          0x08008689   Thumb Code    18  stm32f4xx_tim.o(.text)
    TIM_ClearOC4Ref                          0x0800869b   Thumb Code    24  stm32f4xx_tim.o(.text)
    TIM_OC1PolarityConfig                    0x080086b3   Thumb Code    18  stm32f4xx_tim.o(.text)
    TIM_OC1NPolarityConfig                   0x080086c5   Thumb Code    18  stm32f4xx_tim.o(.text)
    TIM_OC2PolarityConfig                    0x080086d7   Thumb Code    26  stm32f4xx_tim.o(.text)
    TIM_OC2NPolarityConfig                   0x080086f1   Thumb Code    26  stm32f4xx_tim.o(.text)
    TIM_OC3PolarityConfig                    0x0800870b   Thumb Code    26  stm32f4xx_tim.o(.text)
    TIM_OC3NPolarityConfig                   0x08008725   Thumb Code    26  stm32f4xx_tim.o(.text)
    TIM_OC4PolarityConfig                    0x0800873f   Thumb Code    26  stm32f4xx_tim.o(.text)
    TIM_CCxCmd                               0x08008759   Thumb Code    30  stm32f4xx_tim.o(.text)
    TIM_CCxNCmd                              0x08008777   Thumb Code    30  stm32f4xx_tim.o(.text)
    TIM_SetIC4Prescaler                      0x08008795   Thumb Code    26  stm32f4xx_tim.o(.text)
    TIM_SetIC3Prescaler                      0x080087ff   Thumb Code    18  stm32f4xx_tim.o(.text)
    TIM_SetIC2Prescaler                      0x08008859   Thumb Code    26  stm32f4xx_tim.o(.text)
    TIM_SetIC1Prescaler                      0x080088cd   Thumb Code    18  stm32f4xx_tim.o(.text)
    TIM_ICInit                               0x08008919   Thumb Code   110  stm32f4xx_tim.o(.text)
    TIM_ICStructInit                         0x08008987   Thumb Code    18  stm32f4xx_tim.o(.text)
    TIM_PWMIConfig                           0x08008999   Thumb Code   124  stm32f4xx_tim.o(.text)
    TIM_GetCapture1                          0x08008a15   Thumb Code     6  stm32f4xx_tim.o(.text)
    TIM_GetCapture2                          0x08008a1b   Thumb Code     6  stm32f4xx_tim.o(.text)
    TIM_GetCapture3                          0x08008a21   Thumb Code     6  stm32f4xx_tim.o(.text)
    TIM_GetCapture4                          0x08008a27   Thumb Code     6  stm32f4xx_tim.o(.text)
    TIM_BDTRConfig                           0x08008a2d   Thumb Code    32  stm32f4xx_tim.o(.text)
    TIM_BDTRStructInit                       0x08008a4d   Thumb Code    18  stm32f4xx_tim.o(.text)
    TIM_CtrlPWMOutputs                       0x08008a5f   Thumb Code    30  stm32f4xx_tim.o(.text)
    TIM_SelectCOM                            0x08008a7d   Thumb Code    24  stm32f4xx_tim.o(.text)
    TIM_CCPreloadControl                     0x08008a95   Thumb Code    24  stm32f4xx_tim.o(.text)
    TIM_ITConfig                             0x08008aad   Thumb Code    18  stm32f4xx_tim.o(.text)
    TIM_GenerateEvent                        0x08008abf   Thumb Code     4  stm32f4xx_tim.o(.text)
    TIM_GetFlagStatus                        0x08008ac3   Thumb Code    18  stm32f4xx_tim.o(.text)
    TIM_ClearFlag                            0x08008ad5   Thumb Code     6  stm32f4xx_tim.o(.text)
    TIM_GetITStatus                          0x08008adb   Thumb Code    34  stm32f4xx_tim.o(.text)
    TIM_ClearITPendingBit                    0x08008afd   Thumb Code     6  stm32f4xx_tim.o(.text)
    TIM_DMAConfig                            0x08008b03   Thumb Code    10  stm32f4xx_tim.o(.text)
    TIM_DMACmd                               0x08008b0d   Thumb Code    18  stm32f4xx_tim.o(.text)
    TIM_SelectCCDMA                          0x08008b1f   Thumb Code    24  stm32f4xx_tim.o(.text)
    TIM_InternalClockConfig                  0x08008b37   Thumb Code    12  stm32f4xx_tim.o(.text)
    TIM_SelectInputTrigger                   0x08008b43   Thumb Code    18  stm32f4xx_tim.o(.text)
    TIM_ITRxExternalClockConfig              0x08008b55   Thumb Code    24  stm32f4xx_tim.o(.text)
    TIM_TIxExternalClockConfig               0x08008b6d   Thumb Code    62  stm32f4xx_tim.o(.text)
    TIM_ETRConfig                            0x08008bab   Thumb Code    28  stm32f4xx_tim.o(.text)
    TIM_ETRClockMode1Config                  0x08008bc7   Thumb Code    54  stm32f4xx_tim.o(.text)
    TIM_ETRClockMode2Config                  0x08008bfd   Thumb Code    32  stm32f4xx_tim.o(.text)
    TIM_SelectOutputTrigger                  0x08008c1d   Thumb Code    18  stm32f4xx_tim.o(.text)
    TIM_SelectSlaveMode                      0x08008c2f   Thumb Code    18  stm32f4xx_tim.o(.text)
    TIM_SelectMasterSlaveMode                0x08008c41   Thumb Code    18  stm32f4xx_tim.o(.text)
    TIM_EncoderInterfaceConfig               0x08008c53   Thumb Code    66  stm32f4xx_tim.o(.text)
    TIM_SelectHallSensor                     0x08008c95   Thumb Code    24  stm32f4xx_tim.o(.text)
    TIM_RemapConfig                          0x08008cad   Thumb Code     6  stm32f4xx_tim.o(.text)
    SPI_I2S_DeInit                           0x08008cb5   Thumb Code   152  stm32f4xx_spi.o(.text)
    SPI_Init                                 0x08008d4d   Thumb Code    60  stm32f4xx_spi.o(.text)
    I2S_Init                                 0x08008d89   Thumb Code   396  stm32f4xx_spi.o(.text)
    SPI_StructInit                           0x08008f15   Thumb Code    24  stm32f4xx_spi.o(.text)
    I2S_StructInit                           0x08008f2d   Thumb Code    20  stm32f4xx_spi.o(.text)
    SPI_Cmd                                  0x08008f41   Thumb Code    24  stm32f4xx_spi.o(.text)
    I2S_Cmd                                  0x08008f59   Thumb Code    24  stm32f4xx_spi.o(.text)
    SPI_DataSizeConfig                       0x08008f71   Thumb Code    18  stm32f4xx_spi.o(.text)
    SPI_BiDirectionalLineConfig              0x08008f83   Thumb Code    28  stm32f4xx_spi.o(.text)
    SPI_NSSInternalSoftwareConfig            0x08008f9f   Thumb Code    30  stm32f4xx_spi.o(.text)
    SPI_SSOutputCmd                          0x08008fbd   Thumb Code    24  stm32f4xx_spi.o(.text)
    SPI_TIModeCmd                            0x08008fd5   Thumb Code    24  stm32f4xx_spi.o(.text)
    I2S_FullDuplexConfig                     0x08008fed   Thumb Code    80  stm32f4xx_spi.o(.text)
    SPI_I2S_ReceiveData                      0x0800903d   Thumb Code     6  stm32f4xx_spi.o(.text)
    SPI_I2S_SendData                         0x08009043   Thumb Code     4  stm32f4xx_spi.o(.text)
    SPI_CalculateCRC                         0x08009047   Thumb Code    24  stm32f4xx_spi.o(.text)
    SPI_TransmitCRC                          0x0800905f   Thumb Code    10  stm32f4xx_spi.o(.text)
    SPI_GetCRC                               0x08009069   Thumb Code    16  stm32f4xx_spi.o(.text)
    SPI_GetCRCPolynomial                     0x08009079   Thumb Code     6  stm32f4xx_spi.o(.text)
    SPI_I2S_DMACmd                           0x0800907f   Thumb Code    18  stm32f4xx_spi.o(.text)
    SPI_I2S_ITConfig                         0x08009091   Thumb Code    68  stm32f4xx_spi.o(.text)
    SPI_I2S_GetFlagStatus                    0x080090d5   Thumb Code    18  stm32f4xx_spi.o(.text)
    SPI_I2S_ClearFlag                        0x080090e7   Thumb Code     6  stm32f4xx_spi.o(.text)
    SPI_I2S_GetITStatus                      0x080090ed   Thumb Code    52  stm32f4xx_spi.o(.text)
    SPI_I2S_ClearITPendingBit                0x08009121   Thumb Code    20  stm32f4xx_spi.o(.text)
    SDIO_DeInit                              0x08009135   Thumb Code    22  stm32f4xx_sdio.o(.text)
    SDIO_Init                                0x0800914b   Thumb Code    42  stm32f4xx_sdio.o(.text)
    SDIO_StructInit                          0x08009175   Thumb Code    16  stm32f4xx_sdio.o(.text)
    SDIO_ClockCmd                            0x08009185   Thumb Code     6  stm32f4xx_sdio.o(.text)
    SDIO_SetPowerState                       0x0800918b   Thumb Code     8  stm32f4xx_sdio.o(.text)
    SDIO_GetPowerState                       0x08009193   Thumb Code    12  stm32f4xx_sdio.o(.text)
    SDIO_SendCommand                         0x0800919f   Thumb Code    42  stm32f4xx_sdio.o(.text)
    SDIO_CmdStructInit                       0x080091c9   Thumb Code    14  stm32f4xx_sdio.o(.text)
    SDIO_GetCommandResponse                  0x080091d7   Thumb Code    10  stm32f4xx_sdio.o(.text)
    SDIO_GetResponse                         0x080091e1   Thumb Code    22  stm32f4xx_sdio.o(.text)
    SDIO_DataConfig                          0x080091f7   Thumb Code    48  stm32f4xx_sdio.o(.text)
    SDIO_DataStructInit                      0x08009227   Thumb Code    20  stm32f4xx_sdio.o(.text)
    SDIO_GetDataCounter                      0x0800923b   Thumb Code     8  stm32f4xx_sdio.o(.text)
    SDIO_ReadData                            0x08009243   Thumb Code     8  stm32f4xx_sdio.o(.text)
    SDIO_WriteData                           0x0800924b   Thumb Code     8  stm32f4xx_sdio.o(.text)
    SDIO_GetFIFOCount                        0x08009253   Thumb Code     8  stm32f4xx_sdio.o(.text)
    SDIO_StartSDIOReadWait                   0x0800925b   Thumb Code     6  stm32f4xx_sdio.o(.text)
    SDIO_StopSDIOReadWait                    0x08009261   Thumb Code     8  stm32f4xx_sdio.o(.text)
    SDIO_SetSDIOReadWaitMode                 0x08009269   Thumb Code     8  stm32f4xx_sdio.o(.text)
    SDIO_SetSDIOOperation                    0x08009271   Thumb Code     8  stm32f4xx_sdio.o(.text)
    SDIO_SendSDIOSuspendCmd                  0x08009279   Thumb Code     6  stm32f4xx_sdio.o(.text)
    SDIO_CommandCompletionCmd                0x0800927f   Thumb Code     8  stm32f4xx_sdio.o(.text)
    SDIO_CEATAITCmd                          0x08009287   Thumb Code    12  stm32f4xx_sdio.o(.text)
    SDIO_SendCEATACmd                        0x08009293   Thumb Code     8  stm32f4xx_sdio.o(.text)
    SDIO_DMACmd                              0x0800929b   Thumb Code     8  stm32f4xx_sdio.o(.text)
    SDIO_ITConfig                            0x080092a3   Thumb Code    34  stm32f4xx_sdio.o(.text)
    SDIO_GetFlagStatus                       0x080092c5   Thumb Code    22  stm32f4xx_sdio.o(.text)
    SDIO_ClearFlag                           0x080092db   Thumb Code     8  stm32f4xx_sdio.o(.text)
    SDIO_GetITStatus                         0x080092e3   Thumb Code    22  stm32f4xx_sdio.o(.text)
    SDIO_ClearITPendingBit                   0x080092f9   Thumb Code     8  stm32f4xx_sdio.o(.text)
    DMA_DeInit                               0x08009311   Thumb Code   324  stm32f4xx_dma.o(.text)
    DMA_Init                                 0x08009455   Thumb Code    82  stm32f4xx_dma.o(.text)
    DMA_StructInit                           0x080094a7   Thumb Code    34  stm32f4xx_dma.o(.text)
    DMA_Cmd                                  0x080094c9   Thumb Code    22  stm32f4xx_dma.o(.text)
    DMA_PeriphIncOffsetSizeConfig            0x080094df   Thumb Code    22  stm32f4xx_dma.o(.text)
    DMA_FlowControllerConfig                 0x080094f5   Thumb Code    22  stm32f4xx_dma.o(.text)
    DMA_SetCurrDataCounter                   0x0800950b   Thumb Code     4  stm32f4xx_dma.o(.text)
    DMA_GetCurrDataCounter                   0x0800950f   Thumb Code     8  stm32f4xx_dma.o(.text)
    DMA_DoubleBufferModeConfig               0x08009517   Thumb Code    24  stm32f4xx_dma.o(.text)
    DMA_DoubleBufferModeCmd                  0x0800952f   Thumb Code    22  stm32f4xx_dma.o(.text)
    DMA_MemoryTargetConfig                   0x08009545   Thumb Code    10  stm32f4xx_dma.o(.text)
    DMA_GetCurrentMemoryTarget               0x0800954f   Thumb Code    20  stm32f4xx_dma.o(.text)
    DMA_GetCmdStatus                         0x08009563   Thumb Code    20  stm32f4xx_dma.o(.text)
    DMA_GetFIFOStatus                        0x08009577   Thumb Code    12  stm32f4xx_dma.o(.text)
    DMA_GetFlagStatus                        0x08009583   Thumb Code    56  stm32f4xx_dma.o(.text)
    DMA_ClearFlag                            0x080095bb   Thumb Code    40  stm32f4xx_dma.o(.text)
    DMA_ITConfig                             0x080095e3   Thumb Code    58  stm32f4xx_dma.o(.text)
    DMA_GetITStatus                          0x0800961d   Thumb Code    84  stm32f4xx_dma.o(.text)
    DMA_ClearITPendingBit                    0x08009671   Thumb Code    40  stm32f4xx_dma.o(.text)
    mymemcpy                                 0x080096b9   Thumb Code    26  malloc.o(.text)
    mymemset                                 0x080096d3   Thumb Code    20  malloc.o(.text)
    my_mem_init                              0x080096e7   Thumb Code    54  malloc.o(.text)
    my_mem_perused                           0x0800971d   Thumb Code    54  malloc.o(.text)
    my_mem_malloc                            0x08009753   Thumb Code   154  malloc.o(.text)
    my_mem_free                              0x080097ed   Thumb Code    94  malloc.o(.text)
    myfree                                   0x0800984b   Thumb Code    32  malloc.o(.text)
    mymalloc                                 0x0800986b   Thumb Code    36  malloc.o(.text)
    myrealloc                                0x0800988f   Thumb Code    68  malloc.o(.text)
    usmart_sys_cmd_exe                       0x080098e5   Thumb Code  1554  usmart.o(.text)
    usmart_reset_runtime                     0x08009ef7   Thumb Code    38  usmart.o(.text)
    usmart_get_runtime                       0x08009f1d   Thumb Code    60  usmart.o(.text)
    TIM4_IRQHandler                          0x08009f59   Thumb Code    46  usmart.o(.text)
    Timer4_Init                              0x08009f87   Thumb Code    86  usmart.o(.text)
    usmart_init                              0x08009fdd   Thumb Code    36  usmart.o(.text)
    usmart_cmd_rec                           0x0800a001   Thumb Code   170  usmart.o(.text)
    usmart_exe                               0x0800a0ab   Thumb Code   868  usmart.o(.text)
    usmart_scan                              0x0800a40f   Thumb Code   120  usmart.o(.text)
    read_addr                                0x0800a487   Thumb Code     6  usmart.o(.text)
    write_addr                               0x0800a48d   Thumb Code     4  usmart.o(.text)
    usmart_strcmp                            0x0800a519   Thumb Code    34  usmart_str.o(.text)
    usmart_strcopy                           0x0800a53b   Thumb Code    22  usmart_str.o(.text)
    usmart_strlen                            0x0800a551   Thumb Code    24  usmart_str.o(.text)
    usmart_pow                               0x0800a569   Thumb Code    22  usmart_str.o(.text)
    usmart_str2num                           0x0800a57f   Thumb Code   202  usmart_str.o(.text)
    usmart_get_cmdname                       0x0800a649   Thumb Code    54  usmart_str.o(.text)
    usmart_search_nextc                      0x0800a67f   Thumb Code    22  usmart_str.o(.text)
    usmart_get_fname                         0x0800a695   Thumb Code   440  usmart_str.o(.text)
    usmart_get_aparm                         0x0800a84d   Thumb Code   200  usmart_str.o(.text)
    usmart_get_parmpos                       0x0800a915   Thumb Code    26  usmart_str.o(.text)
    usmart_get_fparam                        0x0800a92f   Thumb Code   262  usmart_str.o(.text)
    disk_initialize                          0x0800aa41   Thumb Code    52  diskio.o(.text)
    disk_status                              0x0800aa75   Thumb Code     6  diskio.o(.text)
    disk_read                                0x0800aa7b   Thumb Code   122  diskio.o(.text)
    disk_write                               0x0800aaf5   Thumb Code   122  diskio.o(.text)
    disk_ioctl                               0x0800ab6f   Thumb Code   170  diskio.o(.text)
    get_fattime                              0x0800ac19   Thumb Code     4  diskio.o(.text)
    ff_memalloc                              0x0800ac1d   Thumb Code    14  diskio.o(.text)
    ff_memfree                               0x0800ac2b   Thumb Code    14  diskio.o(.text)
    clust2sect                               0x0800adef   Thumb Code    26  ff.o(.text)
    get_fat                                  0x0800ae09   Thumb Code   232  ff.o(.text)
    put_fat                                  0x0800aef1   Thumb Code   310  ff.o(.text)
    dir_sdi                                  0x0800b19b   Thumb Code   158  ff.o(.text)
    f_mount                                  0x0800c20d   Thumb Code    86  ff.o(.text)
    f_open                                   0x0800c263   Thumb Code   384  ff.o(.text)
    f_read                                   0x0800c3e3   Thumb Code   448  ff.o(.text)
    f_write                                  0x0800c5a3   Thumb Code   490  ff.o(.text)
    f_sync                                   0x0800c78d   Thumb Code   176  ff.o(.text)
    f_close                                  0x0800c83d   Thumb Code    36  ff.o(.text)
    f_lseek                                  0x0800c861   Thumb Code   654  ff.o(.text)
    f_opendir                                0x0800caef   Thumb Code   136  ff.o(.text)
    f_closedir                               0x0800cb77   Thumb Code    22  ff.o(.text)
    f_readdir                                0x0800cb8d   Thumb Code   114  ff.o(.text)
    f_stat                                   0x0800cbff   Thumb Code    84  ff.o(.text)
    f_getfree                                0x0800cc53   Thumb Code   258  ff.o(.text)
    f_truncate                               0x0800cd55   Thumb Code   184  ff.o(.text)
    f_unlink                                 0x0800ce0d   Thumb Code   194  ff.o(.text)
    f_mkdir                                  0x0800cecf   Thumb Code   380  ff.o(.text)
    f_chmod                                  0x0800d04b   Thumb Code   112  ff.o(.text)
    f_utime                                  0x0800d0bb   Thumb Code   110  ff.o(.text)
    f_rename                                 0x0800d129   Thumb Code   314  ff.o(.text)
    f_getlabel                               0x0800d263   Thumb Code   190  ff.o(.text)
    f_setlabel                               0x0800d321   Thumb Code   470  ff.o(.text)
    f_mkfs                                   0x0800d4f7   Thumb Code  1570  ff.o(.text)
    f_gets                                   0x0800db19   Thumb Code    82  ff.o(.text)
    f_putc                                   0x0800dbaf   Thumb Code    64  ff.o(.text)
    f_puts                                   0x0800dbef   Thumb Code    74  ff.o(.text)
    f_printf                                 0x0800dc39   Thumb Code   674  ff.o(.text)
    exfuns_init                              0x0800dedd   Thumb Code   114  exfuns.o(.text)
    char_upper                               0x0800df4f   Thumb Code    26  exfuns.o(.text)
    f_typetell                               0x0800df69   Thumb Code   172  exfuns.o(.text)
    exf_getfree                              0x0800e015   Thumb Code    74  exfuns.o(.text)
    ff_convert                               0x0800e075   Thumb Code   146  mycc936.o(.text)
    ff_wtoupper                              0x0800e107   Thumb Code    46  mycc936.o(.text)
    fupd_prog                                0x0800e141   Thumb Code   148  fontupd.o(.text)
    updata_fontx                             0x0800e1d5   Thumb Code   346  fontupd.o(.text)
    update_font                              0x0800e32f   Thumb Code   884  fontupd.o(.text)
    font_init                                0x0800e6a3   Thumb Code    64  fontupd.o(.text)
    Get_HzMat                                0x0800e721   Thumb Code   220  text.o(.text)
    Show_Font                                0x0800e7fd   Thumb Code   190  text.o(.text)
    Show_Str                                 0x0800e8bb   Thumb Code   192  text.o(.text)
    Show_Str_Mid                             0x0800e97b   Thumb Code   106  text.o(.text)
    wav_decode_init                          0x0800e9f5   Thumb Code   314  wavplay.o(.text)
    wav_buffill                              0x0800eb2f   Thumb Code   156  wavplay.o(.text)
    wav_i2s_dma_tx_callback                  0x0800ebcb   Thumb Code    96  wavplay.o(.text)
    wav_get_curtime                          0x0800ec2b   Thumb Code    74  wavplay.o(.text)
    wav_play_song                            0x0800ec75   Thumb Code   790  wavplay.o(.text)
    audio_start                              0x0800ef95   Thumb Code    14  audioplay.o(.text)
    audio_stop                               0x0800efa3   Thumb Code    14  audioplay.o(.text)
    audio_get_tnum                           0x0800efb1   Thumb Code   116  audioplay.o(.text)
    audio_index_show                         0x0800f025   Thumb Code    64  audioplay.o(.text)
    audio_msg_show                           0x0800f065   Thumb Code   242  audioplay.o(.text)
    audio_play_song                          0x0800f157   Thumb Code    44  audioplay.o(.text)
    audio_play                               0x0800f183   Thumb Code   682  audioplay.o(.text)
    rec_i2s_dma_rx_callback                  0x0800f42d   Thumb Code    96  recorder.o(.text)
    recoder_remindmsg_show                   0x0800f48d   Thumb Code   158  recorder.o(.text)
    recoder_enter_rec_mode                   0x0800f52b   Thumb Code   138  recorder.o(.text)
    recoder_enter_play_mode                  0x0800f5b5   Thumb Code    50  recorder.o(.text)
    recoder_wav_init                         0x0800f5e7   Thumb Code    66  recorder.o(.text)
    recoder_msg_show                         0x0800f629   Thumb Code   148  recorder.o(.text)
    recoder_new_pathname                     0x0800f6bd   Thumb Code    54  recorder.o(.text)
    wav_recorder                             0x0800f6f3   Thumb Code  1046  recorder.o(.text)
    __use_no_semihosting                     0x0800fb39   Thumb Code     2  use_no_semi_2.o(.text)
    __aeabi_ldivmod                          0x0800fb3b   Thumb Code     0  llsdiv.o(.text)
    _ll_sdiv                                 0x0800fb3b   Thumb Code    72  llsdiv.o(.text)
    __2printf                                0x0800fb85   Thumb Code    20  noretval__2printf.o(.text)
    __2sprintf                               0x0800fb9d   Thumb Code    34  noretval__2sprintf.o(.text)
    _printf_pre_padding                      0x0800fbc5   Thumb Code    44  _printf_pad.o(.text)
    _printf_post_padding                     0x0800fbf1   Thumb Code    34  _printf_pad.o(.text)
    _printf_str                              0x0800fc13   Thumb Code    82  _printf_str.o(.text)
    _printf_int_dec                          0x0800fc65   Thumb Code   104  _printf_dec.o(.text)
    _printf_int_hex                          0x0800fcdd   Thumb Code    84  _printf_hex_int.o(.text)
    _printf_longlong_hex                     0x0800fcdd   Thumb Code     0  _printf_hex_int.o(.text)
    __printf                                 0x0800fd35   Thumb Code   388  __printf_flags_ss_wp.o(.text)
    strcpy                                   0x0800febd   Thumb Code    72  strcpy.o(.text)
    strlen                                   0x0800ff05   Thumb Code    62  strlen.o(.text)
    strcat                                   0x0800ff43   Thumb Code    24  strcat.o(.text)
    __aeabi_memcpy                           0x0800ff5b   Thumb Code     0  rt_memcpy_v6.o(.text)
    __rt_memcpy                              0x0800ff5b   Thumb Code   138  rt_memcpy_v6.o(.text)
    _memcpy_lastbytes                        0x0800ffc1   Thumb Code     0  rt_memcpy_v6.o(.text)
    strcmp                                   0x0800ffe5   Thumb Code   128  strcmpv7m.o(.text)
    __use_two_region_memory                  0x08010065   Thumb Code     2  heapauxi.o(.text)
    __rt_heap_escrow$2region                 0x08010067   Thumb Code     2  heapauxi.o(.text)
    __rt_heap_expand$2region                 0x08010069   Thumb Code     2  heapauxi.o(.text)
    __I$use$semihosting                      0x0801006b   Thumb Code     0  use_no_semi.o(.text)
    __use_no_semihosting_swi                 0x0801006b   Thumb Code     2  use_no_semi.o(.text)
    __aeabi_uldivmod                         0x0801006d   Thumb Code     0  lludivv7m.o(.text)
    _ll_udiv                                 0x0801006d   Thumb Code   238  lludivv7m.o(.text)
    _printf_int_common                       0x0801015b   Thumb Code   178  _printf_intcommon.o(.text)
    _printf_char_common                      0x08010217   Thumb Code    32  _printf_char_common.o(.text)
    _sputc                                   0x0801023d   Thumb Code    10  _sputc.o(.text)
    _printf_cs_common                        0x08010247   Thumb Code    20  _printf_char.o(.text)
    _printf_char                             0x0801025b   Thumb Code    16  _printf_char.o(.text)
    _printf_string                           0x0801026b   Thumb Code     8  _printf_char.o(.text)
    _printf_char_file                        0x08010275   Thumb Code    32  _printf_char_file.o(.text)
    __aeabi_memcpy4                          0x08010299   Thumb Code     0  rt_memcpy_w.o(.text)
    __aeabi_memcpy8                          0x08010299   Thumb Code     0  rt_memcpy_w.o(.text)
    __rt_memcpy_w                            0x08010299   Thumb Code   100  rt_memcpy_w.o(.text)
    _memcpy_lastbytes_aligned                0x080102e1   Thumb Code     0  rt_memcpy_w.o(.text)
    ferror                                   0x080102fd   Thumb Code     8  ferror.o(.text)
    __user_setup_stackheap                   0x08010305   Thumb Code    74  sys_stackheap_outer.o(.text)
    exit                                     0x0801034f   Thumb Code    18  exit.o(.text)
    __user_libspace                          0x08010361   Thumb Code     8  libspace.o(.text)
    __user_perproc_libspace                  0x08010361   Thumb Code     0  libspace.o(.text)
    __user_perthread_libspace                0x08010361   Thumb Code     0  libspace.o(.text)
    _is_digit                                0x08010369   Thumb Code    14  __printf_wp.o(i._is_digit)
    __aeabi_d2uiz                            0x08010379   Thumb Code     0  dfixu.o(x$fpl$dfixu)
    _dfixu                                   0x08010379   Thumb Code    90  dfixu.o(x$fpl$dfixu)
    __aeabi_ui2d                             0x080103d3   Thumb Code     0  dflt_clz.o(x$fpl$dfltu)
    _dfltu                                   0x080103d3   Thumb Code    38  dflt_clz.o(x$fpl$dfltu)
    __aeabi_dmul                             0x080103f9   Thumb Code     0  dmul.o(x$fpl$dmul)
    _dmul                                    0x080103f9   Thumb Code   332  dmul.o(x$fpl$dmul)
    __fpl_dnaninf                            0x0801054d   Thumb Code   156  dnaninf.o(x$fpl$dnaninf)
    __fpl_dretinf                            0x080105e9   Thumb Code    12  dretinf.o(x$fpl$dretinf)
    _fp_init                                 0x080105f5   Thumb Code    10  fpinit.o(x$fpl$fpinit)
    __fplib_config_fpu_vfp                   0x080105fd   Thumb Code     0  fpinit.o(x$fpl$fpinit)
    __fplib_config_pureend_doubles           0x080105fd   Thumb Code     0  fpinit.o(x$fpl$fpinit)
    __I$use$fp                               0x080105fe   Number         0  usenofp.o(x$fpl$usenofp)
    asc2_1206                                0x080105fe   Data        1140  lcd.o(.constdata)
    asc2_1608                                0x08010a72   Data        1520  lcd.o(.constdata)
    asc2_2412                                0x08011062   Data        3420  lcd.o(.constdata)
    I2S_PSC_TBL                              0x08011dbe   Data         110  i2s.o(.constdata)
    FSMC_DefaultTimingStruct                 0x08011e2c   Data          28  stm32f4xx_fsmc.o(.constdata)
    memtblsize                               0x08011e48   Data          12  malloc.o(.constdata)
    memblksize                               0x08011e54   Data          12  malloc.o(.constdata)
    memsize                                  0x08011e60   Data          12  malloc.o(.constdata)
    FILE_TYPE_TBL                            0x08011ea8   Data         112  exfuns.o(.constdata)
    GBK24_PATH                               0x080122d8   Data           4  fontupd.o(.constdata)
    GBK16_PATH                               0x080122dc   Data           4  fontupd.o(.constdata)
    GBK12_PATH                               0x080122e0   Data           4  fontupd.o(.constdata)
    UNIGBK_PATH                              0x080122e4   Data           4  fontupd.o(.constdata)
    i2splaybuf                               0x080122e8   Data           4  recorder.o(.constdata)
    Region$$Table$$Base                      0x080125f0   Number         0  anon$$obj.o(Region$$Table)
    Region$$Table$$Limit                     0x08012610   Number         0  anon$$obj.o(Region$$Table)
    mem3base                                 0x10000000   Data       61440  malloc.o(.ARM.__AT_0x10000000)
    mem3mapbase                              0x1000f000   Data        3840  malloc.o(.ARM.__AT_0x1000F000)
    SystemCoreClock                          0x20000000   Data           4  system_stm32f4xx.o(.data)
    AHBPrescTable                            0x20000004   Data          16  system_stm32f4xx.o(.data)
    POINT_COLOR                              0x20000014   Data           2  lcd.o(.data)
    BACK_COLOR                               0x20000016   Data           2  lcd.o(.data)
    W25QXX_TYPE                              0x2000001a   Data           2  w25qxx.o(.data)
    TransferError                            0x20000026   Data           1  sdio_sdcard.o(.data)
    TransferEnd                              0x20000027   Data           1  sdio_sdcard.o(.data)
    tempbuff                                 0x20000028   Data           4  sdio_sdcard.o(.data)
    i2s_tx_callback                          0x2000002c   Data           4  i2s.o(.data)
    i2s_rx_callback                          0x20000030   Data           4  i2s.o(.data)
    __stdout                                 0x200000ac   Data           4  usart.o(.data)
    USART_RX_STA                             0x200000b0   Data           2  usart.o(.data)
    mallco_dev                               0x200000c4   Data          36  malloc.o(.data)
    sys_cmd_tab                              0x200000e8   Data          28  usmart.o(.data)
    usmart_nametab                           0x20000104   Data         120  usmart_config.o(.data)
    usmart_dev                               0x2000017c   Data         244  usmart_config.o(.data)
    FLASH_SECTOR_COUNT                       0x20000270   Data           2  diskio.o(.data)
    file                                     0x20000274   Data           4  exfuns.o(.data)
    ftemp                                    0x20000278   Data           4  exfuns.o(.data)
    br                                       0x2000027c   Data           4  exfuns.o(.data)
    bw                                       0x20000280   Data           4  exfuns.o(.data)
    fatbuf                                   0x20000284   Data           4  exfuns.o(.data)
    wavtransferend                           0x20000288   Data           1  wavplay.o(.data)
    wavwitchbuf                              0x20000289   Data           1  wavplay.o(.data)
    i2srecbuf1                               0x2000028c   Data           4  recorder.o(.data)
    i2srecbuf2                               0x20000290   Data           4  recorder.o(.data)
    f_rec                                    0x20000294   Data           4  recorder.o(.data)
    wavsize                                  0x20000298   Data           4  recorder.o(.data)
    rec_sta                                  0x2000029c   Data           1  recorder.o(.data)
    lcddev                                   0x200002a0   Data          14  lcd.o(.bss)
    W25QXX_BUFFER                            0x200002ae   Data        4096  w25qxx.o(.bss)
    SDIO_InitStructure                       0x200012b0   Data          24  sdio_sdcard.o(.bss)
    SDIO_CmdInitStructure                    0x200012c8   Data          20  sdio_sdcard.o(.bss)
    SDIO_DataInitStructure                   0x200012dc   Data          24  sdio_sdcard.o(.bss)
    SDCardInfo                               0x20001318   Data          88  sdio_sdcard.o(.bss)
    SDIO_DATA_BUFFER                         0x20001370   Data         512  sdio_sdcard.o(.bss)
    USART_RX_BUF                             0x20001570   Data         200  usart.o(.bss)
    mem1base                                 0x20001640   Data       102400  malloc.o(.bss)
    mem1mapbase                              0x2001a640   Data        6400  malloc.o(.bss)
    fs                                       0x2001bf4c   Data          12  exfuns.o(.bss)
    fileinfo                                 0x2001bf58   Data          32  exfuns.o(.bss)
    dir                                      0x2001bf78   Data          36  exfuns.o(.bss)
    ftinfo                                   0x2001bf9c   Data          33  fontupd.o(.bss)
    wavctrl                                  0x2001bfbd   Data          32  wavplay.o(.bss)
    audiodev                                 0x2001bfdd   Data          17  audioplay.o(.bss)
    __libspace_start                         0x2001bff0   Data          96  libspace.o(.bss)
    __temporary_stack_top$libspace           0x2001c050   Data           0  libspace.o(.bss)
    mem2base                                 0x68000000   Data       983040  malloc.o(.ARM.__AT_0x68000000)
    mem2mapbase                              0x680f0000   Data       61440  malloc.o(.ARM.__AT_0x680F0000)



==============================================================================

Memory Map of the image

  Image Entry point : 0x08000189

  Load Region LR_IROM1 (Base: 0x08000000, Size: 0x000128b0, Max: 0x00100000, ABSOLUTE, COMPRESSED[0x00012710])

    Execution Region ER_IROM1 (Exec base: 0x08000000, Load base: 0x08000000, Size: 0x00012610, Max: 0x00100000, ABSOLUTE)

    Exec Addr    Load Addr    Size         Type   Attr      Idx    E Section Name        Object

    0x08000000   0x08000000   0x00000188   Data   RO          613    RESET               startup_stm32f40_41xxx.o
    0x08000188   0x08000188   0x00000008   Code   RO         1268  * !!!main             c_w.l(__main.o)
    0x08000190   0x08000190   0x00000034   Code   RO         1475    !!!scatter          c_w.l(__scatter.o)
    0x080001c4   0x080001c4   0x0000005a   Code   RO         1473    !!dczerorl2         c_w.l(__dczerorl2.o)
    0x0800021e   0x0800021e   0x00000002   PAD
    0x08000220   0x08000220   0x0000001c   Code   RO         1477    !!handler_zi        c_w.l(__scatter_zi.o)
    0x0800023c   0x0800023c   0x00000000   Code   RO         1255    .ARM.Collect$$_printf_percent$$00000000  c_w.l(_printf_percent.o)
    0x0800023c   0x0800023c   0x00000006   Code   RO         1253    .ARM.Collect$$_printf_percent$$00000009  c_w.l(_printf_d.o)
    0x08000242   0x08000242   0x00000006   Code   RO         1254    .ARM.Collect$$_printf_percent$$0000000A  c_w.l(_printf_u.o)
    0x08000248   0x08000248   0x00000006   Code   RO         1252    .ARM.Collect$$_printf_percent$$0000000C  c_w.l(_printf_x.o)
    0x0800024e   0x0800024e   0x00000006   Code   RO         1250    .ARM.Collect$$_printf_percent$$00000013  c_w.l(_printf_c.o)
    0x08000254   0x08000254   0x00000006   Code   RO         1251    .ARM.Collect$$_printf_percent$$00000014  c_w.l(_printf_s.o)
    0x0800025a   0x0800025a   0x00000004   Code   RO         1297    .ARM.Collect$$_printf_percent$$00000017  c_w.l(_printf_percent_end.o)
    0x0800025e   0x0800025e   0x00000002   Code   RO         1341    .ARM.Collect$$libinit$$00000000  c_w.l(libinit.o)
    0x08000260   0x08000260   0x00000004   Code   RO         1351    .ARM.Collect$$libinit$$00000001  c_w.l(libinit2.o)
    0x08000264   0x08000264   0x00000000   Code   RO         1354    .ARM.Collect$$libinit$$00000004  c_w.l(libinit2.o)
    0x08000264   0x08000264   0x00000000   Code   RO         1357    .ARM.Collect$$libinit$$0000000A  c_w.l(libinit2.o)
    0x08000264   0x08000264   0x00000000   Code   RO         1359    .ARM.Collect$$libinit$$0000000C  c_w.l(libinit2.o)
    0x08000264   0x08000264   0x00000000   Code   RO         1361    .ARM.Collect$$libinit$$0000000E  c_w.l(libinit2.o)
    0x08000264   0x08000264   0x00000000   Code   RO         1364    .ARM.Collect$$libinit$$00000011  c_w.l(libinit2.o)
    0x08000264   0x08000264   0x00000000   Code   RO         1366    .ARM.Collect$$libinit$$00000013  c_w.l(libinit2.o)
    0x08000264   0x08000264   0x00000000   Code   RO         1368    .ARM.Collect$$libinit$$00000015  c_w.l(libinit2.o)
    0x08000264   0x08000264   0x00000000   Code   RO         1370    .ARM.Collect$$libinit$$00000017  c_w.l(libinit2.o)
    0x08000264   0x08000264   0x00000000   Code   RO         1372    .ARM.Collect$$libinit$$00000019  c_w.l(libinit2.o)
    0x08000264   0x08000264   0x00000000   Code   RO         1374    .ARM.Collect$$libinit$$0000001B  c_w.l(libinit2.o)
    0x08000264   0x08000264   0x00000000   Code   RO         1376    .ARM.Collect$$libinit$$0000001D  c_w.l(libinit2.o)
    0x08000264   0x08000264   0x00000000   Code   RO         1378    .ARM.Collect$$libinit$$0000001F  c_w.l(libinit2.o)
    0x08000264   0x08000264   0x00000000   Code   RO         1380    .ARM.Collect$$libinit$$00000021  c_w.l(libinit2.o)
    0x08000264   0x08000264   0x00000000   Code   RO         1382    .ARM.Collect$$libinit$$00000023  c_w.l(libinit2.o)
    0x08000264   0x08000264   0x00000000   Code   RO         1384    .ARM.Collect$$libinit$$00000025  c_w.l(libinit2.o)
    0x08000264   0x08000264   0x00000000   Code   RO         1388    .ARM.Collect$$libinit$$0000002C  c_w.l(libinit2.o)
    0x08000264   0x08000264   0x00000000   Code   RO         1390    .ARM.Collect$$libinit$$0000002E  c_w.l(libinit2.o)
    0x08000264   0x08000264   0x00000000   Code   RO         1392    .ARM.Collect$$libinit$$00000030  c_w.l(libinit2.o)
    0x08000264   0x08000264   0x00000000   Code   RO         1394    .ARM.Collect$$libinit$$00000032  c_w.l(libinit2.o)
    0x08000264   0x08000264   0x00000002   Code   RO         1395    .ARM.Collect$$libinit$$00000033  c_w.l(libinit2.o)
    0x08000266   0x08000266   0x00000002   Code   RO         1423    .ARM.Collect$$libshutdown$$00000000  c_w.l(libshutdown.o)
    0x08000268   0x08000268   0x00000000   Code   RO         1437    .ARM.Collect$$libshutdown$$00000002  c_w.l(libshutdown2.o)
    0x08000268   0x08000268   0x00000000   Code   RO         1439    .ARM.Collect$$libshutdown$$00000004  c_w.l(libshutdown2.o)
    0x08000268   0x08000268   0x00000000   Code   RO         1441    .ARM.Collect$$libshutdown$$00000006  c_w.l(libshutdown2.o)
    0x08000268   0x08000268   0x00000000   Code   RO         1444    .ARM.Collect$$libshutdown$$00000009  c_w.l(libshutdown2.o)
    0x08000268   0x08000268   0x00000000   Code   RO         1447    .ARM.Collect$$libshutdown$$0000000C  c_w.l(libshutdown2.o)
    0x08000268   0x08000268   0x00000000   Code   RO         1449    .ARM.Collect$$libshutdown$$0000000E  c_w.l(libshutdown2.o)
    0x08000268   0x08000268   0x00000000   Code   RO         1452    .ARM.Collect$$libshutdown$$00000011  c_w.l(libshutdown2.o)
    0x08000268   0x08000268   0x00000002   Code   RO         1453    .ARM.Collect$$libshutdown$$00000012  c_w.l(libshutdown2.o)
    0x0800026a   0x0800026a   0x00000000   Code   RO         1284    .ARM.Collect$$rtentry$$00000000  c_w.l(__rtentry.o)
    0x0800026a   0x0800026a   0x00000000   Code   RO         1306    .ARM.Collect$$rtentry$$00000002  c_w.l(__rtentry2.o)
    0x0800026a   0x0800026a   0x00000006   Code   RO         1318    .ARM.Collect$$rtentry$$00000004  c_w.l(__rtentry4.o)
    0x08000270   0x08000270   0x00000000   Code   RO         1308    .ARM.Collect$$rtentry$$00000009  c_w.l(__rtentry2.o)
    0x08000270   0x08000270   0x00000004   Code   RO         1309    .ARM.Collect$$rtentry$$0000000A  c_w.l(__rtentry2.o)
    0x08000274   0x08000274   0x00000000   Code   RO         1311    .ARM.Collect$$rtentry$$0000000C  c_w.l(__rtentry2.o)
    0x08000274   0x08000274   0x00000008   Code   RO         1312    .ARM.Collect$$rtentry$$0000000D  c_w.l(__rtentry2.o)
    0x0800027c   0x0800027c   0x00000002   Code   RO         1345    .ARM.Collect$$rtexit$$00000000  c_w.l(rtexit.o)
    0x0800027e   0x0800027e   0x00000000   Code   RO         1397    .ARM.Collect$$rtexit$$00000002  c_w.l(rtexit2.o)
    0x0800027e   0x0800027e   0x00000004   Code   RO         1398    .ARM.Collect$$rtexit$$00000003  c_w.l(rtexit2.o)
    0x08000282   0x08000282   0x00000006   Code   RO         1399    .ARM.Collect$$rtexit$$00000004  c_w.l(rtexit2.o)
    0x08000288   0x08000288   0x00000010   Code   RO          564    .emb_text           sys.o
    0x08000298   0x08000298   0x00000178   Code   RO            3    .text               main.o
    0x08000410   0x08000410   0x0000001a   Code   RO          209    .text               stm32f4xx_it.o
    0x0800042a   0x0800042a   0x00000002   PAD
    0x0800042c   0x0800042c   0x00000210   Code   RO          258    .text               system_stm32f4xx.o
    0x0800063c   0x0800063c   0x00000040   Code   RO          284    .text               led.o
    0x0800067c   0x0800067c   0x00003664   Code   RO          304    .text               lcd.o
    0x08003ce0   0x08003ce0   0x00000104   Code   RO          342    .text               key.o
    0x08003de4   0x08003de4   0x00000118   Code   RO          363    .text               spi.o
    0x08003efc   0x08003efc   0x00000388   Code   RO          386    .text               w25qxx.o
    0x08004284   0x08004284   0x00001d5c   Code   RO          413    .text               sdio_sdcard.o
    0x08005fe0   0x08005fe0   0x0000025c   Code   RO          447    .text               myiic.o
    0x0800623c   0x0800623c   0x00000338   Code   RO          493    .text               i2s.o
    0x08006574   0x08006574   0x00000424   Code   RO          520    .text               wm8978.o
    0x08006998   0x08006998   0x00000104   Code   RO          542    .text               delay.o
    0x08006a9c   0x08006a9c   0x00000148   Code   RO          582    .text               usart.o
    0x08006be4   0x08006be4   0x00000040   Code   RO          614    .text               startup_stm32f40_41xxx.o
    0x08006c24   0x08006c24   0x000000e0   Code   RO          620    .text               misc.o
    0x08006d04   0x08006d04   0x00000294   Code   RO          640    .text               stm32f4xx_gpio.o
    0x08006f98   0x08006f98   0x000005c8   Code   RO          660    .text               stm32f4xx_fsmc.o
    0x08007560   0x08007560   0x0000065c   Code   RO          683    .text               stm32f4xx_rcc.o
    0x08007bbc   0x08007bbc   0x00000454   Code   RO          705    .text               stm32f4xx_usart.o
    0x08008010   0x08008010   0x00000ca2   Code   RO          725    .text               stm32f4xx_tim.o
    0x08008cb2   0x08008cb2   0x00000002   PAD
    0x08008cb4   0x08008cb4   0x00000480   Code   RO          765    .text               stm32f4xx_spi.o
    0x08009134   0x08009134   0x000001dc   Code   RO          785    .text               stm32f4xx_sdio.o
    0x08009310   0x08009310   0x000003a8   Code   RO          805    .text               stm32f4xx_dma.o
    0x080096b8   0x080096b8   0x0000022c   Code   RO          825    .text               malloc.o
    0x080098e4   0x080098e4   0x00000c34   Code   RO          857    .text               usmart.o
    0x0800a518   0x0800a518   0x00000528   Code   RO          902    .text               usmart_str.o
    0x0800aa40   0x0800aa40   0x00000200   Code   RO          922    .text               diskio.o
    0x0800ac40   0x0800ac40   0x0000329a   Code   RO          946    .text               ff.o
    0x0800deda   0x0800deda   0x00000002   PAD
    0x0800dedc   0x0800dedc   0x00000198   Code   RO          970    .text               exfuns.o
    0x0800e074   0x0800e074   0x000000cc   Code   RO         1029    .text               mycc936.o
    0x0800e140   0x0800e140   0x000005e0   Code   RO         1050    .text               fontupd.o
    0x0800e720   0x0800e720   0x000002d4   Code   RO         1082    .text               text.o
    0x0800e9f4   0x0800e9f4   0x000005a0   Code   RO         1102    .text               wavplay.o
    0x0800ef94   0x0800ef94   0x00000498   Code   RO         1134    .text               audioplay.o
    0x0800f42c   0x0800f42c   0x0000070c   Code   RO         1165    .text               recorder.o
    0x0800fb38   0x0800fb38   0x00000002   Code   RO         1189    .text               c_w.l(use_no_semi_2.o)
    0x0800fb3a   0x0800fb3a   0x00000048   Code   RO         1191    .text               c_w.l(llsdiv.o)
    0x0800fb82   0x0800fb82   0x00000002   PAD
    0x0800fb84   0x0800fb84   0x00000018   Code   RO         1197    .text               c_w.l(noretval__2printf.o)
    0x0800fb9c   0x0800fb9c   0x00000028   Code   RO         1199    .text               c_w.l(noretval__2sprintf.o)
    0x0800fbc4   0x0800fbc4   0x0000004e   Code   RO         1203    .text               c_w.l(_printf_pad.o)
    0x0800fc12   0x0800fc12   0x00000052   Code   RO         1205    .text               c_w.l(_printf_str.o)
    0x0800fc64   0x0800fc64   0x00000078   Code   RO         1207    .text               c_w.l(_printf_dec.o)
    0x0800fcdc   0x0800fcdc   0x00000058   Code   RO         1212    .text               c_w.l(_printf_hex_int.o)
    0x0800fd34   0x0800fd34   0x00000188   Code   RO         1247    .text               c_w.l(__printf_flags_ss_wp.o)
    0x0800febc   0x0800febc   0x00000048   Code   RO         1256    .text               c_w.l(strcpy.o)
    0x0800ff04   0x0800ff04   0x0000003e   Code   RO         1258    .text               c_w.l(strlen.o)
    0x0800ff42   0x0800ff42   0x00000018   Code   RO         1260    .text               c_w.l(strcat.o)
    0x0800ff5a   0x0800ff5a   0x0000008a   Code   RO         1262    .text               c_w.l(rt_memcpy_v6.o)
    0x0800ffe4   0x0800ffe4   0x00000080   Code   RO         1264    .text               c_w.l(strcmpv7m.o)
    0x08010064   0x08010064   0x00000006   Code   RO         1266    .text               c_w.l(heapauxi.o)
    0x0801006a   0x0801006a   0x00000002   Code   RO         1282    .text               c_w.l(use_no_semi.o)
    0x0801006c   0x0801006c   0x000000ee   Code   RO         1285    .text               c_w.l(lludivv7m.o)
    0x0801015a   0x0801015a   0x000000b2   Code   RO         1287    .text               c_w.l(_printf_intcommon.o)
    0x0801020c   0x0801020c   0x00000030   Code   RO         1289    .text               c_w.l(_printf_char_common.o)
    0x0801023c   0x0801023c   0x0000000a   Code   RO         1291    .text               c_w.l(_sputc.o)
    0x08010246   0x08010246   0x0000002c   Code   RO         1293    .text               c_w.l(_printf_char.o)
    0x08010272   0x08010272   0x00000002   PAD
    0x08010274   0x08010274   0x00000024   Code   RO         1295    .text               c_w.l(_printf_char_file.o)
    0x08010298   0x08010298   0x00000064   Code   RO         1298    .text               c_w.l(rt_memcpy_w.o)
    0x080102fc   0x080102fc   0x00000008   Code   RO         1326    .text               c_w.l(ferror.o)
    0x08010304   0x08010304   0x0000004a   Code   RO         1330    .text               c_w.l(sys_stackheap_outer.o)
    0x0801034e   0x0801034e   0x00000012   Code   RO         1334    .text               c_w.l(exit.o)
    0x08010360   0x08010360   0x00000008   Code   RO         1342    .text               c_w.l(libspace.o)
    0x08010368   0x08010368   0x0000000e   Code   RO         1240    i._is_digit         c_w.l(__printf_wp.o)
    0x08010376   0x08010376   0x00000002   PAD
    0x08010378   0x08010378   0x0000005a   Code   RO         1270    x$fpl$dfixu         fz_wm.l(dfixu.o)
    0x080103d2   0x080103d2   0x00000026   Code   RO         1274    x$fpl$dfltu         fz_wm.l(dflt_clz.o)
    0x080103f8   0x080103f8   0x00000154   Code   RO         1280    x$fpl$dmul          fz_wm.l(dmul.o)
    0x0801054c   0x0801054c   0x0000009c   Code   RO         1300    x$fpl$dnaninf       fz_wm.l(dnaninf.o)
    0x080105e8   0x080105e8   0x0000000c   Code   RO         1302    x$fpl$dretinf       fz_wm.l(dretinf.o)
    0x080105f4   0x080105f4   0x0000000a   Code   RO         1411    x$fpl$fpinit        fz_wm.l(fpinit.o)
    0x080105fe   0x080105fe   0x00000000   Code   RO         1304    x$fpl$usenofp       fz_wm.l(usenofp.o)
    0x080105fe   0x080105fe   0x000017c0   Data   RO          306    .constdata          lcd.o
    0x08011dbe   0x08011dbe   0x0000006e   Data   RO          494    .constdata          i2s.o
    0x08011e2c   0x08011e2c   0x0000001c   Data   RO          661    .constdata          stm32f4xx_fsmc.o
    0x08011e48   0x08011e48   0x00000024   Data   RO          831    .constdata          malloc.o
    0x08011e6c   0x08011e6c   0x0000003a   Data   RO          948    .constdata          ff.o
    0x08011ea6   0x08011ea6   0x00000002   PAD
    0x08011ea8   0x08011ea8   0x00000070   Data   RO          972    .constdata          exfuns.o
    0x08011f18   0x08011f18   0x000003c0   Data   RO         1030    .constdata          mycc936.o
    0x080122d8   0x080122d8   0x00000010   Data   RO         1052    .constdata          fontupd.o
    0x080122e8   0x080122e8   0x00000004   Data   RO         1166    .constdata          recorder.o
    0x080122ec   0x080122ec   0x00000028   Data   RO         1213    .constdata          c_w.l(_printf_hex_int.o)
    0x08012314   0x08012314   0x00000011   Data   RO         1248    .constdata          c_w.l(__printf_flags_ss_wp.o)
    0x08012325   0x08012325   0x00000003   PAD
    0x08012328   0x08012328   0x00000028   Data   RO          858    .conststring        usmart.o
    0x08012350   0x08012350   0x00000200   Data   RO          881    .conststring        usmart_config.o
    0x08012550   0x08012550   0x00000040   Data   RO          973    .conststring        exfuns.o
    0x08012590   0x08012590   0x0000005f   Data   RO         1053    .conststring        fontupd.o
    0x080125ef   0x080125ef   0x00000001   PAD
    0x080125f0   0x080125f0   0x00000020   Data   RO         1471    Region$$Table       anon$$obj.o


    Execution Region RW_IRAM1 (Exec base: 0x20000000, Load base: 0x08012610, Size: 0x0001c650, Max: 0x00020000, ABSOLUTE, COMPRESSED[0x00000100])

    Exec Addr    Load Addr    Size         Type   Attr      Idx    E Section Name        Object

    0x20000000   COMPRESSED   0x00000014   Data   RW          259    .data               system_stm32f4xx.o
    0x20000014   COMPRESSED   0x00000004   Data   RW          307    .data               lcd.o
    0x20000018   COMPRESSED   0x00000001   Data   RW          343    .data               key.o
    0x20000019   COMPRESSED   0x00000001   PAD
    0x2000001a   COMPRESSED   0x00000002   Data   RW          388    .data               w25qxx.o
    0x2000001c   COMPRESSED   0x00000010   Data   RW          415    .data               sdio_sdcard.o
    0x2000002c   COMPRESSED   0x00000008   Data   RW          495    .data               i2s.o
    0x20000034   COMPRESSED   0x00000074   Data   RW          521    .data               wm8978.o
    0x200000a8   COMPRESSED   0x00000004   Data   RW          543    .data               delay.o
    0x200000ac   COMPRESSED   0x00000006   Data   RW          584    .data               usart.o
    0x200000b2   COMPRESSED   0x00000010   Data   RW          684    .data               stm32f4xx_rcc.o
    0x200000c2   COMPRESSED   0x00000002   PAD
    0x200000c4   COMPRESSED   0x00000024   Data   RW          832    .data               malloc.o
    0x200000e8   COMPRESSED   0x0000001c   Data   RW          859    .data               usmart.o
    0x20000104   COMPRESSED   0x0000016c   Data   RW          882    .data               usmart_config.o
    0x20000270   COMPRESSED   0x00000002   Data   RW          923    .data               diskio.o
    0x20000272   COMPRESSED   0x00000002   Data   RW          949    .data               ff.o
    0x20000274   COMPRESSED   0x00000014   Data   RW          974    .data               exfuns.o
    0x20000288   COMPRESSED   0x00000002   Data   RW         1104    .data               wavplay.o
    0x2000028a   COMPRESSED   0x00000002   Data   RW         1136    .data               audioplay.o
    0x2000028c   COMPRESSED   0x00000011   Data   RW         1167    .data               recorder.o
    0x2000029d   COMPRESSED   0x00000003   PAD
    0x200002a0        -       0x0000000e   Zero   RW          305    .bss                lcd.o
    0x200002ae        -       0x00001000   Zero   RW          387    .bss                w25qxx.o
    0x200012ae   COMPRESSED   0x00000002   PAD
    0x200012b0        -       0x000002c0   Zero   RW          414    .bss                sdio_sdcard.o
    0x20001570        -       0x000000c8   Zero   RW          583    .bss                usart.o
    0x20001638   COMPRESSED   0x00000008   PAD
    0x20001640        -       0x0001a900   Zero   RW          830    .bss                malloc.o
    0x2001bf40        -       0x0000000c   Zero   RW          947    .bss                ff.o
    0x2001bf4c        -       0x00000050   Zero   RW          971    .bss                exfuns.o
    0x2001bf9c        -       0x00000021   Zero   RW         1051    .bss                fontupd.o
    0x2001bfbd        -       0x00000020   Zero   RW         1103    .bss                wavplay.o
    0x2001bfdd        -       0x00000011   Zero   RW         1135    .bss                audioplay.o
    0x2001bfee   COMPRESSED   0x00000002   PAD
    0x2001bff0        -       0x00000060   Zero   RW         1343    .bss                c_w.l(libspace.o)
    0x2001c050        -       0x00000200   Zero   RW          612    HEAP                startup_stm32f40_41xxx.o
    0x2001c250        -       0x00000400   Zero   RW          611    STACK               startup_stm32f40_41xxx.o



  Load Region LR$$.ARM.__AT_0x10000000 (Base: 0x10000000, Size: 0x00000000, Max: 0x0000f000, ABSOLUTE)

    Execution Region ER$$.ARM.__AT_0x10000000 (Exec base: 0x10000000, Load base: 0x10000000, Size: 0x0000f000, Max: 0x0000f000, ABSOLUTE, UNINIT)

    Exec Addr    Load Addr    Size         Type   Attr      Idx    E Section Name        Object

    0x10000000        -       0x0000f000   Zero   RW          826    .ARM.__AT_0x10000000  malloc.o



  Load Region LR$$.ARM.__AT_0x1000F000 (Base: 0x1000f000, Size: 0x00000000, Max: 0x00000f00, ABSOLUTE)

    Execution Region ER$$.ARM.__AT_0x1000F000 (Exec base: 0x1000f000, Load base: 0x1000f000, Size: 0x00000f00, Max: 0x00000f00, ABSOLUTE, UNINIT)

    Exec Addr    Load Addr    Size         Type   Attr      Idx    E Section Name        Object

    0x1000f000        -       0x00000f00   Zero   RW          827    .ARM.__AT_0x1000F000  malloc.o



  Load Region LR$$.ARM.__AT_0x68000000 (Base: 0x68000000, Size: 0x00000000, Max: 0x000f0000, ABSOLUTE)

    Execution Region ER$$.ARM.__AT_0x68000000 (Exec base: 0x68000000, Load base: 0x68000000, Size: 0x000f0000, Max: 0x000f0000, ABSOLUTE, UNINIT)

    Exec Addr    Load Addr    Size         Type   Attr      Idx    E Section Name        Object

    0x68000000        -       0x000f0000   Zero   RW          828    .ARM.__AT_0x68000000  malloc.o



  Load Region LR$$.ARM.__AT_0x680F0000 (Base: 0x680f0000, Size: 0x00000000, Max: 0x0000f000, ABSOLUTE)

    Execution Region ER$$.ARM.__AT_0x680F0000 (Exec base: 0x680f0000, Load base: 0x680f0000, Size: 0x0000f000, Max: 0x0000f000, ABSOLUTE, UNINIT)

    Exec Addr    Load Addr    Size         Type   Attr      Idx    E Section Name        Object

    0x680f0000        -       0x0000f000   Zero   RW          829    .ARM.__AT_0x680F0000  malloc.o


==============================================================================

Image component sizes


      Code (inc. data)   RO Data    RW Data    ZI Data      Debug   Object Name

      1176        108          0          2         17       4142   audioplay.o
       260          8          0          4          0       1577   delay.o
       512          8          0          2          0       4606   diskio.o
       408         22        176         20         80       2956   exfuns.o
     12954        136         58          2         12      38546   ff.o
      1504        158        111          0         33       4484   fontupd.o
       824         46        110          8          0       4064   i2s.o
       260         12          0          1          0        928   key.o
     13924        140       6080          4         14      19382   lcd.o
        64          4          0          0          0        575   led.o
       376        102          0          0          0     322063   main.o
       556         18         36         36    1218560       5181   malloc.o
       224         20          0          0          0       1913   misc.o
       204         12        960          0          0       1777   mycc936.o
       604         14          0          0          0       1968   myiic.o
      1804        290          4         17          0       3901   recorder.o
      7516        282          0         16        704      25469   sdio_sdcard.o
       280          8          0          0          0       1125   spi.o
        64         26        392          0       1536        864   startup_stm32f40_41xxx.o
       936         32          0          0          0       6493   stm32f4xx_dma.o
      1480         18         28          0          0       5790   stm32f4xx_fsmc.o
       660         44          0          0          0       4257   stm32f4xx_gpio.o
        26          0          0          0          0       1270   stm32f4xx_it.o
      1628         52          0         16          0      13176   stm32f4xx_rcc.o
       476         16          0          0          0       7516   stm32f4xx_sdio.o
      1152         36          0          0          0       7005   stm32f4xx_spi.o
      3234         60          0          0          0      23112   stm32f4xx_tim.o
      1108         34          0          0          0       7980   stm32f4xx_usart.o
        16          0          0          0          0        520   sys.o
       528         46          0         20          0       1923   system_stm32f4xx.o
       724         16          0          0          0       3248   text.o
       328         16          0          6        200       3474   usart.o
      3124       1286         40         28          0       4566   usmart.o
         0          0        512        364          0       1640   usmart_config.o
      1320         12          0          0          0       5437   usmart_str.o
       904         34          0          2       4096       4637   w25qxx.o
      1440        230          0          2         32       3649   wavplay.o
      1060         12          0        116          0       5969   wm8978.o

    ----------------------------------------------------------------------
     63664       3358       8542        672    1225296     557183   Object Totals
         0          0         32          0          0          0   (incl. Generated)
         6          0          3          6         12          0   (incl. Padding)

    ----------------------------------------------------------------------

      Code (inc. data)   RO Data    RW Data    ZI Data      Debug   Library Member Name

        90          0          0          0          0          0   __dczerorl2.o
         8          0          0          0          0         68   __main.o
       392          4         17          0          0         92   __printf_flags_ss_wp.o
        14          0          0          0          0         68   __printf_wp.o
         0          0          0          0          0          0   __rtentry.o
        12          0          0          0          0          0   __rtentry2.o
         6          0          0          0          0          0   __rtentry4.o
        52          8          0          0          0          0   __scatter.o
        28          0          0          0          0          0   __scatter_zi.o
         6          0          0          0          0          0   _printf_c.o
        44          0          0          0          0        108   _printf_char.o
        48          6          0          0          0         96   _printf_char_common.o
        36          4          0          0          0         80   _printf_char_file.o
         6          0          0          0          0          0   _printf_d.o
       120         16          0          0          0         92   _printf_dec.o
        88          4         40          0          0         88   _printf_hex_int.o
       178          0          0          0          0         88   _printf_intcommon.o
        78          0          0          0          0        108   _printf_pad.o
         0          0          0          0          0          0   _printf_percent.o
         4          0          0          0          0          0   _printf_percent_end.o
         6          0          0          0          0          0   _printf_s.o
        82          0          0          0          0         80   _printf_str.o
         6          0          0          0          0          0   _printf_u.o
         6          0          0          0          0          0   _printf_x.o
        10          0          0          0          0         68   _sputc.o
        18          0          0          0          0         80   exit.o
         8          0          0          0          0         68   ferror.o
         6          0          0          0          0        152   heapauxi.o
         2          0          0          0          0          0   libinit.o
         6          0          0          0          0          0   libinit2.o
         2          0          0          0          0          0   libshutdown.o
         2          0          0          0          0          0   libshutdown2.o
         8          4          0          0         96         68   libspace.o
        72          0          0          0          0         76   llsdiv.o
       238          0          0          0          0        100   lludivv7m.o
        24          4          0          0          0         84   noretval__2printf.o
        40          6          0          0          0         84   noretval__2sprintf.o
       138          0          0          0          0         68   rt_memcpy_v6.o
       100          0          0          0          0         80   rt_memcpy_w.o
         2          0          0          0          0          0   rtexit.o
        10          0          0          0          0          0   rtexit2.o
        24          0          0          0          0         68   strcat.o
       128          0          0          0          0         68   strcmpv7m.o
        72          0          0          0          0         80   strcpy.o
        62          0          0          0          0         76   strlen.o
        74          0          0          0          0         80   sys_stackheap_outer.o
         2          0          0          0          0         68   use_no_semi.o
         2          0          0          0          0         68   use_no_semi_2.o
        90          4          0          0          0        140   dfixu.o
        38          0          0          0          0        116   dflt_clz.o
       340         12          0          0          0        152   dmul.o
       156          4          0          0          0        140   dnaninf.o
        12          0          0          0          0        116   dretinf.o
        10          0          0          0          0        116   fpinit.o
         0          0          0          0          0          0   usenofp.o

    ----------------------------------------------------------------------
      3014         76         60          0         96       3184   Library Totals
         8          0          3          0          0          0   (incl. Padding)

    ----------------------------------------------------------------------

      Code (inc. data)   RO Data    RW Data    ZI Data      Debug   Library Name

      2360         56         57          0         96       2404   c_w.l
       646         20          0          0          0        780   fz_wm.l

    ----------------------------------------------------------------------
      3014         76         60          0         96       3184   Library Totals

    ----------------------------------------------------------------------

==============================================================================


      Code (inc. data)   RO Data    RW Data    ZI Data      Debug   

     66678       3434       8602        672    1225392     550867   Grand Totals
     66678       3434       8602        256    1225392     550867   ELF Image Totals (compressed)
     66678       3434       8602        256          0          0   ROM Totals

==============================================================================

    Total RO  Size (Code + RO Data)                75280 (  73.52kB)
    Total RW  Size (RW Data + ZI Data)           1226064 (1197.33kB)
    Total ROM Size (Code + RO Data + RW Data)      75536 (  73.77kB)

==============================================================================

