<html>
<body>
<pre>
<h1>µVision Build Log</h1>
<h2>Tool Versions:</h2>
IDE-Version: µVision V5.39.0.0
Copyright (C) 2023 ARM Ltd and ARM Germany GmbH. All rights reserved.
License Information: 1 lenovo, 2, LIC=WHYH9-4VKFZ-FWC2N-YTEBC-65JIK-VETBM
 
Tool Versions:
Toolchain:       MDK-ARM Plus  Version: 5.39.0.0
Toolchain Path:  D:\My_Keil\Keil_v5\ARM\ARMCC\Bin
C Compiler:      Armcc.exe V5.06 update 6 (build 750)
Assembler:       Armasm.exe V5.06 update 6 (build 750)
Linker/Locator:  ArmLink.exe V5.06 update 6 (build 750)
Library Manager: ArmAr.exe V5.06 update 6 (build 750)
Hex Converter:   FromElf.exe V5.06 update 6 (build 750)
CPU DLL:         SARMCM3.DLL V5.39.0.0
Dialog DLL:      DARMSTM.DLL V1.69.1.0
Target DLL:      UL2CM3.DLL V1.164.9.0
Dialog DLL:      TARMSTM.DLL V1.67.1.0
 
<h2>Project:</h2>
D:\FreeRTOS\FreeRTOSv202212.01\FreeRTOS\Demo\CORTEX_STM32F103_Keil\RTOSDemo.uvprojx
Project File Date:  09/08/2026

<h2>Output:</h2>
*** Using Compiler 'V5.06 update 6 (build 750)', folder: 'D:\My_Keil\Keil_v5\ARM\ARMCC\Bin'
Rebuild target 'Target 1'
assembling STM32F10x.s...
compiling stm32f10x_usart.c...
assembling cortexm3_macro_rvds.s...
compiling stm32f10x_rcc.c...
compiling lcd.c...
compiling stm32f10x_gpio.c...
compiling stm32f10x_nvic.c...
compiling timertest.c...
compiling stm32f10x_spi.c...
compiling stm32f10x_lib.c...
compiling stm32f10x_systick.c...
compiling main.c...
compiling spi_flash.c...
compiling stm32f10x_tim.c...
compiling serial.c...
compiling ParTest.c...
compiling semtest.c...
compiling BlockQ.c...
compiling blocktim.c...
compiling comtest.c...
compiling death.c...
compiling flash.c...
compiling integer.c...
compiling PollQ.c...
compiling list.c...
compiling tasks.c...
compiling heap_2.c...
compiling queue.c...
compiling port.c...
linking...
Program Size: Code=26314 RO-data=14530 RW-data=268 ZI-data=18148  
".\RTOSDemo.axf" - 0 Error(s), 0 Warning(s).

<h2>Software Packages used:</h2>

Package Vendor: ARM
                http://www.keil.com/pack/ARM.CMSIS.5.9.0.pack
                ARM::CMSIS@5.9.0
                CMSIS (Common Microcontroller Software Interface Standard)
   * Component: CORE Version: 5.6.0

Package Vendor: Keil
                https://www.keil.com/pack/Keil.STM32F1xx_DFP.2.4.1.pack
                Keil::STM32F1xx_DFP@2.4.1
                STMicroelectronics STM32F1 Series Device Support, Drivers and Examples

<h2>Collection of Component include folders:</h2>
  ./RTE/_Target_1
  D:/My_Keil/Keil_v5/Packs/ARM/CMSIS/5.9.0/CMSIS/Core/Include
  D:/My_Keil/Keil_v5/Packs/Keil/STM32F1xx_DFP/2.4.1/Device/Include

<h2>Collection of Component Files used:</h2>

   * Component: ARM::CMSIS:CORE@5.6.0
Build Time Elapsed:  00:00:02
</pre>
</body>
</html>
