Component: ARM Compiler 5.06 update 7 (build 960) Tool: armlink [4d3601]

==============================================================================

Section Cross References

    startup_stm32f10x_md.o(STACK) refers (Special) to heapauxi.o(.text) for __use_two_region_memory
    startup_stm32f10x_md.o(HEAP) refers (Special) to heapauxi.o(.text) for __use_two_region_memory
    startup_stm32f10x_md.o(RESET) refers (Special) to heapauxi.o(.text) for __use_two_region_memory
    startup_stm32f10x_md.o(RESET) refers to startup_stm32f10x_md.o(STACK) for __initial_sp
    startup_stm32f10x_md.o(RESET) refers to startup_stm32f10x_md.o(.text) for Reset_Handler
    startup_stm32f10x_md.o(RESET) refers to stm32f10x_it.o(i.NMI_Handler) for NMI_Handler
    startup_stm32f10x_md.o(RESET) refers to stm32f10x_it.o(i.HardFault_Handler) for HardFault_Handler
    startup_stm32f10x_md.o(RESET) refers to stm32f10x_it.o(i.MemManage_Handler) for MemManage_Handler
    startup_stm32f10x_md.o(RESET) refers to stm32f10x_it.o(i.BusFault_Handler) for BusFault_Handler
    startup_stm32f10x_md.o(RESET) refers to stm32f10x_it.o(i.UsageFault_Handler) for UsageFault_Handler
    startup_stm32f10x_md.o(RESET) refers to stm32f10x_it.o(i.SVC_Handler) for SVC_Handler
    startup_stm32f10x_md.o(RESET) refers to stm32f10x_it.o(i.DebugMon_Handler) for DebugMon_Handler
    startup_stm32f10x_md.o(RESET) refers to stm32f10x_it.o(i.PendSV_Handler) for PendSV_Handler
    startup_stm32f10x_md.o(RESET) refers to stm32f10x_it.o(i.SysTick_Handler) for SysTick_Handler
    startup_stm32f10x_md.o(RESET) refers to serial.o(i.USART1_IRQHandler) for USART1_IRQHandler
    startup_stm32f10x_md.o(.text) refers (Special) to heapauxi.o(.text) for __use_two_region_memory
    startup_stm32f10x_md.o(.text) refers to system_stm32f10x.o(i.SystemInit) for SystemInit
    startup_stm32f10x_md.o(.text) refers to __main.o(!!!main) for __main
    startup_stm32f10x_md.o(.text) refers to startup_stm32f10x_md.o(HEAP) for Heap_Mem
    startup_stm32f10x_md.o(.text) refers to startup_stm32f10x_md.o(STACK) for Stack_Mem
    system_stm32f10x.o(i.SetSysClock) refers to system_stm32f10x.o(i.SetSysClockTo72) for SetSysClockTo72
    system_stm32f10x.o(i.SystemCoreClockUpdate) refers to system_stm32f10x.o(.data) for SystemCoreClock
    system_stm32f10x.o(i.SystemInit) refers to system_stm32f10x.o(i.SetSysClock) for SetSysClock
    stm32f10x_adc.o(i.ADC_DeInit) refers to stm32f10x_rcc.o(i.RCC_APB2PeriphResetCmd) for RCC_APB2PeriphResetCmd
    stm32f10x_bkp.o(i.BKP_DeInit) refers to stm32f10x_rcc.o(i.RCC_BackupResetCmd) for RCC_BackupResetCmd
    stm32f10x_can.o(i.CAN_DeInit) refers to stm32f10x_rcc.o(i.RCC_APB1PeriphResetCmd) for RCC_APB1PeriphResetCmd
    stm32f10x_can.o(i.CAN_GetITStatus) refers to stm32f10x_can.o(i.CheckITStatus) for CheckITStatus
    stm32f10x_cec.o(i.CEC_DeInit) refers to stm32f10x_rcc.o(i.RCC_APB1PeriphResetCmd) for RCC_APB1PeriphResetCmd
    stm32f10x_dac.o(i.DAC_DeInit) refers to stm32f10x_rcc.o(i.RCC_APB1PeriphResetCmd) for RCC_APB1PeriphResetCmd
    stm32f10x_flash.o(i.FLASH_EnableWriteProtection) refers to stm32f10x_flash.o(i.FLASH_WaitForLastOperation) for FLASH_WaitForLastOperation
    stm32f10x_flash.o(i.FLASH_EraseAllBank1Pages) refers to stm32f10x_flash.o(i.FLASH_WaitForLastBank1Operation) for FLASH_WaitForLastBank1Operation
    stm32f10x_flash.o(i.FLASH_EraseAllPages) refers to stm32f10x_flash.o(i.FLASH_WaitForLastOperation) for FLASH_WaitForLastOperation
    stm32f10x_flash.o(i.FLASH_EraseOptionBytes) refers to stm32f10x_flash.o(i.FLASH_GetReadOutProtectionStatus) for FLASH_GetReadOutProtectionStatus
    stm32f10x_flash.o(i.FLASH_EraseOptionBytes) refers to stm32f10x_flash.o(i.FLASH_WaitForLastOperation) for FLASH_WaitForLastOperation
    stm32f10x_flash.o(i.FLASH_ErasePage) refers to stm32f10x_flash.o(i.FLASH_WaitForLastOperation) for FLASH_WaitForLastOperation
    stm32f10x_flash.o(i.FLASH_ProgramHalfWord) refers to stm32f10x_flash.o(i.FLASH_WaitForLastOperation) for FLASH_WaitForLastOperation
    stm32f10x_flash.o(i.FLASH_ProgramOptionByteData) refers to stm32f10x_flash.o(i.FLASH_WaitForLastOperation) for FLASH_WaitForLastOperation
    stm32f10x_flash.o(i.FLASH_ProgramWord) refers to stm32f10x_flash.o(i.FLASH_WaitForLastOperation) for FLASH_WaitForLastOperation
    stm32f10x_flash.o(i.FLASH_ReadOutProtection) refers to stm32f10x_flash.o(i.FLASH_WaitForLastOperation) for FLASH_WaitForLastOperation
    stm32f10x_flash.o(i.FLASH_UserOptionByteConfig) refers to stm32f10x_flash.o(i.FLASH_WaitForLastOperation) for FLASH_WaitForLastOperation
    stm32f10x_flash.o(i.FLASH_WaitForLastBank1Operation) refers to stm32f10x_flash.o(i.FLASH_GetBank1Status) for FLASH_GetBank1Status
    stm32f10x_flash.o(i.FLASH_WaitForLastOperation) refers to stm32f10x_flash.o(i.FLASH_GetBank1Status) for FLASH_GetBank1Status
    stm32f10x_gpio.o(i.GPIO_AFIODeInit) refers to stm32f10x_rcc.o(i.RCC_APB2PeriphResetCmd) for RCC_APB2PeriphResetCmd
[...]

    Global Symbols

    Symbol Name                              Value     Ov Type        Size  Object(Section)

    BuildAttributes$$THM_ISAv4$P$D$K$B$S$PE$A:L22UL41UL21$X:L11$S22US41US21$IEEE1$IW$USESV6$~STKCKD$USESV7$~SHL$OTIME$ROPI$IEEEX$EBA8$UX$STANDARDLIB$REQ8$PRES8$EABIv2 0x00000000   Number         0  anon$$obj.o ABSOLUTE
    __ARM_use_no_argv                        0x00000000   Number         0  main.o ABSOLUTE
    _printf_flags                            0x00000000   Number         0  printf_stubs.o ABSOLUTE
    _printf_return_value                     0x00000000   Number         0  printf_stubs.o ABSOLUTE
    _printf_sizespec                         0x00000000   Number         0  printf_stubs.o ABSOLUTE
    _printf_widthprec                        0x00000000   Number         0  printf_stubs.o ABSOLUTE
    __ARM_exceptions_init                     - Undefined Weak Reference
    __alloca_initialize                       - Undefined Weak Reference
    __arm_fini_                               - Undefined Weak Reference
    __arm_preinit_                            - Undefined Weak Reference
    __cpp_initialize__aeabi_                  - Undefined Weak Reference
    __cxa_finalize                            - Undefined Weak Reference
    __sigvec_lookup                           - Undefined Weak Reference
    __user_heap_extent                        - Undefined Weak Reference
    _atexit_init                              - Undefined Weak Reference
    _call_atexit_fns                          - Undefined Weak Reference
    _clock_init                               - Undefined Weak Reference
    _fp_trap_init                             - Undefined Weak Reference
    _fp_trap_shutdown                         - Undefined Weak Reference
    _get_lc_collate                           - Undefined Weak Reference
    _get_lc_monetary                          - Undefined Weak Reference
    _get_lc_time                              - Undefined Weak Reference
    _getenv_init                              - Undefined Weak Reference
    _handle_redirection                       - Undefined Weak Reference
    _mutex_acquire                            - Undefined Weak Reference
    _mutex_free                               - Undefined Weak Reference
    _mutex_release                            - Undefined Weak Reference
    _printf_mbtowc                            - Undefined Weak Reference
    _printf_wc                                - Undefined Weak Reference
    _rand_init                                - Undefined Weak Reference
    _signal_finish                            - Undefined Weak Reference
    _signal_init                              - Undefined Weak Reference
    __Vectors_Size                           0x000000ec   Number         0  startup_stm32f10x_md.o ABSOLUTE
    __Vectors                                0x08000000   Data           4  startup_stm32f10x_md.o(RESET)
    __Vectors_End                            0x080000ec   Data           0  startup_stm32f10x_md.o(RESET)
    __main                                   0x080000ed   Thumb Code     8  __main.o(!!!main)
    __scatterload                            0x080000f5   Thumb Code     0  __scatter.o(!!!scatter)
    __scatterload_rt2                        0x080000f5   Thumb Code    44  __scatter.o(!!!scatter)
    __scatterload_rt2_thumb_only             0x080000f5   Thumb Code     0  __scatter.o(!!!scatter)
    __scatterload_null                       0x08000103   Thumb Code     0  __scatter.o(!!!scatter)
    __scatterload_copy                       0x08000129   Thumb Code    26  __scatter_copy.o(!!handler_copy)
    __scatterload_zeroinit                   0x08000145   Thumb Code    28  __scatter_zi.o(!!handler_zi)
    _printf_d                                0x08000161   Thumb Code     0  _printf_d.o(.ARM.Collect$$_printf_percent$$00000009)
    _printf_percent                          0x08000161   Thumb Code     0  _printf_percent.o(.ARM.Collect$$_printf_percent$$00000000)
    _printf_percent_end                      0x08000167   Thumb Code     0  _printf_percent_end.o(.ARM.Collect$$_printf_percent$$00000017)
    __rt_lib_init                            0x0800016b   Thumb Code     0  libinit.o(.ARM.Collect$$libinit$$00000000)
    __rt_lib_init_fp_1                       0x0800016d   Thumb Code     0  libinit2.o(.ARM.Collect$$libinit$$00000002)
    __rt_lib_init_heap_2                     0x0800016d   Thumb Code     0  libinit2.o(.ARM.Collect$$libinit$$00000005)
    __rt_lib_init_preinit_1                  0x0800016d   Thumb Code     0  libinit2.o(.ARM.Collect$$libinit$$00000004)
    __rt_lib_init_atexit_1                   0x08000175   Thumb Code     0  libinit2.o(.ARM.Collect$$libinit$$0000001B)
    __rt_lib_init_clock_1                    0x08000175   Thumb Code     0  libinit2.o(.ARM.Collect$$libinit$$00000021)
    __rt_lib_init_fp_trap_1                  0x08000175   Thumb Code     0  libinit2.o(.ARM.Collect$$libinit$$0000001F)
    __rt_lib_init_getenv_1                   0x08000175   Thumb Code     0  libinit2.o(.ARM.Collect$$libinit$$00000023)
    __rt_lib_init_heap_1                     0x08000175   Thumb Code     0  libinit2.o(.ARM.Collect$$libinit$$0000000A)
    __rt_lib_init_lc_collate_1               0x08000175   Thumb Code     0  libinit2.o(.ARM.Collect$$libinit$$00000011)
    __rt_lib_init_lc_ctype_1                 0x08000175   Thumb Code     0  libinit2.o(.ARM.Collect$$libinit$$00000013)
    __rt_lib_init_lc_monetary_1              0x08000175   Thumb Code     0  libinit2.o(.ARM.Collect$$libinit$$00000015)
    __rt_lib_init_lc_numeric_1               0x08000175   Thumb Code     0  libinit2.o(.ARM.Collect$$libinit$$00000017)
    __rt_lib_init_lc_time_1                  0x08000175   Thumb Code     0  libinit2.o(.ARM.Collect$$libinit$$00000019)
    __rt_lib_init_rand_1                     0x08000175   Thumb Code     0  libinit2.o(.ARM.Collect$$libinit$$0000000E)
    __rt_lib_init_signal_1                   0x08000175   Thumb Code     0  libinit2.o(.ARM.Collect$$libinit$$0000001D)
    __rt_lib_init_stdio_2                    0x08000175   Thumb Code     0  libinit2.o(.ARM.Collect$$libinit$$00000024)
    __rt_lib_init_user_alloc_1               0x08000175   Thumb Code     0  libinit2.o(.ARM.Collect$$libinit$$0000000C)
    __rt_lib_init_alloca_1                   0x08000179   Thumb Code     0  libinit2.o(.ARM.Collect$$libinit$$0000002E)
    __rt_lib_init_argv_1                     0x08000179   Thumb Code     0  libinit2.o(.ARM.Collect$$libinit$$0000002C)
    __rt_lib_init_cpp_1                      0x08000179   Thumb Code     0  libinit2.o(.ARM.Collect$$libinit$$00000032)
    __rt_lib_init_exceptions_1               0x08000179   Thumb Code     0  libinit2.o(.ARM.Collect$$libinit$$00000030)
    __rt_lib_init_return                     0x08000179   Thumb Code     0  libinit2.o(.ARM.Collect$$libinit$$00000033)
    __rt_lib_init_stdio_1                    0x08000179   Thumb Code     0  libinit2.o(.ARM.Collect$$libinit$$00000025)
    __rt_lib_shutdown                        0x0800017b   Thumb Code     0  libshutdown.o(.ARM.Collect$$libshutdown$$00000000)
    __rt_lib_shutdown_cpp_1                  0x0800017d   Thumb Code     0  libshutdown2.o(.ARM.Collect$$libshutdown$$00000004)
    __rt_lib_shutdown_fini_1                 0x0800017d   Thumb Code     0  libshutdown2.o(.ARM.Collect$$libshutdown$$00000002)
    __rt_lib_shutdown_stdio_2                0x0800017d   Thumb Code     0  libshutdown2.o(.ARM.Collect$$libshutdown$$00000005)
    __rt_lib_shutdown_fp_trap_1              0x08000181   Thumb Code     0  libshutdown2.o(.ARM.Collect$$libshutdown$$00000009)
    __rt_lib_shutdown_heap_1                 0x08000181   Thumb Code     0  libshutdown2.o(.ARM.Collect$$libshutdown$$00000011)
    __rt_lib_shutdown_return                 0x08000181   Thumb Code     0  libshutdown2.o(.ARM.Collect$$libshutdown$$00000012)
    __rt_lib_shutdown_signal_1               0x08000181   Thumb Code     0  libshutdown2.o(.ARM.Collect$$libshutdown$$0000000C)
    __rt_lib_shutdown_stdio_1                0x08000181   Thumb Code     0  libshutdown2.o(.ARM.Collect$$libshutdown$$00000006)
    __rt_lib_shutdown_user_alloc_1           0x08000181   Thumb Code     0  libshutdown2.o(.ARM.Collect$$libshutdown$$0000000E)
    __rt_entry                               0x08000183   Thumb Code     0  __rtentry.o(.ARM.Collect$$rtentry$$00000000)
    __rt_entry_presh_1                       0x08000183   Thumb Code     0  __rtentry2.o(.ARM.Collect$$rtentry$$00000002)
    __rt_entry_sh                            0x08000183   Thumb Code     0  __rtentry4.o(.ARM.Collect$$rtentry$$00000004)
    __rt_entry_li                            0x08000189   Thumb Code     0  __rtentry2.o(.ARM.Collect$$rtentry$$0000000A)
    __rt_entry_postsh_1                      0x08000189   Thumb Code     0  __rtentry2.o(.ARM.Collect$$rtentry$$00000009)
    __rt_entry_main                          0x0800018d   Thumb Code     0  __rtentry2.o(.ARM.Collect$$rtentry$$0000000D)
    __rt_entry_postli_1                      0x0800018d   Thumb Code     0  __rtentry2.o(.ARM.Collect$$rtentry$$0000000C)
    __rt_exit                                0x08000195   Thumb Code     0  rtexit.o(.ARM.Collect$$rtexit$$00000000)
    __rt_exit_ls                             0x08000197   Thumb Code     0  rtexit2.o(.ARM.Collect$$rtexit$$00000003)
    __rt_exit_prels_1                        0x08000197   Thumb Code     0  rtexit2.o(.ARM.Collect$$rtexit$$00000002)
    __rt_exit_exit                           0x0800019b   Thumb Code     0  rtexit2.o(.ARM.Collect$$rtexit$$00000004)
    Reset_Handler                            0x080001a1   Thumb Code     8  startup_stm32f10x_md.o(.text)
    _maybe_terminate_alloc                   0x080001a1   Thumb Code     0  maybetermalloc1.o(.emb_text)
    ADC1_2_IRQHandler                        0x080001bb   Thumb Code     0  startup_stm32f10x_md.o(.text)
    CAN1_RX1_IRQHandler                      0x080001bb   Thumb Code     0  startup_stm32f10x_md.o(.text)
    CAN1_SCE_IRQHandler                      0x080001bb   Thumb Code     0  startup_stm32f10x_md.o(.text)
    DMA1_Channel1_IRQHandler                 0x080001bb   Thumb Code     0  startup_stm32f10x_md.o(.text)
    DMA1_Channel2_IRQHandler                 0x080001bb   Thumb Code     0  startup_stm32f10x_md.o(.text)
    DMA1_Channel3_IRQHandler                 0x080001bb   Thumb Code     0  startup_stm32f10x_md.o(.text)
    DMA1_Channel4_IRQHandler                 0x080001bb   Thumb Code     0  startup_stm32f10x_md.o(.text)
    DMA1_Channel5_IRQHandler                 0x080001bb   Thumb Code     0  startup_stm32f10x_md.o(.text)
    DMA1_Channel6_IRQHandler                 0x080001bb   Thumb Code     0  startup_stm32f10x_md.o(.text)
    DMA1_Channel7_IRQHandler                 0x080001bb   Thumb Code     0  startup_stm32f10x_md.o(.text)
    EXTI0_IRQHandler                         0x080001bb   Thumb Code     0  startup_stm32f10x_md.o(.text)
    EXTI15_10_IRQHandler                     0x080001bb   Thumb Code     0  startup_stm32f10x_md.o(.text)
    EXTI1_IRQHandler                         0x080001bb   Thumb Code     0  startup_stm32f10x_md.o(.text)
    EXTI2_IRQHandler                         0x080001bb   Thumb Code     0  startup_stm32f10x_md.o(.text)
    EXTI3_IRQHandler                         0x080001bb   Thumb Code     0  startup_stm32f10x_md.o(.text)
    EXTI4_IRQHandler                         0x080001bb   Thumb Code     0  startup_stm32f10x_md.o(.text)
    EXTI9_5_IRQHandler                       0x080001bb   Thumb Code     0  startup_stm32f10x_md.o(.text)
    FLASH_IRQHandler                         0x080001bb   Thumb Code     0  startup_stm32f10x_md.o(.text)
    I2C1_ER_IRQHandler                       0x080001bb   Thumb Code     0  startup_stm32f10x_md.o(.text)
    I2C1_EV_IRQHandler                       0x080001bb   Thumb Code     0  startup_stm32f10x_md.o(.text)
    I2C2_ER_IRQHandler                       0x080001bb   Thumb Code     0  startup_stm32f10x_md.o(.text)
    I2C2_EV_IRQHandler                       0x080001bb   Thumb Code     0  startup_stm32f10x_md.o(.text)
    PVD_IRQHandler                           0x080001bb   Thumb Code     0  startup_stm32f10x_md.o(.text)
    RCC_IRQHandler                           0x080001bb   Thumb Code     0  startup_stm32f10x_md.o(.text)
    RTCAlarm_IRQHandler                      0x080001bb   Thumb Code     0  startup_stm32f10x_md.o(.text)
    RTC_IRQHandler                           0x080001bb   Thumb Code     0  startup_stm32f10x_md.o(.text)
    SPI1_IRQHandler                          0x080001bb   Thumb Code     0  startup_stm32f10x_md.o(.text)
    SPI2_IRQHandler                          0x080001bb   Thumb Code     0  startup_stm32f10x_md.o(.text)
    TAMPER_IRQHandler                        0x080001bb   Thumb Code     0  startup_stm32f10x_md.o(.text)
    TIM1_BRK_IRQHandler                      0x080001bb   Thumb Code     0  startup_stm32f10x_md.o(.text)
    TIM1_CC_IRQHandler                       0x080001bb   Thumb Code     0  startup_stm32f10x_md.o(.text)
    TIM1_TRG_COM_IRQHandler                  0x080001bb   Thumb Code     0  startup_stm32f10x_md.o(.text)
    TIM1_UP_IRQHandler                       0x080001bb   Thumb Code     0  startup_stm32f10x_md.o(.text)
    TIM2_IRQHandler                          0x080001bb   Thumb Code     0  startup_stm32f10x_md.o(.text)
    TIM3_IRQHandler                          0x080001bb   Thumb Code     0  startup_stm32f10x_md.o(.text)
    TIM4_IRQHandler                          0x080001bb   Thumb Code     0  startup_stm32f10x_md.o(.text)
    USART2_IRQHandler                        0x080001bb   Thumb Code     0  startup_stm32f10x_md.o(.text)
    USART3_IRQHandler                        0x080001bb   Thumb Code     0  startup_stm32f10x_md.o(.text)
    USBWakeUp_IRQHandler                     0x080001bb   Thumb Code     0  startup_stm32f10x_md.o(.text)
    USB_HP_CAN1_TX_IRQHandler                0x080001bb   Thumb Code     0  startup_stm32f10x_md.o(.text)
    USB_LP_CAN1_RX0_IRQHandler               0x080001bb   Thumb Code     0  startup_stm32f10x_md.o(.text)
    WWDG_IRQHandler                          0x080001bb   Thumb Code     0  startup_stm32f10x_md.o(.text)
    __user_initial_stackheap                 0x080001bd   Thumb Code     0  startup_stm32f10x_md.o(.text)
    __aeabi_ldivmod                          0x080001e1   Thumb Code     0  llsdiv.o(.text)
    _ll_sdiv                                 0x080001e1   Thumb Code    72  llsdiv.o(.text)
    __2printf                                0x08000229   Thumb Code    20  __2printf.o(.text)
    _printf_int_dec                          0x08000241   Thumb Code   104  _printf_dec.o(.text)
    __printf                                 0x080002b9   Thumb Code   388  __printf_flags_ss_wp.o(.text)
    memcmp                                   0x08000441   Thumb Code    88  memcmp.o(.text)
    __aeabi_memset                           0x08000499   Thumb Code    16  aeabi_memset.o(.text)
    __aeabi_memclr4                          0x080004a9   Thumb Code     0  rt_memclr_w.o(.text)
    __aeabi_memclr8                          0x080004a9   Thumb Code     0  rt_memclr_w.o(.text)
    __rt_memclr_w                            0x080004a9   Thumb Code    78  rt_memclr_w.o(.text)
    _memset_w                                0x080004ad   Thumb Code     0  rt_memclr_w.o(.text)
    __use_two_region_memory                  0x080004f7   Thumb Code     2  heapauxi.o(.text)
    __rt_heap_escrow                         0x080004f9   Thumb Code     2  heapauxi.o(.text)
    __rt_heap_expand                         0x080004fb   Thumb Code     2  heapauxi.o(.text)
    __aeabi_uldivmod                         0x080004fd   Thumb Code     0  lludivv7m.o(.text)
    _ll_udiv                                 0x080004fd   Thumb Code   238  lludivv7m.o(.text)
    __read_errno                             0x080005eb   Thumb Code    10  _rserrno.o(.text)
    __set_errno                              0x080005f5   Thumb Code    12  _rserrno.o(.text)
    _printf_int_common                       0x08000601   Thumb Code   178  _printf_intcommon.o(.text)
    _printf_char_common                      0x080006bf   Thumb Code    32  _printf_char_common.o(.text)
    _printf_char_file                        0x080006e5   Thumb Code    32  _printf_char_file.o(.text)
    __aeabi_memclr                           0x08000709   Thumb Code     0  rt_memclr.o(.text)
    __rt_memclr                              0x08000709   Thumb Code    68  rt_memclr.o(.text)
    _memset                                  0x0800070d   Thumb Code     0  rt_memclr.o(.text)
    __aeabi_errno_addr                       0x0800074d   Thumb Code     8  rt_errno_addr_intlibspace.o(.text)
    __errno$intlibspace                      0x0800074d   Thumb Code     0  rt_errno_addr_intlibspace.o(.text)
    __rt_errno_addr$intlibspace              0x0800074d   Thumb Code     0  rt_errno_addr_intlibspace.o(.text)
    ferror                                   0x08000755   Thumb Code     8  ferror.o(.text)
    _initio                                  0x0800075d   Thumb Code   210  initio.o(.text)
    _terminateio                             0x0800082f   Thumb Code    56  initio.o(.text)
    _sys_open                                0x08000895   Thumb Code    20  sys_io.o(.text)
    _sys_close                               0x080008a9   Thumb Code    12  sys_io.o(.text)
    _sys_write                               0x080008b5   Thumb Code    16  sys_io.o(.text)
    _sys_read                                0x080008c5   Thumb Code    14  sys_io.o(.text)
    _sys_istty                               0x080008d3   Thumb Code    12  sys_io.o(.text)
    _sys_seek                                0x080008df   Thumb Code    14  sys_io.o(.text)
    _sys_ensure                              0x080008ed   Thumb Code     2  sys_io.o(.text)
    _sys_flen                                0x080008ef   Thumb Code    12  sys_io.o(.text)
    __user_libspace                          0x080008fd   Thumb Code     8  libspace.o(.text)
    __user_perproc_libspace                  0x080008fd   Thumb Code     0  libspace.o(.text)
    __user_perthread_libspace                0x080008fd   Thumb Code     0  libspace.o(.text)
    __user_setup_stackheap                   0x08000905   Thumb Code    74  sys_stackheap_outer.o(.text)
    free                                     0x0800094f   Thumb Code    78  h1_free.o(.text)
    setvbuf                                  0x0800099d   Thumb Code    70  setvbuf.o(.text)
    freopen                                  0x080009e5   Thumb Code   158  fopen.o(.text)
    fopen                                    0x08000a83   Thumb Code    74  fopen.o(.text)
    _fclose_internal                         0x08000ad1   Thumb Code    76  fclose.o(.text)
    fclose                                   0x08000ad1   Thumb Code     0  fclose.o(.text)
    exit                                     0x08000b1d   Thumb Code    18  exit.o(.text)
    __rt_SIGRTRED                            0x08000b2f   Thumb Code    14  defsig_rtred_outer.o(.text)
    __I$use$semihosting                      0x08000b3d   Thumb Code     0  use_no_semi.o(.text)
    __use_no_semihosting_swi                 0x08000b3d   Thumb Code     2  use_no_semi.o(.text)
    __semihosting_library_function           0x08000b3f   Thumb Code     0  indicate_semi.o(.text)
    __rt_heap_descriptor                     0x08000b41   Thumb Code     8  rt_heap_descriptor_intlibspace.o(.text)
    __use_no_heap                            0x08000b49   Thumb Code     2  hguard.o(.text)
    __heap$guard                             0x08000b4b   Thumb Code     2  hguard.o(.text)
    _terminate_user_alloc                    0x08000b4d   Thumb Code     2  init_alloc.o(.text)
    _init_user_alloc                         0x08000b4f   Thumb Code     2  init_alloc.o(.text)
    __Heap_Full                              0x08000b51   Thumb Code    34  init_alloc.o(.text)
    __Heap_Broken                            0x08000b73   Thumb Code     6  init_alloc.o(.text)
    _init_alloc                              0x08000b79   Thumb Code    94  init_alloc.o(.text)
    malloc                                   0x08000bd7   Thumb Code    94  h1_alloc.o(.text)
    _fseek                                   0x08000c35   Thumb Code   242  fseek.o(.text)
    fseek                                    0x08000c35   Thumb Code     0  fseek.o(.text)
    _seterr                                  0x08000d2d   Thumb Code    20  stdio.o(.text)
    _writebuf                                0x08000d41   Thumb Code    84  stdio.o(.text)
    _fflush                                  0x08000d95   Thumb Code    70  stdio.o(.text)
    _deferredlazyseek                        0x08000ddb   Thumb Code    60  stdio.o(.text)
    __sig_exit                               0x08000e1d   Thumb Code    10  defsig_exit.o(.text)
    __rt_SIGRTRED_inner                      0x08000e29   Thumb Code    14  defsig_rtred_inner.o(.text)
    strlen                                   0x08000e5d   Thumb Code    62  strlen.o(.text)
    _sys_exit                                0x08000e9d   Thumb Code     8  sys_exit.o(.text)
    __Heap_Initialize                        0x08000ea9   Thumb Code    10  h1_init.o(.text)
    __Heap_DescSize                          0x08000eb3   Thumb Code     4  h1_init.o(.text)
    __Heap_ProvideMemory                     0x08000eb7   Thumb Code    52  h1_extend.o(.text)
    _ftell_internal                          0x08000eeb   Thumb Code    66  ftell.o(.text)
    ftell                                    0x08000eeb   Thumb Code     0  ftell.o(.text)
    __default_signal_display                 0x08000f2d   Thumb Code    50  defsig_general.o(.text)
    __rt_SIGRTMEM                            0x08000f5f   Thumb Code    14  defsig_rtmem_outer.o(.text)
    _ttywrch                                 0x08000f6d   Thumb Code    14  sys_wrch.o(.text)
    __rt_SIGRTMEM_inner                      0x08000f7d   Thumb Code    22  defsig_rtmem_inner.o(.text)
    BusFault_Handler                         0x08000fcd   Thumb Code     4  stm32f10x_it.o(i.BusFault_Handler)
    DebugMon_Handler                         0x08000fd1   Thumb Code     2  stm32f10x_it.o(i.DebugMon_Handler)
    Delay_ms                                 0x08000fd3   Thumb Code    24  delay.o(i.Delay_ms)
    Delay_us                                 0x08000feb   Thumb Code    46  delay.o(i.Delay_us)
    GPIO_Init                                0x08001019   Thumb Code   278  stm32f10x_gpio.o(i.GPIO_Init)
    GPIO_ReadInputDataBit                    0x0800112f   Thumb Code    18  stm32f10x_gpio.o(i.GPIO_ReadInputDataBit)
    GPIO_WriteBit                            0x08001141   Thumb Code    10  stm32f10x_gpio.o(i.GPIO_WriteBit)
    HardFault_Handler                        0x0800114b   Thumb Code     4  stm32f10x_it.o(i.HardFault_Handler)
    IIC_Ack                                  0x08001151   Thumb Code    48  myiic.o(i.IIC_Ack)
    IIC_Init                                 0x08001189   Thumb Code    52  myiic.o(i.IIC_Init)
    IIC_NAck                                 0x080011c9   Thumb Code    48  myiic.o(i.IIC_NAck)
    IIC_Read_Byte                            0x08001201   Thumb Code    80  myiic.o(i.IIC_Read_Byte)
    IIC_Send_Byte                            0x08001259   Thumb Code    72  myiic.o(i.IIC_Send_Byte)
    IIC_Start                                0x080012a9   Thumb Code    46  myiic.o(i.IIC_Start)
    IIC_Stop                                 0x080012e1   Thumb Code    44  myiic.o(i.IIC_Stop)
    IIC_Wait_Ack                             0x08001315   Thumb Code    68  myiic.o(i.IIC_Wait_Ack)
    MPU_Read_Len                             0x08001361   Thumb Code   116  mpu6050.o(i.MPU_Read_Len)
    MPU_Write_Len                            0x080013d5   Thumb Code    96  mpu6050.o(i.MPU_Write_Len)
    MemManage_Handler                        0x08001435   Thumb Code     4  stm32f10x_it.o(i.MemManage_Handler)
    Motor_PWM_Init                           0x08001439   Thumb Code   256  motor.o(i.Motor_PWM_Init)
    NMI_Handler                              0x08001545   Thumb Code     2  stm32f10x_it.o(i.NMI_Handler)
    NRF24L01_Check                           0x08001549   Thumb Code   102  nrf24l01.o(i.NRF24L01_Check)
    NRF24L01_Init                            0x080015b9   Thumb Code    22  nrf24l01.o(i.NRF24L01_Init)
    NRF24L01_Pin_Init                        0x080015d1   Thumb Code   170  nrf24l01.o(i.NRF24L01_Pin_Init)
    NRF24L01_RT_Init                         0x08001685   Thumb Code   100  nrf24l01.o(i.NRF24L01_RT_Init)
    NRF24L01_Read_Buf                        0x080016f1   Thumb Code    56  nrf24l01.o(i.NRF24L01_Read_Buf)
    NRF24L01_Read_Reg                        0x08001729   Thumb Code    34  nrf24l01.o(i.NRF24L01_Read_Reg)
    NRF24L01_SendBuf                         0x0800174b   Thumb Code    58  nrf24l01.o(i.NRF24L01_SendBuf)
    NRF24L01_SendTxBuf                       0x08001785   Thumb Code    84  nrf24l01.o(i.NRF24L01_SendTxBuf)
    NRF24L01_Write_Buf                       0x080017d9   Thumb Code    56  nrf24l01.o(i.NRF24L01_Write_Buf)
    NRF24L01_Write_Reg                       0x08001811   Thumb Code    36  nrf24l01.o(i.NRF24L01_Write_Reg)
    OLED_Clear                               0x08001835   Thumb Code    36  oled.o(i.OLED_Clear)
    OLED_GPIO_Init                           0x0800185d   Thumb Code   166  oled.o(i.OLED_GPIO_Init)
    OLED_Init                                0x0800190d   Thumb Code   154  oled.o(i.OLED_Init)
    OLED_SPI_SendByte                        0x080019a7   Thumb Code    50  oled.o(i.OLED_SPI_SendByte)
    OLED_SetCursor                           0x080019d9   Thumb Code    34  oled.o(i.OLED_SetCursor)
    OLED_Update                              0x080019fd   Thumb Code    36  oled.o(i.OLED_Update)
    OLED_W_CS                                0x08001a25   Thumb Code    18  oled.o(i.OLED_W_CS)
    OLED_W_D0                                0x08001a3d   Thumb Code    18  oled.o(i.OLED_W_D0)
    OLED_W_D1                                0x08001a55   Thumb Code    18  oled.o(i.OLED_W_D1)
    OLED_W_DC                                0x08001a6d   Thumb Code    18  oled.o(i.OLED_W_DC)
    OLED_W_RES                               0x08001a85   Thumb Code    18  oled.o(i.OLED_W_RES)
    OLED_WriteCommand                        0x08001a9d   Thumb Code    30  oled.o(i.OLED_WriteCommand)
    OLED_WriteData                           0x08001abb   Thumb Code    44  oled.o(i.OLED_WriteData)
    PendSV_Handler                           0x08001ae7   Thumb Code     2  stm32f10x_it.o(i.PendSV_Handler)
    RCC_APB1PeriphClockCmd                   0x08001ae9   Thumb Code    26  stm32f10x_rcc.o(i.RCC_APB1PeriphClockCmd)
    RCC_APB2PeriphClockCmd                   0x08001b09   Thumb Code    26  stm32f10x_rcc.o(i.RCC_APB2PeriphClockCmd)
    R_IRQ                                    0x08001b29   Thumb Code    12  nrf24l01.o(i.R_IRQ)
    R_MISO                                   0x08001b39   Thumb Code    14  nrf24l01.o(i.R_MISO)
    SDA_IN_A                                 0x08001b4d   Thumb Code    40  myiic.o(i.SDA_IN_A)
    SDA_OUT_A                                0x08001b79   Thumb Code    40  myiic.o(i.SDA_OUT_A)
    SPI_SwapByte                             0x08001ba5   Thumb Code    50  nrf24l01.o(i.SPI_SwapByte)
    SVC_Handler                              0x08001bd7   Thumb Code     2  stm32f10x_it.o(i.SVC_Handler)
    Serial_SendByte                          0x08001bd9   Thumb Code    28  serial.o(i.Serial_SendByte)
    SysTick_Handler                          0x08001ce1   Thumb Code     2  stm32f10x_it.o(i.SysTick_Handler)
    SystemInit                               0x08001ce5   Thumb Code    78  system_stm32f10x.o(i.SystemInit)
    TIM_Cmd                                  0x08001d45   Thumb Code    24  stm32f10x_tim.o(i.TIM_Cmd)
    TIM_InternalClockConfig                  0x08001d5d   Thumb Code    12  stm32f10x_tim.o(i.TIM_InternalClockConfig)
    TIM_OC1Init                              0x08001d69   Thumb Code   132  stm32f10x_tim.o(i.TIM_OC1Init)
    TIM_OC2Init                              0x08001e01   Thumb Code   154  stm32f10x_tim.o(i.TIM_OC2Init)
    TIM_OC3Init                              0x08001ea5   Thumb Code   150  stm32f10x_tim.o(i.TIM_OC3Init)
    TIM_OC4Init                              0x08001f45   Thumb Code   114  stm32f10x_tim.o(i.TIM_OC4Init)
    TIM_OCStructInit                         0x08001fc1   Thumb Code    20  stm32f10x_tim.o(i.TIM_OCStructInit)
    TIM_TimeBaseInit                         0x08001fd5   Thumb Code   122  stm32f10x_tim.o(i.TIM_TimeBaseInit)
    USART1_IRQHandler                        0x08002079   Thumb Code    44  serial.o(i.USART1_IRQHandler)
    USART_ClearITPendingBit                  0x080020b1   Thumb Code    30  stm32f10x_usart.o(i.USART_ClearITPendingBit)
    USART_GetFlagStatus                      0x080020cf   Thumb Code    26  stm32f10x_usart.o(i.USART_GetFlagStatus)
    USART_GetITStatus                        0x080020e9   Thumb Code    84  stm32f10x_usart.o(i.USART_GetITStatus)
    USART_ReceiveData                        0x0800213d   Thumb Code    10  stm32f10x_usart.o(i.USART_ReceiveData)
    USART_SendData                           0x08002147   Thumb Code     8  stm32f10x_usart.o(i.USART_SendData)
    UsageFault_Handler                       0x0800214f   Thumb Code     4  stm32f10x_it.o(i.UsageFault_Handler)
    W_CE                                     0x08002155   Thumb Code    16  nrf24l01.o(i.W_CE)
    W_MOSI                                   0x08002169   Thumb Code    18  nrf24l01.o(i.W_MOSI)
    W_SCK                                    0x08002181   Thumb Code    16  nrf24l01.o(i.W_SCK)
    W_SS                                     0x08002195   Thumb Code    16  nrf24l01.o(i.W_SS)
    __ARM_fpclassify                         0x080021a9   Thumb Code    40  fpclassify.o(i.__ARM_fpclassify)
    __kernel_poly                            0x080021d1   Thumb Code   170  poly.o(i.__kernel_poly)
    __mathlib_dbl_infnan                     0x0800227b   Thumb Code     6  dunder.o(i.__mathlib_dbl_infnan)
    __mathlib_dbl_infnan2                    0x08002281   Thumb Code     4  dunder.o(i.__mathlib_dbl_infnan2)
    __mathlib_dbl_invalid                    0x08002285   Thumb Code    12  dunder.o(i.__mathlib_dbl_invalid)
    __mathlib_dbl_underflow                  0x08002291   Thumb Code    10  dunder.o(i.__mathlib_dbl_underflow)
    _is_digit                                0x080022a1   Thumb Code    14  __printf_wp.o(i._is_digit)
    asin                                     0x08002359   Thumb Code   572  asin.o(i.asin)
    atan                                     0x080025c9   Thumb Code   474  atan.o(i.atan)
    atan2                                    0x080027e9   Thumb Code   374  atan2.o(i.atan2)
    dmp_enable_6x_lp_quat                    0x080029e9   Thumb Code    60  inv_mpu_dmp_motion_driver.o(i.dmp_enable_6x_lp_quat)
    dmp_enable_feature                       0x08002a25   Thumb Code   530  inv_mpu_dmp_motion_driver.o(i.dmp_enable_feature)
    dmp_enable_gyro_cal                      0x08002c41   Thumb Code    62  inv_mpu_dmp_motion_driver.o(i.dmp_enable_gyro_cal)
    dmp_enable_lp_quat                       0x08002c99   Thumb Code    60  inv_mpu_dmp_motion_driver.o(i.dmp_enable_lp_quat)
    dmp_load_motion_driver_firmware          0x08002cd5   Thumb Code    20  inv_mpu_dmp_motion_driver.o(i.dmp_load_motion_driver_firmware)
    dmp_read_fifo                            0x08002ced   Thumb Code   456  inv_mpu_dmp_motion_driver.o(i.dmp_read_fifo)
    dmp_set_accel_bias                       0x08002eb9   Thumb Code   300  inv_mpu_dmp_motion_driver.o(i.dmp_set_accel_bias)
    dmp_set_fifo_rate                        0x08002fe9   Thumb Code    96  inv_mpu_dmp_motion_driver.o(i.dmp_set_fifo_rate)
    dmp_set_gyro_bias                        0x08003059   Thumb Code   294  inv_mpu_dmp_motion_driver.o(i.dmp_set_gyro_bias)
    dmp_set_orientation                      0x08003189   Thumb Code   290  inv_mpu_dmp_motion_driver.o(i.dmp_set_orientation)
    dmp_set_shake_reject_thresh              0x080032c1   Thumb Code    56  inv_mpu_dmp_motion_driver.o(i.dmp_set_shake_reject_thresh)
    dmp_set_shake_reject_time                0x080032f9   Thumb Code    38  inv_mpu_dmp_motion_driver.o(i.dmp_set_shake_reject_time)
    dmp_set_shake_reject_timeout             0x0800331f   Thumb Code    38  inv_mpu_dmp_motion_driver.o(i.dmp_set_shake_reject_timeout)
    dmp_set_tap_axes                         0x08003345   Thumb Code    70  inv_mpu_dmp_motion_driver.o(i.dmp_set_tap_axes)
    dmp_set_tap_count                        0x0800338b   Thumb Code    38  inv_mpu_dmp_motion_driver.o(i.dmp_set_tap_count)
    dmp_set_tap_thresh                       0x080033b1   Thumb Code   396  inv_mpu_dmp_motion_driver.o(i.dmp_set_tap_thresh)
    dmp_set_tap_time                         0x08003551   Thumb Code    38  inv_mpu_dmp_motion_driver.o(i.dmp_set_tap_time)
    dmp_set_tap_time_multi                   0x08003577   Thumb Code    38  inv_mpu_dmp_motion_driver.o(i.dmp_set_tap_time_multi)
    fputc                                    0x0800359d   Thumb Code    16  serial.o(i.fputc)
    inv_orientation_matrix_to_scalar         0x08003bdd   Thumb Code    40  inv_mpu.o(i.inv_orientation_matrix_to_scalar)
    inv_row_2_scale                          0x08003c05   Thumb Code    78  inv_mpu.o(i.inv_row_2_scale)
    main                                     0x08003c55   Thumb Code    68  main.o(i.main)
    mget_ms                                  0x08003cc1   Thumb Code     2  inv_mpu.o(i.mget_ms)
    mpu_configure_fifo                       0x08003cc5   Thumb Code   106  inv_mpu.o(i.mpu_configure_fifo)
    mpu_dmp_get_data                         0x08003d35   Thumb Code   544  inv_mpu.o(i.mpu_dmp_get_data)
    mpu_dmp_init                             0x08003f59   Thumb Code   202  inv_mpu.o(i.mpu_dmp_init)
    mpu_get_accel_fsr                        0x0800402d   Thumb Code    72  inv_mpu.o(i.mpu_get_accel_fsr)
    mpu_get_accel_sens                       0x08004079   Thumb Code    78  inv_mpu.o(i.mpu_get_accel_sens)
    mpu_get_fifo_config                      0x080040cd   Thumb Code    12  inv_mpu.o(i.mpu_get_fifo_config)
    mpu_get_gyro_fsr                         0x080040dd   Thumb Code    64  inv_mpu.o(i.mpu_get_gyro_fsr)
    mpu_get_gyro_sens                        0x08004121   Thumb Code    58  inv_mpu.o(i.mpu_get_gyro_sens)
    mpu_get_lpf                              0x08004171   Thumb Code    74  inv_mpu.o(i.mpu_get_lpf)
    mpu_get_sample_rate                      0x080041c1   Thumb Code    26  inv_mpu.o(i.mpu_get_sample_rate)
    mpu_init                                 0x080041e1   Thumb Code   416  inv_mpu.o(i.mpu_init)
    mpu_load_firmware                        0x080043d1   Thumb Code   180  inv_mpu.o(i.mpu_load_firmware)
    mpu_lp_accel_mode                        0x08004489   Thumb Code   218  inv_mpu.o(i.mpu_lp_accel_mode)
    mpu_read_fifo_stream                     0x08004569   Thumb Code   186  inv_mpu.o(i.mpu_read_fifo_stream)
    mpu_read_mem                             0x08004629   Thumb Code   122  inv_mpu.o(i.mpu_read_mem)
    mpu_reset_fifo                           0x080046a9   Thumb Code   450  inv_mpu.o(i.mpu_reset_fifo)
    mpu_run_self_test                        0x08004871   Thumb Code   278  inv_mpu.o(i.mpu_run_self_test)
    mpu_set_accel_fsr                        0x0800498d   Thumb Code   126  inv_mpu.o(i.mpu_set_accel_fsr)
    mpu_set_bypass                           0x08004a11   Thumb Code   328  inv_mpu.o(i.mpu_set_bypass)
    mpu_set_dmp_state                        0x08004b5d   Thumb Code   138  inv_mpu.o(i.mpu_set_dmp_state)
    mpu_set_gyro_fsr                         0x08004bed   Thumb Code   132  inv_mpu.o(i.mpu_set_gyro_fsr)
    mpu_set_int_latched                      0x08004c75   Thumb Code   102  inv_mpu.o(i.mpu_set_int_latched)
    mpu_set_lpf                              0x08004ce1   Thumb Code   126  inv_mpu.o(i.mpu_set_lpf)
    mpu_set_sample_rate                      0x08004d65   Thumb Code   152  inv_mpu.o(i.mpu_set_sample_rate)
    mpu_set_sensors                          0x08004e01   Thumb Code   202  inv_mpu.o(i.mpu_set_sensors)
    mpu_write_mem                            0x08004ed1   Thumb Code   122  inv_mpu.o(i.mpu_write_mem)
    run_self_test                            0x08004f51   Thumb Code   148  inv_mpu.o(i.run_self_test)
    send_tx                                  0x08004fe5   Thumb Code   686  function.o(i.send_tx)
    sqrt                                     0x08005349   Thumb Code    76  sqrt.o(i.sqrt)
    __aeabi_d2f                              0x08005395   Thumb Code     0  d2f.o(x$fpl$d2f)
    _d2f                                     0x08005395   Thumb Code    98  d2f.o(x$fpl$d2f)
    __aeabi_dadd                             0x080053f9   Thumb Code     0  daddsub_clz.o(x$fpl$dadd)
    _dadd                                    0x080053f9   Thumb Code   332  daddsub_clz.o(x$fpl$dadd)
    __fpl_dcheck_NaN1                        0x08005549   Thumb Code    10  dcheck1.o(x$fpl$dcheck1)
    __fpl_dcmp_Inf                           0x08005559   Thumb Code    24  dcmpi.o(x$fpl$dcmpinf)
    __aeabi_ddiv                             0x08005571   Thumb Code     0  ddiv.o(x$fpl$ddiv)
    _ddiv                                    0x08005571   Thumb Code   552  ddiv.o(x$fpl$ddiv)
    __aeabi_cdcmpeq                          0x08005821   Thumb Code     0  deqf.o(x$fpl$deqf)
    _dcmpeq                                  0x08005821   Thumb Code   120  deqf.o(x$fpl$deqf)
    __aeabi_dmul                             0x08005899   Thumb Code     0  dmul.o(x$fpl$dmul)
    _dmul                                    0x08005899   Thumb Code   332  dmul.o(x$fpl$dmul)
    __fpl_dnaninf                            0x080059ed   Thumb Code   156  dnaninf.o(x$fpl$dnaninf)
    __fpl_dretinf                            0x08005a89   Thumb Code    12  dretinf.o(x$fpl$dretinf)
    __aeabi_drsub                            0x08005a95   Thumb Code     0  daddsub_clz.o(x$fpl$drsb)
    _drsb                                    0x08005a95   Thumb Code    22  daddsub_clz.o(x$fpl$drsb)
    _dsqrt                                   0x08005aad   Thumb Code   456  dsqrt_noumaal.o(x$fpl$dsqrt)
    __aeabi_dsub                             0x08005c79   Thumb Code     0  daddsub_clz.o(x$fpl$dsub)
    _dsub                                    0x08005c79   Thumb Code   464  daddsub_clz.o(x$fpl$dsub)
    __aeabi_f2d                              0x08005e4d   Thumb Code     0  f2d.o(x$fpl$f2d)
    _f2d                                     0x08005e4d   Thumb Code    86  f2d.o(x$fpl$f2d)
    __aeabi_fadd                             0x08005ea5   Thumb Code     0  faddsub_clz.o(x$fpl$fadd)
    _fadd                                    0x08005ea5   Thumb Code   196  faddsub_clz.o(x$fpl$fadd)
    __fpl_fcmp_Inf                           0x08005f69   Thumb Code    24  fcmpi.o(x$fpl$fcmpinf)
    __aeabi_fdiv                             0x08005f81   Thumb Code     0  fdiv.o(x$fpl$fdiv)
    _fdiv                                    0x08005f81   Thumb Code   384  fdiv.o(x$fpl$fdiv)
    __aeabi_cfcmpeq                          0x08006105   Thumb Code     0  feqf.o(x$fpl$feqf)
    _fcmpeq                                  0x08006105   Thumb Code   104  feqf.o(x$fpl$feqf)
    __aeabi_f2iz                             0x0800616d   Thumb Code     0  ffix.o(x$fpl$ffix)
    _ffix                                    0x0800616d   Thumb Code    54  ffix.o(x$fpl$ffix)
    __aeabi_f2uiz                            0x080061a5   Thumb Code     0  ffixu.o(x$fpl$ffixu)
    _ffixu                                   0x080061a5   Thumb Code    62  ffixu.o(x$fpl$ffixu)
    __aeabi_i2f                              0x080061e5   Thumb Code     0  fflt_clz.o(x$fpl$fflt)
    _fflt                                    0x080061e5   Thumb Code    48  fflt_clz.o(x$fpl$fflt)
    __aeabi_ui2f                             0x08006215   Thumb Code     0  fflt_clz.o(x$fpl$ffltu)
    _ffltu                                   0x08006215   Thumb Code    38  fflt_clz.o(x$fpl$ffltu)
    __aeabi_cfcmple                          0x0800623d   Thumb Code     0  fleqf.o(x$fpl$fleqf)
    _fcmple                                  0x0800623d   Thumb Code   104  fleqf.o(x$fpl$fleqf)
    __fpl_fcmple_InfNaN                      0x0800628f   Thumb Code     0  fleqf.o(x$fpl$fleqf)
    __aeabi_fmul                             0x080062a5   Thumb Code     0  fmul.o(x$fpl$fmul)
    _fmul                                    0x080062a5   Thumb Code   258  fmul.o(x$fpl$fmul)
    __fpl_fnaninf                            0x080063a7   Thumb Code   140  fnaninf.o(x$fpl$fnaninf)
    __fpl_fretinf                            0x08006433   Thumb Code    10  fretinf.o(x$fpl$fretinf)
    __aeabi_cfrcmple                         0x0800643d   Thumb Code     0  frleqf.o(x$fpl$frleqf)
    _frcmple                                 0x0800643d   Thumb Code    98  frleqf.o(x$fpl$frleqf)
    __aeabi_fsub                             0x080064a1   Thumb Code     0  faddsub_clz.o(x$fpl$fsub)
    _fsub                                    0x080064a1   Thumb Code   234  faddsub_clz.o(x$fpl$fsub)
    __fpl_return_NaN                         0x0800658b   Thumb Code   100  retnan.o(x$fpl$retnan)
    __ARM_scalbn                             0x080065ef   Thumb Code    92  scalbn.o(x$fpl$scalbn)
    __fpl_cmpreturn                          0x0800664b   Thumb Code    48  trapv.o(x$fpl$trapveneer)
    TX_ADDRESS                               0x0800667a   Data           5  nrf24l01.o(.constdata)
    __I$use$fp                               0x0800667a   Number         0  usenofp.o(x$fpl$usenofp)
    RX_ADDRESS                               0x0800667f   Data           5  nrf24l01.o(.constdata)
    reg                                      0x08006684   Data          27  inv_mpu.o(.constdata)
    hw                                       0x080066a0   Data          12  inv_mpu.o(.constdata)
    test                                     0x080066ac   Data          40  inv_mpu.o(.constdata)
    __mathlib_zero                           0x080073c8   Data           8  qnan.o(.constdata)
    __stdin_name                             0x080073d0   Data           4  sys_io.o(.constdata)
    __stdout_name                            0x080073d4   Data           4  sys_io.o(.constdata)
    __stderr_name                            0x080073d8   Data           4  sys_io.o(.constdata)
    Region$$Table$$Base                      0x0800742c   Number         0  anon$$obj.o(Region$$Table)
    Region$$Table$$Limit                     0x0800744c   Number         0  anon$$obj.o(Region$$Table)
    Serial_RxData                            0x20000000   Data           1  serial.o(.data)
    Serial_RxFlag                            0x20000001   Data           1  serial.o(.data)
    count                                    0x20000004   Data           4  pid.o(.data)
    time                                     0x20000008   Data           4  pid.o(.data)
    Pitch                                    0x2000000c   Data           4  pid.o(.data)
    Roll                                     0x20000010   Data           4  pid.o(.data)
    Yaw                                      0x20000014   Data           4  pid.o(.data)
    gyro_pitch                               0x20000018   Data           4  pid.o(.data)
    gyro_roll                                0x2000001c   Data           4  pid.o(.data)
    gyro_raw                                 0x20000020   Data           6  pid.o(.data)
    gyro_scale                               0x20000028   Data           4  pid.o(.data)
    flag                                     0x2000002c   Data           1  pid.o(.data)
    flagx                                    0x2000002d   Data           1  pid.o(.data)
    state                                    0x2000002e   Data           1  pid.o(.data)
    flag_swing                               0x2000002f   Data           1  pid.o(.data)
    start_time                               0x20000030   Data           4  pid.o(.data)
    deal_time                                0x20000034   Data           4  pid.o(.data)
    deal_flag                                0x20000038   Data           4  pid.o(.data)
    gyro_last                                0x2000003c   Data           4  function.o(.data)
    gyro_current                             0x20000040   Data           4  function.o(.data)
    gyro_error                               0x20000044   Data           4  function.o(.data)
    Pitch_max                                0x20000048   Data           4  function.o(.data)
    Pitch_max_temp                           0x2000004c   Data           4  function.o(.data)
    flag1                                    0x20000050   Data           4  function.o(.data)
    flag2                                    0x20000054   Data           4  function.o(.data)
    flag_count                               0x20000058   Data           4  function.o(.data)
    flag_start                               0x2000005c   Data           4  function.o(.data)
    Pitch_PWM                                0x20000060   Data           4  function.o(.data)
    Roll_PWM                                 0x20000064   Data           4  function.o(.data)
    Pitch_temp                               0x20000068   Data           4  main.o(.data)
    Roll_temp                                0x2000006c   Data           4  main.o(.data)
    res                                      0x200000a5   Data           1  inv_mpu.o(.data)
    __aeabi_stdin                            0x200000a8   Data           4  stdio_streams.o(.data)
    __aeabi_stdout                           0x200000ac   Data           4  stdio_streams.o(.data)
    __aeabi_stderr                           0x200000b0   Data           4  stdio_streams.o(.data)
    OLED_DisplayBuf                          0x200000b4   Data        1024  oled.o(.bss)
    Pitch_angle                              0x200004b4   Data          52  pid.o(.bss)
    Pitch_angularSpeed                       0x200004e8   Data          52  pid.o(.bss)
    Roll_angle                               0x2000051c   Data          52  pid.o(.bss)
    Roll_angularSpeed                        0x20000550   Data          52  pid.o(.bss)
    gyro_real                                0x20000584   Data          12  pid.o(.bss)
    ave_filter                               0x20000590   Data          60  pid.o(.bss)
    sum_angularSpeed                         0x200005cc   Data          12  pid.o(.bss)
    sum_angle                                0x200005d8   Data          12  pid.o(.bss)
    gyro_real_temp                           0x200005e4   Data          12  main.o(.bss)
    Data_tx                                  0x200005f0   Data          32  main.o(.bss)
    Data_rx                                  0x20000610   Data          32  main.o(.bss)
    __stdin                                  0x20000640   Data          84  stdio_streams.o(.bss)
    __stdout                                 0x20000694   Data          84  stdio_streams.o(.bss)
    __stderr                                 0x200006e8   Data          84  stdio_streams.o(.bss)
    __libspace_start                         0x2000073c   Data          96  libspace.o(.bss)
    __temporary_stack_top$libspace           0x2000079c   Data           0  libspace.o(.bss)



==============================================================================

Memory Map of the image

  Image Entry point : 0x080000ed

  Load Region LR_IROM1 (Base: 0x08000000, Size: 0x00007500, Max: 0x00010000, ABSOLUTE)

    Execution Region ER_IROM1 (Exec base: 0x08000000, Load base: 0x08000000, Size: 0x0000744c, Max: 0x00010000, ABSOLUTE)

    Exec Addr    Load Addr    Size         Type   Attr      Idx    E Section Name        Object

    0x08000000   0x08000000   0x000000ec   Data   RO            3    RESET               startup_stm32f10x_md.o
    0x080000ec   0x080000ec   0x00000008   Code   RO         4741  * !!!main             c_w.l(__main.o)
    0x080000f4   0x080000f4   0x00000034   Code   RO         5386    !!!scatter          c_w.l(__scatter.o)
    0x08000128   0x08000128   0x0000001a   Code   RO         5388    !!handler_copy      c_w.l(__scatter_copy.o)
    0x08000142   0x08000142   0x00000002   PAD
    0x08000144   0x08000144   0x0000001c   Code   RO         5390    !!handler_zi        c_w.l(__scatter_zi.o)
    0x08000160   0x08000160   0x00000000   Code   RO         4730    .ARM.Collect$$_printf_percent$$00000000  c_w.l(_printf_percent.o)
    0x08000160   0x08000160   0x00000006   Code   RO         4729    .ARM.Collect$$_printf_percent$$00000009  c_w.l(_printf_d.o)
    0x08000166   0x08000166   0x00000004   Code   RO         4922    .ARM.Collect$$_printf_percent$$00000017  c_w.l(_printf_percent_end.o)
    0x0800016a   0x0800016a   0x00000002   Code   RO         5186    .ARM.Collect$$libinit$$00000000  c_w.l(libinit.o)
    0x0800016c   0x0800016c   0x00000000   Code   RO         5188    .ARM.Collect$$libinit$$00000002  c_w.l(libinit2.o)
    0x0800016c   0x0800016c   0x00000000   Code   RO         5190    .ARM.Collect$$libinit$$00000004  c_w.l(libinit2.o)
    0x0800016c   0x0800016c   0x00000008   Code   RO         5191    .ARM.Collect$$libinit$$00000005  c_w.l(libinit2.o)
    0x08000174   0x08000174   0x00000000   Code   RO         5193    .ARM.Collect$$libinit$$0000000A  c_w.l(libinit2.o)
    0x08000174   0x08000174   0x00000000   Code   RO         5195    .ARM.Collect$$libinit$$0000000C  c_w.l(libinit2.o)
    0x08000174   0x08000174   0x00000000   Code   RO         5197    .ARM.Collect$$libinit$$0000000E  c_w.l(libinit2.o)
    0x08000174   0x08000174   0x00000000   Code   RO         5200    .ARM.Collect$$libinit$$00000011  c_w.l(libinit2.o)
    0x08000174   0x08000174   0x00000000   Code   RO         5202    .ARM.Collect$$libinit$$00000013  c_w.l(libinit2.o)
    0x08000174   0x08000174   0x00000000   Code   RO         5204    .ARM.Collect$$libinit$$00000015  c_w.l(libinit2.o)
    0x08000174   0x08000174   0x00000000   Code   RO         5206    .ARM.Collect$$libinit$$00000017  c_w.l(libinit2.o)
    0x08000174   0x08000174   0x00000000   Code   RO         5208    .ARM.Collect$$libinit$$00000019  c_w.l(libinit2.o)
    0x08000174   0x08000174   0x00000000   Code   RO         5210    .ARM.Collect$$libinit$$0000001B  c_w.l(libinit2.o)
    0x08000174   0x08000174   0x00000000   Code   RO         5212    .ARM.Collect$$libinit$$0000001D  c_w.l(libinit2.o)
    0x08000174   0x08000174   0x00000000   Code   RO         5214    .ARM.Collect$$libinit$$0000001F  c_w.l(libinit2.o)
    0x08000174   0x08000174   0x00000000   Code   RO         5216    .ARM.Collect$$libinit$$00000021  c_w.l(libinit2.o)
    0x08000174   0x08000174   0x00000000   Code   RO         5218    .ARM.Collect$$libinit$$00000023  c_w.l(libinit2.o)
    0x08000174   0x08000174   0x00000004   Code   RO         5219    .ARM.Collect$$libinit$$00000024  c_w.l(libinit2.o)
    0x08000178   0x08000178   0x00000000   Code   RO         5220    .ARM.Collect$$libinit$$00000025  c_w.l(libinit2.o)
    0x08000178   0x08000178   0x00000000   Code   RO         5224    .ARM.Collect$$libinit$$0000002C  c_w.l(libinit2.o)
    0x08000178   0x08000178   0x00000000   Code   RO         5226    .ARM.Collect$$libinit$$0000002E  c_w.l(libinit2.o)
    0x08000178   0x08000178   0x00000000   Code   RO         5228    .ARM.Collect$$libinit$$00000030  c_w.l(libinit2.o)
    0x08000178   0x08000178   0x00000000   Code   RO         5230    .ARM.Collect$$libinit$$00000032  c_w.l(libinit2.o)
    0x08000178   0x08000178   0x00000002   Code   RO         5231    .ARM.Collect$$libinit$$00000033  c_w.l(libinit2.o)
    0x0800017a   0x0800017a   0x00000002   Code   RO         5367    .ARM.Collect$$libshutdown$$00000000  c_w.l(libshutdown.o)
    0x0800017c   0x0800017c   0x00000000   Code   RO         5233    .ARM.Collect$$libshutdown$$00000002  c_w.l(libshutdown2.o)
    0x0800017c   0x0800017c   0x00000000   Code   RO         5235    .ARM.Collect$$libshutdown$$00000004  c_w.l(libshutdown2.o)
    0x0800017c   0x0800017c   0x00000004   Code   RO         5236    .ARM.Collect$$libshutdown$$00000005  c_w.l(libshutdown2.o)
    0x08000180   0x08000180   0x00000000   Code   RO         5237    .ARM.Collect$$libshutdown$$00000006  c_w.l(libshutdown2.o)
    0x08000180   0x08000180   0x00000000   Code   RO         5240    .ARM.Collect$$libshutdown$$00000009  c_w.l(libshutdown2.o)
    0x08000180   0x08000180   0x00000000   Code   RO         5243    .ARM.Collect$$libshutdown$$0000000C  c_w.l(libshutdown2.o)
    0x08000180   0x08000180   0x00000000   Code   RO         5245    .ARM.Collect$$libshutdown$$0000000E  c_w.l(libshutdown2.o)
    0x08000180   0x08000180   0x00000000   Code   RO         5248    .ARM.Collect$$libshutdown$$00000011  c_w.l(libshutdown2.o)
    0x08000180   0x08000180   0x00000002   Code   RO         5249    .ARM.Collect$$libshutdown$$00000012  c_w.l(libshutdown2.o)
    0x08000182   0x08000182   0x00000000   Code   RO         4881    .ARM.Collect$$rtentry$$00000000  c_w.l(__rtentry.o)
    0x08000182   0x08000182   0x00000000   Code   RO         5009    .ARM.Collect$$rtentry$$00000002  c_w.l(__rtentry2.o)
    0x08000182   0x08000182   0x00000006   Code   RO         5021    .ARM.Collect$$rtentry$$00000004  c_w.l(__rtentry4.o)
    0x08000188   0x08000188   0x00000000   Code   RO         5011    .ARM.Collect$$rtentry$$00000009  c_w.l(__rtentry2.o)
    0x08000188   0x08000188   0x00000004   Code   RO         5012    .ARM.Collect$$rtentry$$0000000A  c_w.l(__rtentry2.o)
    0x0800018c   0x0800018c   0x00000000   Code   RO         5014    .ARM.Collect$$rtentry$$0000000C  c_w.l(__rtentry2.o)
    0x0800018c   0x0800018c   0x00000008   Code   RO         5015    .ARM.Collect$$rtentry$$0000000D  c_w.l(__rtentry2.o)
    0x08000194   0x08000194   0x00000002   Code   RO         5257    .ARM.Collect$$rtexit$$00000000  c_w.l(rtexit.o)
    0x08000196   0x08000196   0x00000000   Code   RO         5316    .ARM.Collect$$rtexit$$00000002  c_w.l(rtexit2.o)
    0x08000196   0x08000196   0x00000004   Code   RO         5317    .ARM.Collect$$rtexit$$00000003  c_w.l(rtexit2.o)
    0x0800019a   0x0800019a   0x00000006   Code   RO         5318    .ARM.Collect$$rtexit$$00000004  c_w.l(rtexit2.o)
    0x080001a0   0x080001a0   0x00000000   Code   RO         5322    .emb_text           c_w.l(maybetermalloc1.o)
    0x080001a0   0x080001a0   0x00000040   Code   RO            4    .text               startup_stm32f10x_md.o
    0x080001e0   0x080001e0   0x00000048   Code   RO         4673    .text               c_w.l(llsdiv.o)
    0x08000228   0x08000228   0x00000018   Code   RO         4677    .text               c_w.l(__2printf.o)
    0x08000240   0x08000240   0x00000078   Code   RO         4685    .text               c_w.l(_printf_dec.o)
    0x080002b8   0x080002b8   0x00000188   Code   RO         4725    .text               c_w.l(__printf_flags_ss_wp.o)
    0x08000440   0x08000440   0x00000058   Code   RO         4731    .text               c_w.l(memcmp.o)
    0x08000498   0x08000498   0x00000010   Code   RO         4733    .text               c_w.l(aeabi_memset.o)
    0x080004a8   0x080004a8   0x0000004e   Code   RO         4735    .text               c_w.l(rt_memclr_w.o)
    0x080004f6   0x080004f6   0x00000006   Code   RO         4739    .text               c_w.l(heapauxi.o)
    0x080004fc   0x080004fc   0x000000ee   Code   RO         4882    .text               c_w.l(lludivv7m.o)
    0x080005ea   0x080005ea   0x00000016   Code   RO         4884    .text               c_w.l(_rserrno.o)
    0x08000600   0x08000600   0x000000b2   Code   RO         4890    .text               c_w.l(_printf_intcommon.o)
    0x080006b2   0x080006b2   0x00000002   PAD
    0x080006b4   0x080006b4   0x00000030   Code   RO         4894    .text               c_w.l(_printf_char_common.o)
    0x080006e4   0x080006e4   0x00000024   Code   RO         4898    .text               c_w.l(_printf_char_file.o)
    0x08000708   0x08000708   0x00000044   Code   RO         4938    .text               c_w.l(rt_memclr.o)
    0x0800074c   0x0800074c   0x00000008   Code   RO         5030    .text               c_w.l(rt_errno_addr_intlibspace.o)
    0x08000754   0x08000754   0x00000008   Code   RO         5045    .text               c_w.l(ferror.o)
    0x0800075c   0x0800075c   0x00000138   Code   RO         5047    .text               c_w.l(initio.o)
    0x08000894   0x08000894   0x00000066   Code   RO         5057    .text               c_w.l(sys_io.o)
    0x080008fa   0x080008fa   0x00000002   PAD
    0x080008fc   0x080008fc   0x00000008   Code   RO         5062    .text               c_w.l(libspace.o)
    0x08000904   0x08000904   0x0000004a   Code   RO         5067    .text               c_w.l(sys_stackheap_outer.o)
    0x0800094e   0x0800094e   0x0000004e   Code   RO         5080    .text               c_w.l(h1_free.o)
    0x0800099c   0x0800099c   0x00000046   Code   RO         5161    .text               c_w.l(setvbuf.o)
    0x080009e2   0x080009e2   0x00000002   PAD
    0x080009e4   0x080009e4   0x000000ec   Code   RO         5164    .text               c_w.l(fopen.o)
    0x08000ad0   0x08000ad0   0x0000004c   Code   RO         5166    .text               c_w.l(fclose.o)
    0x08000b1c   0x08000b1c   0x00000012   Code   RO         5175    .text               c_w.l(exit.o)
    0x08000b2e   0x08000b2e   0x0000000e   Code   RO         5177    .text               c_w.l(defsig_rtred_outer.o)
    0x08000b3c   0x08000b3c   0x00000002   Code   RO         5254    .text               c_w.l(use_no_semi.o)
    0x08000b3e   0x08000b3e   0x00000000   Code   RO         5256    .text               c_w.l(indicate_semi.o)
    0x08000b3e   0x08000b3e   0x00000002   PAD
    0x08000b40   0x08000b40   0x00000008   Code   RO         5264    .text               c_w.l(rt_heap_descriptor_intlibspace.o)
    0x08000b48   0x08000b48   0x00000004   Code   RO         5266    .text               c_w.l(hguard.o)
    0x08000b4c   0x08000b4c   0x0000008a   Code   RO         5268    .text               c_w.l(init_alloc.o)
    0x08000bd6   0x08000bd6   0x0000005e   Code   RO         5274    .text               c_w.l(h1_alloc.o)
    0x08000c34   0x08000c34   0x000000f8   Code   RO         5288    .text               c_w.l(fseek.o)
    0x08000d2c   0x08000d2c   0x000000f0   Code   RO         5290    .text               c_w.l(stdio.o)
    0x08000e1c   0x08000e1c   0x0000000a   Code   RO         5295    .text               c_w.l(defsig_exit.o)
    0x08000e26   0x08000e26   0x00000002   PAD
    0x08000e28   0x08000e28   0x00000034   Code   RO         5301    .text               c_w.l(defsig_rtred_inner.o)
    0x08000e5c   0x08000e5c   0x0000003e   Code   RO         5303    .text               c_w.l(strlen.o)
    0x08000e9a   0x08000e9a   0x00000002   PAD
    0x08000e9c   0x08000e9c   0x0000000c   Code   RO         5313    .text               c_w.l(sys_exit.o)
    0x08000ea8   0x08000ea8   0x0000000e   Code   RO         5324    .text               c_w.l(h1_init.o)
    0x08000eb6   0x08000eb6   0x00000034   Code   RO         5326    .text               c_w.l(h1_extend.o)
    0x08000eea   0x08000eea   0x00000042   Code   RO         5332    .text               c_w.l(ftell.o)
    0x08000f2c   0x08000f2c   0x00000032   Code   RO         5336    .text               c_w.l(defsig_general.o)
    0x08000f5e   0x08000f5e   0x0000000e   Code   RO         5340    .text               c_w.l(defsig_rtmem_outer.o)
    0x08000f6c   0x08000f6c   0x0000000e   Code   RO         5353    .text               c_w.l(sys_wrch.o)
    0x08000f7a   0x08000f7a   0x00000002   PAD
    0x08000f7c   0x08000f7c   0x00000050   Code   RO         5361    .text               c_w.l(defsig_rtmem_inner.o)
    0x08000fcc   0x08000fcc   0x00000004   Code   RO         3939    i.BusFault_Handler  stm32f10x_it.o
    0x08000fd0   0x08000fd0   0x00000002   Code   RO         3940    i.DebugMon_Handler  stm32f10x_it.o
    0x08000fd2   0x08000fd2   0x00000018   Code   RO         3196    i.Delay_ms          delay.o
    0x08000fea   0x08000fea   0x0000002e   Code   RO         3198    i.Delay_us          delay.o
    0x08001018   0x08001018   0x00000116   Code   RO         1347    i.GPIO_Init         stm32f10x_gpio.o
    0x0800112e   0x0800112e   0x00000012   Code   RO         1351    i.GPIO_ReadInputDataBit  stm32f10x_gpio.o
    0x08001140   0x08001140   0x0000000a   Code   RO         1358    i.GPIO_WriteBit     stm32f10x_gpio.o
    0x0800114a   0x0800114a   0x00000004   Code   RO         3941    i.HardFault_Handler  stm32f10x_it.o
    0x0800114e   0x0800114e   0x00000002   PAD
    0x08001150   0x08001150   0x00000038   Code   RO         4602    i.IIC_Ack           myiic.o
    0x08001188   0x08001188   0x00000040   Code   RO         4603    i.IIC_Init          myiic.o
    0x080011c8   0x080011c8   0x00000038   Code   RO         4604    i.IIC_NAck          myiic.o
    0x08001200   0x08001200   0x00000058   Code   RO         4605    i.IIC_Read_Byte     myiic.o
    0x08001258   0x08001258   0x00000050   Code   RO         4606    i.IIC_Send_Byte     myiic.o
    0x080012a8   0x080012a8   0x00000038   Code   RO         4607    i.IIC_Start         myiic.o
    0x080012e0   0x080012e0   0x00000034   Code   RO         4608    i.IIC_Stop          myiic.o
    0x08001314   0x08001314   0x0000004c   Code   RO         4609    i.IIC_Wait_Ack      myiic.o
    0x08001360   0x08001360   0x00000074   Code   RO         4007    i.MPU_Read_Len      mpu6050.o
    0x080013d4   0x080013d4   0x00000060   Code   RO         4013    i.MPU_Write_Len     mpu6050.o
    0x08001434   0x08001434   0x00000004   Code   RO         3942    i.MemManage_Handler  stm32f10x_it.o
    0x08001438   0x08001438   0x0000010c   Code   RO         3784    i.Motor_PWM_Init    motor.o
    0x08001544   0x08001544   0x00000002   Code   RO         3943    i.NMI_Handler       stm32f10x_it.o
    0x08001546   0x08001546   0x00000002   PAD
    0x08001548   0x08001548   0x00000070   Code   RO         3558    i.NRF24L01_Check    nrf24l01.o
    0x080015b8   0x080015b8   0x00000016   Code   RO         3562    i.NRF24L01_Init     nrf24l01.o
    0x080015ce   0x080015ce   0x00000002   PAD
    0x080015d0   0x080015d0   0x000000b4   Code   RO         3563    i.NRF24L01_Pin_Init  nrf24l01.o
    0x08001684   0x08001684   0x0000006c   Code   RO         3564    i.NRF24L01_RT_Init  nrf24l01.o
    0x080016f0   0x080016f0   0x00000038   Code   RO         3565    i.NRF24L01_Read_Buf  nrf24l01.o
    0x08001728   0x08001728   0x00000022   Code   RO         3566    i.NRF24L01_Read_Reg  nrf24l01.o
    0x0800174a   0x0800174a   0x0000003a   Code   RO         3567    i.NRF24L01_SendBuf  nrf24l01.o
    0x08001784   0x08001784   0x00000054   Code   RO         3570    i.NRF24L01_SendTxBuf  nrf24l01.o
    0x080017d8   0x080017d8   0x00000038   Code   RO         3571    i.NRF24L01_Write_Buf  nrf24l01.o
    0x08001810   0x08001810   0x00000024   Code   RO         3572    i.NRF24L01_Write_Reg  nrf24l01.o
    0x08001834   0x08001834   0x00000028   Code   RO         3292    i.OLED_Clear        oled.o
    0x0800185c   0x0800185c   0x000000b0   Code   RO         3301    i.OLED_GPIO_Init    oled.o
    0x0800190c   0x0800190c   0x0000009a   Code   RO         3303    i.OLED_Init         oled.o
    0x080019a6   0x080019a6   0x00000032   Code   RO         3309    i.OLED_SPI_SendByte  oled.o
    0x080019d8   0x080019d8   0x00000022   Code   RO         3310    i.OLED_SetCursor    oled.o
    0x080019fa   0x080019fa   0x00000002   PAD
    0x080019fc   0x080019fc   0x00000028   Code   RO         3320    i.OLED_Update       oled.o
    0x08001a24   0x08001a24   0x00000018   Code   RO         3322    i.OLED_W_CS         oled.o
    0x08001a3c   0x08001a3c   0x00000018   Code   RO         3323    i.OLED_W_D0         oled.o
    0x08001a54   0x08001a54   0x00000018   Code   RO         3324    i.OLED_W_D1         oled.o
    0x08001a6c   0x08001a6c   0x00000018   Code   RO         3325    i.OLED_W_DC         oled.o
    0x08001a84   0x08001a84   0x00000018   Code   RO         3326    i.OLED_W_RES        oled.o
    0x08001a9c   0x08001a9c   0x0000001e   Code   RO         3327    i.OLED_WriteCommand  oled.o
    0x08001aba   0x08001aba   0x0000002c   Code   RO         3328    i.OLED_WriteData    oled.o
    0x08001ae6   0x08001ae6   0x00000002   Code   RO         3944    i.PendSV_Handler    stm32f10x_it.o
    0x08001ae8   0x08001ae8   0x00000020   Code   RO         1775    i.RCC_APB1PeriphClockCmd  stm32f10x_rcc.o
    0x08001b08   0x08001b08   0x00000020   Code   RO         1777    i.RCC_APB2PeriphClockCmd  stm32f10x_rcc.o
    0x08001b28   0x08001b28   0x00000010   Code   RO         3573    i.R_IRQ             nrf24l01.o
    0x08001b38   0x08001b38   0x00000014   Code   RO         3574    i.R_MISO            nrf24l01.o
    0x08001b4c   0x08001b4c   0x0000002c   Code   RO         4610    i.SDA_IN_A          myiic.o
    0x08001b78   0x08001b78   0x0000002c   Code   RO         4611    i.SDA_OUT_A         myiic.o
    0x08001ba4   0x08001ba4   0x00000032   Code   RO         3575    i.SPI_SwapByte      nrf24l01.o
    0x08001bd6   0x08001bd6   0x00000002   Code   RO         3945    i.SVC_Handler       stm32f10x_it.o
    0x08001bd8   0x08001bd8   0x00000020   Code   RO         3711    i.Serial_SendByte   serial.o
    0x08001bf8   0x08001bf8   0x00000008   Code   RO           24    i.SetSysClock       system_stm32f10x.o
    0x08001c00   0x08001c00   0x000000e0   Code   RO           25    i.SetSysClockTo72   system_stm32f10x.o
    0x08001ce0   0x08001ce0   0x00000002   Code   RO         3946    i.SysTick_Handler   stm32f10x_it.o
    0x08001ce2   0x08001ce2   0x00000002   PAD
    0x08001ce4   0x08001ce4   0x00000060   Code   RO           27    i.SystemInit        system_stm32f10x.o
    0x08001d44   0x08001d44   0x00000018   Code   RO         2421    i.TIM_Cmd           stm32f10x_tim.o
    0x08001d5c   0x08001d5c   0x0000000c   Code   RO         2448    i.TIM_InternalClockConfig  stm32f10x_tim.o
    0x08001d68   0x08001d68   0x00000098   Code   RO         2450    i.TIM_OC1Init       stm32f10x_tim.o
    0x08001e00   0x08001e00   0x000000a4   Code   RO         2455    i.TIM_OC2Init       stm32f10x_tim.o
    0x08001ea4   0x08001ea4   0x000000a0   Code   RO         2460    i.TIM_OC3Init       stm32f10x_tim.o
    0x08001f44   0x08001f44   0x0000007c   Code   RO         2465    i.TIM_OC4Init       stm32f10x_tim.o
    0x08001fc0   0x08001fc0   0x00000014   Code   RO         2468    i.TIM_OCStructInit  stm32f10x_tim.o
    0x08001fd4   0x08001fd4   0x000000a4   Code   RO         2492    i.TIM_TimeBaseInit  stm32f10x_tim.o
    0x08002078   0x08002078   0x00000038   Code   RO         3714    i.USART1_IRQHandler  serial.o
    0x080020b0   0x080020b0   0x0000001e   Code   RO         2957    i.USART_ClearITPendingBit  stm32f10x_usart.o
    0x080020ce   0x080020ce   0x0000001a   Code   RO         2963    i.USART_GetFlagStatus  stm32f10x_usart.o
    0x080020e8   0x080020e8   0x00000054   Code   RO         2964    i.USART_GetITStatus  stm32f10x_usart.o
    0x0800213c   0x0800213c   0x0000000a   Code   RO         2974    i.USART_ReceiveData  stm32f10x_usart.o
    0x08002146   0x08002146   0x00000008   Code   RO         2977    i.USART_SendData    stm32f10x_usart.o
    0x0800214e   0x0800214e   0x00000004   Code   RO         3947    i.UsageFault_Handler  stm32f10x_it.o
    0x08002152   0x08002152   0x00000002   PAD
    0x08002154   0x08002154   0x00000014   Code   RO         3576    i.W_CE              nrf24l01.o
    0x08002168   0x08002168   0x00000018   Code   RO         3577    i.W_MOSI            nrf24l01.o
    0x08002180   0x08002180   0x00000014   Code   RO         3578    i.W_SCK             nrf24l01.o
    0x08002194   0x08002194   0x00000014   Code   RO         3579    i.W_SS              nrf24l01.o
    0x080021a8   0x080021a8   0x00000028   Code   RO         4986    i.__ARM_fpclassify  m_ws.l(fpclassify.o)
    0x080021d0   0x080021d0   0x000000aa   Code   RO         4988    i.__kernel_poly     m_ws.l(poly.o)
    0x0800227a   0x0800227a   0x00000006   Code   RO         4973    i.__mathlib_dbl_infnan  m_ws.l(dunder.o)
    0x08002280   0x08002280   0x00000004   Code   RO         4974    i.__mathlib_dbl_infnan2  m_ws.l(dunder.o)
    0x08002284   0x08002284   0x0000000c   Code   RO         4975    i.__mathlib_dbl_invalid  m_ws.l(dunder.o)
    0x08002290   0x08002290   0x00000010   Code   RO         4978    i.__mathlib_dbl_underflow  m_ws.l(dunder.o)
    0x080022a0   0x080022a0   0x0000000e   Code   RO         4718    i._is_digit         c_w.l(__printf_wp.o)
    0x080022ae   0x080022ae   0x00000002   PAD
    0x080022b0   0x080022b0   0x000000a8   Code   RO         4086    i.accel_self_test   inv_mpu.o
    0x08002358   0x08002358   0x00000270   Code   RO         4810    i.asin              m_ws.l(asin.o)
    0x080025c8   0x080025c8   0x00000220   Code   RO         4820    i.atan              m_ws.l(atan.o)
    0x080027e8   0x080027e8   0x0000019c   Code   RO         4830    i.atan2             m_ws.l(atan2.o)
    0x08002984   0x08002984   0x00000064   Code   RO         4420    i.decode_gesture    inv_mpu_dmp_motion_driver.o
    0x080029e8   0x080029e8   0x0000003c   Code   RO         4421    i.dmp_enable_6x_lp_quat  inv_mpu_dmp_motion_driver.o
    0x08002a24   0x08002a24   0x0000021c   Code   RO         4422    i.dmp_enable_feature  inv_mpu_dmp_motion_driver.o
    0x08002c40   0x08002c40   0x00000058   Code   RO         4423    i.dmp_enable_gyro_cal  inv_mpu_dmp_motion_driver.o
    0x08002c98   0x08002c98   0x0000003c   Code   RO         4424    i.dmp_enable_lp_quat  inv_mpu_dmp_motion_driver.o
    0x08002cd4   0x08002cd4   0x00000018   Code   RO         4429    i.dmp_load_motion_driver_firmware  inv_mpu_dmp_motion_driver.o
    0x08002cec   0x08002cec   0x000001cc   Code   RO         4430    i.dmp_read_fifo     inv_mpu_dmp_motion_driver.o
    0x08002eb8   0x08002eb8   0x00000130   Code   RO         4433    i.dmp_set_accel_bias  inv_mpu_dmp_motion_driver.o
    0x08002fe8   0x08002fe8   0x00000070   Code   RO         4434    i.dmp_set_fifo_rate  inv_mpu_dmp_motion_driver.o
    0x08003058   0x08003058   0x00000130   Code   RO         4435    i.dmp_set_gyro_bias  inv_mpu_dmp_motion_driver.o
    0x08003188   0x08003188   0x00000138   Code   RO         4437    i.dmp_set_orientation  inv_mpu_dmp_motion_driver.o
    0x080032c0   0x080032c0   0x00000038   Code   RO         4440    i.dmp_set_shake_reject_thresh  inv_mpu_dmp_motion_driver.o
    0x080032f8   0x080032f8   0x00000026   Code   RO         4441    i.dmp_set_shake_reject_time  inv_mpu_dmp_motion_driver.o
    0x0800331e   0x0800331e   0x00000026   Code   RO         4442    i.dmp_set_shake_reject_timeout  inv_mpu_dmp_motion_driver.o
    0x08003344   0x08003344   0x00000046   Code   RO         4443    i.dmp_set_tap_axes  inv_mpu_dmp_motion_driver.o
    0x0800338a   0x0800338a   0x00000026   Code   RO         4444    i.dmp_set_tap_count  inv_mpu_dmp_motion_driver.o
    0x080033b0   0x080033b0   0x000001a0   Code   RO         4445    i.dmp_set_tap_thresh  inv_mpu_dmp_motion_driver.o
    0x08003550   0x08003550   0x00000026   Code   RO         4446    i.dmp_set_tap_time  inv_mpu_dmp_motion_driver.o
    0x08003576   0x08003576   0x00000026   Code   RO         4447    i.dmp_set_tap_time_multi  inv_mpu_dmp_motion_driver.o
    0x0800359c   0x0800359c   0x00000010   Code   RO         3715    i.fputc             serial.o
    0x080035ac   0x080035ac   0x000000b4   Code   RO         4087    i.get_accel_prod_shift  inv_mpu.o
    0x08003660   0x08003660   0x0000046c   Code   RO         4088    i.get_st_biases     inv_mpu.o
    0x08003acc   0x08003acc   0x00000110   Code   RO         4089    i.gyro_self_test    inv_mpu.o
    0x08003bdc   0x08003bdc   0x00000028   Code   RO         4090    i.inv_orientation_matrix_to_scalar  inv_mpu.o
    0x08003c04   0x08003c04   0x0000004e   Code   RO         4091    i.inv_row_2_scale   inv_mpu.o
    0x08003c52   0x08003c52   0x00000002   PAD
    0x08003c54   0x08003c54   0x0000006c   Code   RO         3898    i.main              main.o
    0x08003cc0   0x08003cc0   0x00000002   Code   RO         4092    i.mget_ms           inv_mpu.o
    0x08003cc2   0x08003cc2   0x00000002   PAD
    0x08003cc4   0x08003cc4   0x00000070   Code   RO         4093    i.mpu_configure_fifo  inv_mpu.o
    0x08003d34   0x08003d34   0x00000224   Code   RO         4094    i.mpu_dmp_get_data  inv_mpu.o
    0x08003f58   0x08003f58   0x000000d4   Code   RO         4095    i.mpu_dmp_init      inv_mpu.o
    0x0800402c   0x0800402c   0x0000004c   Code   RO         4096    i.mpu_get_accel_fsr  inv_mpu.o
    0x08004078   0x08004078   0x00000054   Code   RO         4098    i.mpu_get_accel_sens  inv_mpu.o
    0x080040cc   0x080040cc   0x00000010   Code   RO         4103    i.mpu_get_fifo_config  inv_mpu.o
    0x080040dc   0x080040dc   0x00000044   Code   RO         4104    i.mpu_get_gyro_fsr  inv_mpu.o
    0x08004120   0x08004120   0x00000050   Code   RO         4106    i.mpu_get_gyro_sens  inv_mpu.o
    0x08004170   0x08004170   0x00000050   Code   RO         4108    i.mpu_get_lpf       inv_mpu.o
    0x080041c0   0x080041c0   0x00000020   Code   RO         4110    i.mpu_get_sample_rate  inv_mpu.o
    0x080041e0   0x080041e0   0x000001f0   Code   RO         4112    i.mpu_init          inv_mpu.o
    0x080043d0   0x080043d0   0x000000b8   Code   RO         4113    i.mpu_load_firmware  inv_mpu.o
    0x08004488   0x08004488   0x000000e0   Code   RO         4114    i.mpu_lp_accel_mode  inv_mpu.o
    0x08004568   0x08004568   0x000000c0   Code   RO         4117    i.mpu_read_fifo_stream  inv_mpu.o
    0x08004628   0x08004628   0x00000080   Code   RO         4118    i.mpu_read_mem      inv_mpu.o
    0x080046a8   0x080046a8   0x000001c8   Code   RO         4121    i.mpu_reset_fifo    inv_mpu.o
    0x08004870   0x08004870   0x0000011c   Code   RO         4122    i.mpu_run_self_test  inv_mpu.o
    0x0800498c   0x0800498c   0x00000084   Code   RO         4124    i.mpu_set_accel_fsr  inv_mpu.o
    0x08004a10   0x08004a10   0x0000014c   Code   RO         4125    i.mpu_set_bypass    inv_mpu.o
    0x08004b5c   0x08004b5c   0x00000090   Code   RO         4127    i.mpu_set_dmp_state  inv_mpu.o
    0x08004bec   0x08004bec   0x00000088   Code   RO         4128    i.mpu_set_gyro_fsr  inv_mpu.o
    0x08004c74   0x08004c74   0x0000006c   Code   RO         4129    i.mpu_set_int_latched  inv_mpu.o
    0x08004ce0   0x08004ce0   0x00000084   Code   RO         4131    i.mpu_set_lpf       inv_mpu.o
    0x08004d64   0x08004d64   0x0000009c   Code   RO         4132    i.mpu_set_sample_rate  inv_mpu.o
    0x08004e00   0x08004e00   0x000000d0   Code   RO         4133    i.mpu_set_sensors   inv_mpu.o
    0x08004ed0   0x08004ed0   0x00000080   Code   RO         4134    i.mpu_write_mem     inv_mpu.o
    0x08004f50   0x08004f50   0x00000094   Code   RO         4135    i.run_self_test     inv_mpu.o
    0x08004fe4   0x08004fe4   0x000002d4   Code   RO         3855    i.send_tx           function.o
    0x080052b8   0x080052b8   0x00000090   Code   RO         4136    i.set_int_enable    inv_mpu.o
    0x08005348   0x08005348   0x0000004c   Code   RO         4866    i.sqrt              m_ws.l(sqrt.o)
    0x08005394   0x08005394   0x00000062   Code   RO         4743    x$fpl$d2f           fz_ws.l(d2f.o)
    0x080053f6   0x080053f6   0x00000002   PAD
    0x080053f8   0x080053f8   0x00000150   Code   RO         4745    x$fpl$dadd          fz_ws.l(daddsub_clz.o)
    0x08005548   0x08005548   0x00000010   Code   RO         5055    x$fpl$dcheck1       fz_ws.l(dcheck1.o)
    0x08005558   0x08005558   0x00000018   Code   RO         4940    x$fpl$dcmpinf       fz_ws.l(dcmpi.o)
    0x08005570   0x08005570   0x000002b0   Code   RO         4752    x$fpl$ddiv          fz_ws.l(ddiv.o)
    0x08005820   0x08005820   0x00000078   Code   RO         4942    x$fpl$deqf          fz_ws.l(deqf.o)
    0x08005898   0x08005898   0x00000154   Code   RO         4771    x$fpl$dmul          fz_ws.l(dmul.o)
    0x080059ec   0x080059ec   0x0000009c   Code   RO         4944    x$fpl$dnaninf       fz_ws.l(dnaninf.o)
    0x08005a88   0x08005a88   0x0000000c   Code   RO         4946    x$fpl$dretinf       fz_ws.l(dretinf.o)
    0x08005a94   0x08005a94   0x00000016   Code   RO         4746    x$fpl$drsb          fz_ws.l(daddsub_clz.o)
    0x08005aaa   0x08005aaa   0x00000002   PAD
    0x08005aac   0x08005aac   0x000001cc   Code   RO         4950    x$fpl$dsqrt         fz_ws.l(dsqrt_noumaal.o)
    0x08005c78   0x08005c78   0x000001d4   Code   RO         4747    x$fpl$dsub          fz_ws.l(daddsub_clz.o)
    0x08005e4c   0x08005e4c   0x00000056   Code   RO         4775    x$fpl$f2d           fz_ws.l(f2d.o)
    0x08005ea2   0x08005ea2   0x00000002   PAD
    0x08005ea4   0x08005ea4   0x000000c4   Code   RO         4777    x$fpl$fadd          fz_ws.l(faddsub_clz.o)
    0x08005f68   0x08005f68   0x00000018   Code   RO         4952    x$fpl$fcmpinf       fz_ws.l(fcmpi.o)
    0x08005f80   0x08005f80   0x00000184   Code   RO         4784    x$fpl$fdiv          fz_ws.l(fdiv.o)
    0x08006104   0x08006104   0x00000068   Code   RO         4787    x$fpl$feqf          fz_ws.l(feqf.o)
    0x0800616c   0x0800616c   0x00000036   Code   RO         4789    x$fpl$ffix          fz_ws.l(ffix.o)
    0x080061a2   0x080061a2   0x00000002   PAD
    0x080061a4   0x080061a4   0x0000003e   Code   RO         4793    x$fpl$ffixu         fz_ws.l(ffixu.o)
    0x080061e2   0x080061e2   0x00000002   PAD
    0x080061e4   0x080061e4   0x00000030   Code   RO         4798    x$fpl$fflt          fz_ws.l(fflt_clz.o)
    0x08006214   0x08006214   0x00000026   Code   RO         4797    x$fpl$ffltu         fz_ws.l(fflt_clz.o)
    0x0800623a   0x0800623a   0x00000002   PAD
    0x0800623c   0x0800623c   0x00000068   Code   RO         4803    x$fpl$fleqf         fz_ws.l(fleqf.o)
    0x080062a4   0x080062a4   0x00000102   Code   RO         4805    x$fpl$fmul          fz_ws.l(fmul.o)
    0x080063a6   0x080063a6   0x0000008c   Code   RO         4954    x$fpl$fnaninf       fz_ws.l(fnaninf.o)
    0x08006432   0x08006432   0x0000000a   Code   RO         4956    x$fpl$fretinf       fz_ws.l(fretinf.o)
    0x0800643c   0x0800643c   0x00000062   Code   RO         4807    x$fpl$frleqf        fz_ws.l(frleqf.o)
    0x0800649e   0x0800649e   0x00000002   PAD
    0x080064a0   0x080064a0   0x000000ea   Code   RO         4779    x$fpl$fsub          fz_ws.l(faddsub_clz.o)
    0x0800658a   0x0800658a   0x00000064   Code   RO         5252    x$fpl$retnan        fz_ws.l(retnan.o)
    0x080065ee   0x080065ee   0x0000005c   Code   RO         4966    x$fpl$scalbn        fz_ws.l(scalbn.o)
    0x0800664a   0x0800664a   0x00000030   Code   RO         5311    x$fpl$trapveneer    fz_ws.l(trapv.o)
    0x0800667a   0x0800667a   0x00000000   Code   RO         4968    x$fpl$usenofp       fz_ws.l(usenofp.o)
    0x0800667a   0x0800667a   0x0000000a   Data   RO         3580    .constdata          nrf24l01.o
    0x08006684   0x08006684   0x00000050   Data   RO         4138    .constdata          inv_mpu.o
    0x080066d4   0x080066d4   0x00000bf6   Data   RO         4449    .constdata          inv_mpu_dmp_motion_driver.o
    0x080072ca   0x080072ca   0x00000011   Data   RO         4726    .constdata          c_w.l(__printf_flags_ss_wp.o)
    0x080072db   0x080072db   0x00000005   PAD
    0x080072e0   0x080072e0   0x00000050   Data   RO         4811    .constdata          m_ws.l(asin.o)
    0x08007330   0x08007330   0x00000098   Data   RO         4821    .constdata          m_ws.l(atan.o)
    0x080073c8   0x080073c8   0x00000008   Data   RO         4990    .constdata          m_ws.l(qnan.o)
    0x080073d0   0x080073d0   0x00000004   Data   RO         5058    .constdata          c_w.l(sys_io.o)
    0x080073d4   0x080073d4   0x00000004   Data   RO         5059    .constdata          c_w.l(sys_io.o)
    0x080073d8   0x080073d8   0x00000004   Data   RO         5060    .constdata          c_w.l(sys_io.o)
    0x080073dc   0x080073dc   0x0000004d   Data   RO         4139    .conststring        inv_mpu.o
    0x08007429   0x08007429   0x00000003   PAD
    0x0800742c   0x0800742c   0x00000020   Data   RO         5384    Region$$Table       anon$$obj.o


    Execution Region RW_IRAM1 (Exec base: 0x20000000, Load base: 0x0800744c, Size: 0x00000da0, Max: 0x00005000, ABSOLUTE)

    Exec Addr    Load Addr    Size         Type   Attr      Idx    E Section Name        Object

    0x20000000   0x0800744c   0x00000002   Data   RW         3716    .data               serial.o
    0x20000002   0x0800744e   0x00000002   PAD
    0x20000004   0x08007450   0x00000038   Data   RW         3807    .data               pid.o
    0x2000003c   0x08007488   0x0000002c   Data   RW         3858    .data               function.o
    0x20000068   0x080074b4   0x00000008   Data   RW         3900    .data               main.o
    0x20000070   0x080074bc   0x00000036   Data   RW         4140    .data               inv_mpu.o
    0x200000a6   0x080074f2   0x00000002   PAD
    0x200000a8   0x080074f4   0x00000004   Data   RW         4935    .data               c_w.l(stdio_streams.o)
    0x200000ac   0x080074f8   0x00000004   Data   RW         4936    .data               c_w.l(stdio_streams.o)
    0x200000b0   0x080074fc   0x00000004   Data   RW         4937    .data               c_w.l(stdio_streams.o)
    0x200000b4        -       0x00000400   Zero   RW         3330    .bss                oled.o
    0x200004b4        -       0x00000130   Zero   RW         3806    .bss                pid.o
    0x200005e4        -       0x0000004c   Zero   RW         3899    .bss                main.o
    0x20000630        -       0x00000010   Zero   RW         4448    .bss                inv_mpu_dmp_motion_driver.o
    0x20000640        -       0x00000054   Zero   RW         4932    .bss                c_w.l(stdio_streams.o)
    0x20000694        -       0x00000054   Zero   RW         4933    .bss                c_w.l(stdio_streams.o)
    0x200006e8        -       0x00000054   Zero   RW         4934    .bss                c_w.l(stdio_streams.o)
    0x2000073c        -       0x00000060   Zero   RW         5063    .bss                c_w.l(libspace.o)
    0x2000079c   0x08007500   0x00000004   PAD
    0x200007a0        -       0x00000200   Zero   RW            2    HEAP                startup_stm32f10x_md.o
    0x200009a0        -       0x00000400   Zero   RW            1    STACK               startup_stm32f10x_md.o


==============================================================================

Image component sizes


      Code (inc. data)   RO Data    RW Data    ZI Data      Debug   Object Name

         0          0          0          0          0       4532   core_cm3.o
        70          0          0          0          0        946   delay.o
       724         38          0         44          0       1371   function.o
      6912        292        157         54          0      31180   inv_mpu.o
      3096        122       3062          0         16      20754   inv_mpu_dmp_motion_driver.o
       108         40          0          8         76       2289   main.o
         0          0          0          0          0     201708   misc.o
       268         12          0          0          0        713   motor.o
       212          0          0          0          0       1999   mpu6050.o
       616         78          0          0          0       5173   myiic.o
       916         56         10          0          0      10241   nrf24l01.o
       688         48          0          0       1024       8077   oled.o
         0          0          0         56        304       2431   pid.o
       104         16          0          2          0       3056   serial.o
        64         26        236          0       1536        824   startup_stm32f10x_md.o
       306          0          0          0          0      11392   stm32f10x_gpio.o
        26          0          0          0          0       3838   stm32f10x_it.o
        64         12          0          0          0       1098   stm32f10x_rcc.o
       820         92          0          0          0      25706   stm32f10x_tim.o
       158          0          0          0          0      10401   stm32f10x_usart.o
       328         28          0          0          0      30545   system_stm32f10x.o

    ----------------------------------------------------------------------
     15496        860       3500        168       2956     378274   Object Totals
         0          0         32          0          0          0   (incl. Generated)
        16          0          3          4          0          0   (incl. Padding)

    ----------------------------------------------------------------------

      Code (inc. data)   RO Data    RW Data    ZI Data      Debug   Library Member Name

        24          4          0          0          0         84   __2printf.o
         8          0          0          0          0         68   __main.o
       392          4         17          0          0         92   __printf_flags_ss_wp.o
        14          0          0          0          0         68   __printf_wp.o
         0          0          0          0          0          0   __rtentry.o
        12          0          0          0          0          0   __rtentry2.o
         6          0          0          0          0          0   __rtentry4.o
        52          8          0          0          0          0   __scatter.o
        26          0          0          0          0          0   __scatter_copy.o
        28          0          0          0          0          0   __scatter_zi.o
        48          6          0          0          0         96   _printf_char_common.o
        36          4          0          0          0         80   _printf_char_file.o
         6          0          0          0          0          0   _printf_d.o
       120         16          0          0          0         92   _printf_dec.o
       178          0          0          0          0         88   _printf_intcommon.o
         0          0          0          0          0          0   _printf_percent.o
         4          0          0          0          0          0   _printf_percent_end.o
        22          0          0          0          0        100   _rserrno.o
        16          0          0          0          0         68   aeabi_memset.o
        10          0          0          0          0         68   defsig_exit.o
        50          0          0          0          0         88   defsig_general.o
        80         58          0          0          0         76   defsig_rtmem_inner.o
        14          0          0          0          0         80   defsig_rtmem_outer.o
        52         38          0          0          0         76   defsig_rtred_inner.o
        14          0          0          0          0         80   defsig_rtred_outer.o
        18          0          0          0          0         80   exit.o
        76          0          0          0          0         88   fclose.o
         8          0          0          0          0         68   ferror.o
       236          4          0          0          0        128   fopen.o
       248          6          0          0          0         84   fseek.o
        66          0          0          0          0         76   ftell.o
        94          0          0          0          0         80   h1_alloc.o
        52          0          0          0          0         68   h1_extend.o
        78          0          0          0          0         80   h1_free.o
        14          0          0          0          0         84   h1_init.o
         6          0          0          0          0        152   heapauxi.o
         4          0          0          0          0        136   hguard.o
         0          0          0          0          0          0   indicate_semi.o
       138          0          0          0          0        168   init_alloc.o
       312         46          0          0          0        112   initio.o
         2          0          0          0          0          0   libinit.o
        14          0          0          0          0          0   libinit2.o
         2          0          0          0          0          0   libshutdown.o
         6          0          0          0          0          0   libshutdown2.o
         8          4          0          0         96         68   libspace.o
        72          0          0          0          0         76   llsdiv.o
       238          0          0          0          0        100   lludivv7m.o
         0          0          0          0          0          0   maybetermalloc1.o
        88          0          0          0          0         76   memcmp.o
         8          4          0          0          0         68   rt_errno_addr_intlibspace.o
         8          4          0          0          0         68   rt_heap_descriptor_intlibspace.o
        68          0          0          0          0         68   rt_memclr.o
        78          0          0          0          0         80   rt_memclr_w.o
         2          0          0          0          0          0   rtexit.o
        10          0          0          0          0          0   rtexit2.o
        70          0          0          0          0         80   setvbuf.o
       240          6          0          0          0        156   stdio.o
         0          0          0         12        252          0   stdio_streams.o
        62          0          0          0          0         76   strlen.o
        12          4          0          0          0         68   sys_exit.o
       102          0         12          0          0        240   sys_io.o
        74          0          0          0          0         80   sys_stackheap_outer.o
        14          0          0          0          0         76   sys_wrch.o
         2          0          0          0          0         68   use_no_semi.o
        98          4          0          0          0         92   d2f.o
       826         16          0          0          0        348   daddsub_clz.o
        16          4          0          0          0         68   dcheck1.o
        24          0          0          0          0         68   dcmpi.o
       688        140          0          0          0        208   ddiv.o
       120          4          0          0          0         92   deqf.o
       340         12          0          0          0        104   dmul.o
       156          4          0          0          0         92   dnaninf.o
        12          0          0          0          0         68   dretinf.o
       460         56          0          0          0        120   dsqrt_noumaal.o
        86          4          0          0          0         84   f2d.o
       430          8          0          0          0        168   faddsub_clz.o
        24          0          0          0          0         68   fcmpi.o
       388         76          0          0          0         96   fdiv.o
       104          4          0          0          0         84   feqf.o
        54          4          0          0          0         84   ffix.o
        62          4          0          0          0         84   ffixu.o
        86          0          0          0          0        136   fflt_clz.o
       104          4          0          0          0         84   fleqf.o
       258          4          0          0          0         84   fmul.o
       140          4          0          0          0         84   fnaninf.o
        10          0          0          0          0         68   fretinf.o
        98          0          0          0          0         68   frleqf.o
       100          0          0          0          0         68   retnan.o
        92          0          0          0          0         68   scalbn.o
        48          0          0          0          0         68   trapv.o
         0          0          0          0          0          0   usenofp.o
       624         52         80          0          0        168   asin.o
       544         70        152          0          0        124   atan.o
       412         38          0          0          0        144   atan2.o
        38          6          0          0          0        272   dunder.o
        40          0          0          0          0         68   fpclassify.o
       170          0          0          0          0         96   poly.o
         0          0          8          0          0          0   qnan.o
        76          0          0          0          0         84   sqrt.o

    ----------------------------------------------------------------------
     10502        734        274         12        352       7768   Library Totals
        32          0          5          0          4          0   (incl. Padding)

    ----------------------------------------------------------------------

      Code (inc. data)   RO Data    RW Data    ZI Data      Debug   Library Name

      3742        216         29         12        348       4156   c_w.l
      4824        352          0          0          0       2656   fz_ws.l
      1904        166        240          0          0        956   m_ws.l

    ----------------------------------------------------------------------
     10502        734        274         12        352       7768   Library Totals

    ----------------------------------------------------------------------

==============================================================================


      Code (inc. data)   RO Data    RW Data    ZI Data      Debug   

     25998       1594       3774        180       3308     375014   Grand Totals
     25998       1594       3774        180       3308     375014   ELF Image Totals
     25998       1594       3774        180          0          0   ROM Totals

==============================================================================

    Total RO  Size (Code + RO Data)                29772 (  29.07kB)
    Total RW  Size (RW Data + ZI Data)              3488 (   3.41kB)
    Total ROM Size (Code + RO Data + RW Data)      29952 (  29.25kB)

==============================================================================

