Component: ARM Compiler 5.06 update 6 (build 750) Tool: armlink [4d35ed]

==============================================================================

Section Cross References

    main.o(.text) refers to misc.o(.text) for NVIC_PriorityGroupConfig
    main.o(.text) refers to delay.o(.text) for delay_init
    main.o(.text) refers to usart.o(.text) for uart_init
    main.o(.text) refers to lcd.o(.text) for LCD_Init
    main.o(.text) refers to adc_test.o(.text) for ADC_Config_For_Multi_Channel
    main.o(.text) refers to lcd.o(.data) for POINT_COLOR
    system_stm32f4xx.o(.text) refers to system_stm32f4xx.o(.data) for SystemCoreClock
    led.o(.text) refers to stm32f4xx_rcc.o(.text) for RCC_AHB1PeriphClockCmd
    led.o(.text) refers to stm32f4xx_gpio.o(.text) for GPIO_Init
    lcd.o(.text) refers to _printf_percent.o(.ARM.Collect$$_printf_percent$$00000000) for _printf_percent
    lcd.o(.text) refers to _printf_x.o(.ARM.Collect$$_printf_percent$$0000000C) for _printf_x
    lcd.o(.text) refers to _printf_hex_int.o(.text) for _printf_longlong_hex
    lcd.o(.text) refers to delay.o(.text) for delay_us
    lcd.o(.text) refers to lcd.o(.bss) for lcddev
    lcd.o(.text) refers to lcd.o(.data) for POINT_COLOR
    lcd.o(.text) refers to dflt_clz.o(x$fpl$dfltu) for __aeabi_ui2d
    lcd.o(.text) refers to dmul.o(x$fpl$dmul) for __aeabi_dmul
    lcd.o(.text) refers to dfixu.o(x$fpl$dfixu) for __aeabi_d2uiz
    lcd.o(.text) refers to stm32f4xx_rcc.o(.text) for RCC_AHB1PeriphClockCmd
    lcd.o(.text) refers to stm32f4xx_gpio.o(.text) for GPIO_Init
    lcd.o(.text) refers to stm32f4xx_fsmc.o(.text) for FSMC_NORSRAMInit
    lcd.o(.text) refers to noretval__2printf.o(.text) for __2printf
    lcd.o(.text) refers to lcd.o(.constdata) for asc2_1206
    key.o(.text) refers to stm32f4xx_rcc.o(.text) for RCC_AHB1PeriphClockCmd
    key.o(.text) refers to stm32f4xx_gpio.o(.text) for GPIO_Init
    key.o(.text) refers to delay.o(.text) for delay_ms
    key.o(.text) refers to key.o(.data) for key_up
    myiic.o(.text) refers to stm32f4xx_rcc.o(.text) for RCC_AHB1PeriphClockCmd
    myiic.o(.text) refers to stm32f4xx_gpio.o(.text) for GPIO_Init
    myiic.o(.text) refers to delay.o(.text) for delay_us
    24cxx.o(.text) refers to myiic.o(.text) for IIC_Init
    24cxx.o(.text) refers to delay.o(.text) for delay_ms
    ctiic.o(.text) refers to delay.o(.text) for delay_us
    ctiic.o(.text) refers to stm32f4xx_rcc.o(.text) for RCC_AHB1PeriphClockCmd
    ctiic.o(.text) refers to stm32f4xx_gpio.o(.text) for GPIO_Init
    gt9147.o(.text) refers to _printf_percent.o(.ARM.Collect$$_printf_percent$$00000000) for _printf_percent
    gt9147.o(.text) refers to _printf_s.o(.ARM.Collect$$_printf_percent$$00000014) for _printf_s
    gt9147.o(.text) refers to _printf_str.o(.text) for _printf_str
    gt9147.o(.text) refers to _printf_d.o(.ARM.Collect$$_printf_percent$$00000009) for _printf_d
    gt9147.o(.text) refers to _printf_dec.o(.text) for _printf_int_dec
    gt9147.o(.text) refers to ctiic.o(.text) for CT_IIC_Start
    gt9147.o(.text) refers to stm32f4xx_rcc.o(.text) for RCC_AHB1PeriphClockCmd
    gt9147.o(.text) refers to stm32f4xx_gpio.o(.text) for GPIO_Init
    gt9147.o(.text) refers to delay.o(.text) for delay_ms
    gt9147.o(.text) refers to noretval__2printf.o(.text) for __2printf
    gt9147.o(.text) refers to strcmpv7m.o(.text) for strcmp
    gt9147.o(.text) refers to gt9147.o(.constdata) for GT9147_CFG_TBL
    gt9147.o(.text) refers to gt9147.o(.data) for t
    gt9147.o(.text) refers to touch.o(.data) for tp_dev
    gt9147.o(.text) refers to lcd.o(.bss) for lcddev
    ott2001a.o(.text) refers to _printf_percent.o(.ARM.Collect$$_printf_percent$$00000000) for _printf_percent
    ott2001a.o(.text) refers to _printf_x.o(.ARM.Collect$$_printf_percent$$0000000C) for _printf_x
    ott2001a.o(.text) refers to _printf_hex_int.o(.text) for _printf_longlong_hex
    ott2001a.o(.text) refers to ctiic.o(.text) for CT_IIC_Start
    ott2001a.o(.text) refers to stm32f4xx_rcc.o(.text) for RCC_AHB1PeriphClockCmd
    ott2001a.o(.text) refers to stm32f4xx_gpio.o(.text) for GPIO_Init
    ott2001a.o(.text) refers to delay.o(.text) for delay_ms
    ott2001a.o(.text) refers to noretval__2printf.o(.text) for __2printf
    ott2001a.o(.text) refers to dflt_clz.o(x$fpl$dflt) for __aeabi_i2d
    ott2001a.o(.text) refers to dmul.o(x$fpl$dmul) for __aeabi_dmul
    ott2001a.o(.text) refers to dfixu.o(x$fpl$dfixu) for __aeabi_d2uiz
    ott2001a.o(.text) refers to daddsub_clz.o(x$fpl$drsb) for __aeabi_drsub
    ott2001a.o(.text) refers to ott2001a.o(.data) for t
    ott2001a.o(.text) refers to touch.o(.data) for tp_dev
    ott2001a.o(.text) refers to ott2001a.o(.constdata) for OTT_TPX_TBL
    ft5206.o(.text) refers to _printf_percent.o(.ARM.Collect$$_printf_percent$$00000000) for _printf_percent
    ft5206.o(.text) refers to _printf_x.o(.ARM.Collect$$_printf_percent$$0000000C) for _printf_x
    ft5206.o(.text) refers to _printf_hex_int.o(.text) for _printf_longlong_hex
[...]
    .text                                    0x08008514   Section        0  stm32f4xx_dma.o(.text)
    .text                                    0x080088bc   Section        0  stm32f4xx_tim.o(.text)
    TI4_Config                               0x0800905b   Thumb Code    80  stm32f4xx_tim.o(.text)
    TI3_Config                               0x080090bd   Thumb Code    72  stm32f4xx_tim.o(.text)
    TI2_Config                               0x0800911f   Thumb Code    90  stm32f4xx_tim.o(.text)
    TI1_Config                               0x0800918b   Thumb Code    58  stm32f4xx_tim.o(.text)
    .text                                    0x0800955e   Section        2  use_no_semi_2.o(.text)
    .text                                    0x08009560   Section      238  lludivv7m.o(.text)
    .text                                    0x08009650   Section        0  noretval__2printf.o(.text)
    .text                                    0x08009668   Section        0  __printf.o(.text)
    .text                                    0x080096d0   Section        0  _printf_hex_int.o(.text)
    .text                                    0x08009728   Section      128  strcmpv7m.o(.text)
    .text                                    0x080097a8   Section        0  heapauxi.o(.text)
    .text                                    0x080097ae   Section        2  use_no_semi.o(.text)
    .text                                    0x080097b0   Section        0  _printf_intcommon.o(.text)
    .text                                    0x08009862   Section        0  _printf_fp_dec.o(.text)
    _fp_digits                               0x08009865   Thumb Code   432  _printf_fp_dec.o(.text)
    .text                                    0x08009c80   Section        0  _printf_char_file.o(.text)
    .text                                    0x08009ca4   Section        8  rt_locale_intlibspace.o(.text)
    .text                                    0x08009cac   Section      138  lludiv10.o(.text)
    .text                                    0x08009d38   Section        0  _printf_char_common.o(.text)
    _printf_input_char                       0x08009d39   Thumb Code    10  _printf_char_common.o(.text)
    .text                                    0x08009d68   Section        0  _printf_fp_infnan.o(.text)
    .text                                    0x08009de8   Section        0  bigflt0.o(.text)
    .text                                    0x08009ecc   Section        0  ferror.o(.text)
    .text                                    0x08009ed4   Section        8  libspace.o(.text)
    .text                                    0x08009edc   Section       74  sys_stackheap_outer.o(.text)
    .text                                    0x08009f26   Section        0  exit.o(.text)
    CL$$btod_d2e                             0x08009f38   Section       62  btod.o(CL$$btod_d2e)
    CL$$btod_d2e_denorm_low                  0x08009f76   Section       70  btod.o(CL$$btod_d2e_denorm_low)
    CL$$btod_d2e_norm_op1                    0x08009fbc   Section       96  btod.o(CL$$btod_d2e_norm_op1)
    CL$$btod_div_common                      0x0800a01c   Section      824  btod.o(CL$$btod_div_common)
    CL$$btod_e2e                             0x0800a354   Section      220  btod.o(CL$$btod_e2e)
    CL$$btod_ediv                            0x0800a430   Section       42  btod.o(CL$$btod_ediv)
    CL$$btod_emul                            0x0800a45a   Section       42  btod.o(CL$$btod_emul)
    CL$$btod_mult_common                     0x0800a484   Section      580  btod.o(CL$$btod_mult_common)
    i.__ARM_fpclassify                       0x0800a6c8   Section        0  fpclassify.o(i.__ARM_fpclassify)
    locale$$code                             0x0800a6f8   Section       44  lc_numeric_c.o(locale$$code)
    x$fpl$dcmpinf                            0x0800a724   Section       24  dcmpi.o(x$fpl$dcmpinf)
    $v0                                      0x0800a724   Number         0  dcmpi.o(x$fpl$dcmpinf)
    x$fpl$ddiv                               0x0800a73c   Section      688  ddiv.o(x$fpl$ddiv)
    $v0                                      0x0800a73c   Number         0  ddiv.o(x$fpl$ddiv)
    ddiv_entry                               0x0800a743   Thumb Code     0  ddiv.o(x$fpl$ddiv)
    x$fpl$dfixu                              0x0800a9ec   Section       90  dfixu.o(x$fpl$dfixu)
    $v0                                      0x0800a9ec   Number         0  dfixu.o(x$fpl$dfixu)
    x$fpl$dflt                               0x0800aa46   Section       46  dflt_clz.o(x$fpl$dflt)
    $v0                                      0x0800aa46   Number         0  dflt_clz.o(x$fpl$dflt)
    x$fpl$dfltu                              0x0800aa74   Section       38  dflt_clz.o(x$fpl$dfltu)
    $v0                                      0x0800aa74   Number         0  dflt_clz.o(x$fpl$dfltu)
    x$fpl$dleqf                              0x0800aa9c   Section      120  dleqf.o(x$fpl$dleqf)
    $v0                                      0x0800aa9c   Number         0  dleqf.o(x$fpl$dleqf)
    x$fpl$dmul                               0x0800ab14   Section      340  dmul.o(x$fpl$dmul)
    $v0                                      0x0800ab14   Number         0  dmul.o(x$fpl$dmul)
    x$fpl$dnaninf                            0x0800ac68   Section      156  dnaninf.o(x$fpl$dnaninf)
    $v0                                      0x0800ac68   Number         0  dnaninf.o(x$fpl$dnaninf)
    x$fpl$dretinf                            0x0800ad04   Section       12  dretinf.o(x$fpl$dretinf)
    $v0                                      0x0800ad04   Number         0  dretinf.o(x$fpl$dretinf)
    x$fpl$fpinit                             0x0800ad10   Section       10  fpinit.o(x$fpl$fpinit)
    $v0                                      0x0800ad10   Number         0  fpinit.o(x$fpl$fpinit)
    x$fpl$printf1                            0x0800ad1a   Section        4  printf1.o(x$fpl$printf1)
    $v0                                      0x0800ad1a   Number         0  printf1.o(x$fpl$printf1)
    .constdata                               0x0800ad1e   Section     6080  lcd.o(.constdata)
    x$fpl$usenofp                            0x0800ad1e   Section        0  usenofp.o(x$fpl$usenofp)
    .constdata                               0x0800c4e0   Section       28  stm32f4xx_fsmc.o(.constdata)
    .constdata                               0x0800c4fc   Section       40  _printf_hex_int.o(.constdata)
    uc_hextab                                0x0800c4fc   Data          20  _printf_hex_int.o(.constdata)
    lc_hextab                                0x0800c510   Data          20  _printf_hex_int.o(.constdata)
    .constdata                               0x0800c524   Section      148  bigflt0.o(.constdata)
    tenpwrs_x                                0x0800c524   Data          60  bigflt0.o(.constdata)
    tenpwrs_i                                0x0800c560   Data          64  bigflt0.o(.constdata)
    locale$$data                             0x0800c5d8   Section       28  lc_numeric_c.o(locale$$data)
    __lcnum_c_name                           0x0800c5dc   Data           2  lc_numeric_c.o(locale$$data)
    __lcnum_c_start                          0x0800c5e4   Data           0  lc_numeric_c.o(locale$$data)
    __lcnum_c_point                          0x0800c5f0   Data           0  lc_numeric_c.o(locale$$data)
    __lcnum_c_thousands                      0x0800c5f2   Data           0  lc_numeric_c.o(locale$$data)
    __lcnum_c_grouping                       0x0800c5f3   Data           0  lc_numeric_c.o(locale$$data)
    __lcnum_c_end                            0x0800c5f4   Data           0  lc_numeric_c.o(locale$$data)
    .data                                    0x20000000   Section       20  system_stm32f4xx.o(.data)
    .data                                    0x20000014   Section        4  lcd.o(.data)
    .data                                    0x20000018   Section      118  adc_test.o(.data)
    .data                                    0x2000008e   Section        4  delay.o(.data)
    fac_us                                   0x2000008e   Data           1  delay.o(.data)
    fac_ms                                   0x20000090   Data           2  delay.o(.data)
    .data                                    0x20000094   Section        6  usart.o(.data)
    .data                                    0x2000009a   Section       16  stm32f4xx_rcc.o(.data)
    APBAHBPrescTable                         0x2000009a   Data          16  stm32f4xx_rcc.o(.data)
    .bss                                     0x200000ac   Section       14  lcd.o(.bss)
    .bss                                     0x200000ba   Section    24576  adc_test.o(.bss)
    .bss                                     0x200060ba   Section      200  usart.o(.bss)
    .bss                                     0x20006184   Section       96  libspace.o(.bss)
    HEAP                                     0x200061e8   Section      512  startup_stm32f40_41xxx.o(HEAP)
    Heap_Mem                                 0x200061e8   Data         512  startup_stm32f40_41xxx.o(HEAP)
    STACK                                    0x200063e8   Section     1024  startup_stm32f40_41xxx.o(STACK)
    Stack_Mem                                0x200063e8   Data        1024  startup_stm32f40_41xxx.o(STACK)
    __initial_sp                             0x200067e8   Data           0  startup_stm32f40_41xxx.o(STACK)

    Global Symbols

    Symbol Name                              Value     Ov Type        Size  Object(Section)

    BuildAttributes$$THM_ISAv4$E$P$D$K$B$S$7EM$VFPi3$EXTD16$VFPS$VFMA$PE$A:L22UL41UL21$X:L11$S22US41US21$IEEE1$IW$USESV6$~STKCKD$USESV7$~SHL$OTIME$ROPI$IEEEJ$EBA8$UX$STANDARDLIB$REQ8$PRES8$EABIv2 0x00000000   Number         0  anon$$obj.o ABSOLUTE
    __ARM_use_no_argv                        0x00000000   Number         0  main.o ABSOLUTE
    __ARM_exceptions_init                     - Undefined Weak Reference
    __alloca_initialize                       - Undefined Weak Reference
    __arm_preinit_                            - Undefined Weak Reference
    __cpp_initialize__aeabi_                  - Undefined Weak Reference
    __cxa_finalize                            - Undefined Weak Reference
    __sigvec_lookup                           - Undefined Weak Reference
    _atexit_init                              - Undefined Weak Reference
    _call_atexit_fns                          - Undefined Weak Reference
    _clock_init                               - Undefined Weak Reference
    _fp_trap_init                             - Undefined Weak Reference
    _fp_trap_shutdown                         - Undefined Weak Reference
    _get_lc_collate                           - Undefined Weak Reference
    _get_lc_ctype                             - Undefined Weak Reference
    _get_lc_monetary                          - Undefined Weak Reference
    _get_lc_time                              - Undefined Weak Reference
    _getenv_init                              - Undefined Weak Reference
    _handle_redirection                       - Undefined Weak Reference
    _init_alloc                               - Undefined Weak Reference
    _init_user_alloc                          - Undefined Weak Reference
    _initio                                   - Undefined Weak Reference
    _mutex_acquire                            - Undefined Weak Reference
    _mutex_release                            - Undefined Weak Reference
    _printf_mbtowc                            - Undefined Weak Reference
    _printf_post_padding                      - Undefined Weak Reference
    _printf_pre_padding                       - Undefined Weak Reference
    _printf_truncate_signed                   - Undefined Weak Reference
    _printf_truncate_unsigned                 - Undefined Weak Reference
    _rand_init                                - Undefined Weak Reference
    _signal_finish                            - Undefined Weak Reference
    _signal_init                              - Undefined Weak Reference
    _terminate_alloc                          - Undefined Weak Reference
    _terminate_user_alloc                     - Undefined Weak Reference
    _terminateio                              - Undefined Weak Reference
    __Vectors_Size                           0x00000188   Number         0  startup_stm32f40_41xxx.o ABSOLUTE
    __Vectors                                0x08000000   Data           4  startup_stm32f40_41xxx.o(RESET)
    __Vectors_End                            0x08000188   Data           0  startup_stm32f40_41xxx.o(RESET)
    __main                                   0x08000189   Thumb Code     8  __main.o(!!!main)
    __scatterload                            0x08000191   Thumb Code     0  __scatter.o(!!!scatter)
    __scatterload_rt2                        0x08000191   Thumb Code    44  __scatter.o(!!!scatter)
    __scatterload_rt2_thumb_only             0x08000191   Thumb Code     0  __scatter.o(!!!scatter)
    __scatterload_null                       0x0800019f   Thumb Code     0  __scatter.o(!!!scatter)
    __scatterload_copy                       0x080001c5   Thumb Code    26  __scatter_copy.o(!!handler_copy)
    __scatterload_zeroinit                   0x080001e1   Thumb Code    28  __scatter_zi.o(!!handler_zi)
    _printf_f                                0x080001fd   Thumb Code     0  _printf_f.o(.ARM.Collect$$_printf_percent$$00000003)
    _printf_percent                          0x080001fd   Thumb Code     0  _printf_percent.o(.ARM.Collect$$_printf_percent$$00000000)
    _printf_x                                0x08000203   Thumb Code     0  _printf_x.o(.ARM.Collect$$_printf_percent$$0000000C)
    _printf_percent_end                      0x08000209   Thumb Code     0  _printf_percent_end.o(.ARM.Collect$$_printf_percent$$00000017)
    __rt_lib_init                            0x0800020d   Thumb Code     0  libinit.o(.ARM.Collect$$libinit$$00000000)
    __rt_lib_init_fp_1                       0x0800020f   Thumb Code     0  libinit2.o(.ARM.Collect$$libinit$$00000001)
    __rt_lib_init_heap_1                     0x08000213   Thumb Code     0  libinit2.o(.ARM.Collect$$libinit$$0000000A)
    __rt_lib_init_lc_common                  0x08000213   Thumb Code     0  libinit2.o(.ARM.Collect$$libinit$$0000000F)
    __rt_lib_init_preinit_1                  0x08000213   Thumb Code     0  libinit2.o(.ARM.Collect$$libinit$$00000004)
    __rt_lib_init_rand_1                     0x08000213   Thumb Code     0  libinit2.o(.ARM.Collect$$libinit$$0000000E)
    __rt_lib_init_user_alloc_1               0x08000213   Thumb Code     0  libinit2.o(.ARM.Collect$$libinit$$0000000C)
    __rt_lib_init_lc_collate_1               0x08000219   Thumb Code     0  libinit2.o(.ARM.Collect$$libinit$$00000011)
    __rt_lib_init_lc_ctype_1                 0x08000219   Thumb Code     0  libinit2.o(.ARM.Collect$$libinit$$00000013)
    __rt_lib_init_lc_monetary_1              0x08000219   Thumb Code     0  libinit2.o(.ARM.Collect$$libinit$$00000015)
    __rt_lib_init_lc_numeric_2               0x08000219   Thumb Code     0  libinit2.o(.ARM.Collect$$libinit$$00000016)
    __rt_lib_init_alloca_1                   0x08000223   Thumb Code     0  libinit2.o(.ARM.Collect$$libinit$$0000002E)
    __rt_lib_init_argv_1                     0x08000223   Thumb Code     0  libinit2.o(.ARM.Collect$$libinit$$0000002C)
    __rt_lib_init_atexit_1                   0x08000223   Thumb Code     0  libinit2.o(.ARM.Collect$$libinit$$0000001B)
    __rt_lib_init_clock_1                    0x08000223   Thumb Code     0  libinit2.o(.ARM.Collect$$libinit$$00000021)
    __rt_lib_init_cpp_1                      0x08000223   Thumb Code     0  libinit2.o(.ARM.Collect$$libinit$$00000032)
    __rt_lib_init_exceptions_1               0x08000223   Thumb Code     0  libinit2.o(.ARM.Collect$$libinit$$00000030)
    __rt_lib_init_fp_trap_1                  0x08000223   Thumb Code     0  libinit2.o(.ARM.Collect$$libinit$$0000001F)
    __rt_lib_init_getenv_1                   0x08000223   Thumb Code     0  libinit2.o(.ARM.Collect$$libinit$$00000023)
    __rt_lib_init_lc_numeric_1               0x08000223   Thumb Code     0  libinit2.o(.ARM.Collect$$libinit$$00000017)
    __rt_lib_init_lc_time_1                  0x08000223   Thumb Code     0  libinit2.o(.ARM.Collect$$libinit$$00000019)
    __rt_lib_init_return                     0x08000223   Thumb Code     0  libinit2.o(.ARM.Collect$$libinit$$00000033)
    __rt_lib_init_signal_1                   0x08000223   Thumb Code     0  libinit2.o(.ARM.Collect$$libinit$$0000001D)
    __rt_lib_init_stdio_1                    0x08000223   Thumb Code     0  libinit2.o(.ARM.Collect$$libinit$$00000025)
    __rt_lib_shutdown                        0x08000225   Thumb Code     0  libshutdown.o(.ARM.Collect$$libshutdown$$00000000)
    __rt_lib_shutdown_cpp_1                  0x08000227   Thumb Code     0  libshutdown2.o(.ARM.Collect$$libshutdown$$00000002)
    __rt_lib_shutdown_fp_trap_1              0x08000227   Thumb Code     0  libshutdown2.o(.ARM.Collect$$libshutdown$$00000007)
    __rt_lib_shutdown_heap_1                 0x08000227   Thumb Code     0  libshutdown2.o(.ARM.Collect$$libshutdown$$0000000F)
    __rt_lib_shutdown_return                 0x08000227   Thumb Code     0  libshutdown2.o(.ARM.Collect$$libshutdown$$00000010)
    __rt_lib_shutdown_signal_1               0x08000227   Thumb Code     0  libshutdown2.o(.ARM.Collect$$libshutdown$$0000000A)
    __rt_lib_shutdown_stdio_1                0x08000227   Thumb Code     0  libshutdown2.o(.ARM.Collect$$libshutdown$$00000004)
    __rt_lib_shutdown_user_alloc_1           0x08000227   Thumb Code     0  libshutdown2.o(.ARM.Collect$$libshutdown$$0000000C)
    __rt_entry                               0x08000229   Thumb Code     0  __rtentry.o(.ARM.Collect$$rtentry$$00000000)
    __rt_entry_presh_1                       0x08000229   Thumb Code     0  __rtentry2.o(.ARM.Collect$$rtentry$$00000002)
    __rt_entry_sh                            0x08000229   Thumb Code     0  __rtentry4.o(.ARM.Collect$$rtentry$$00000004)
    __rt_entry_li                            0x0800022f   Thumb Code     0  __rtentry2.o(.ARM.Collect$$rtentry$$0000000A)
    __rt_entry_postsh_1                      0x0800022f   Thumb Code     0  __rtentry2.o(.ARM.Collect$$rtentry$$00000009)
    __rt_entry_main                          0x08000233   Thumb Code     0  __rtentry2.o(.ARM.Collect$$rtentry$$0000000D)
    __rt_entry_postli_1                      0x08000233   Thumb Code     0  __rtentry2.o(.ARM.Collect$$rtentry$$0000000C)
    __rt_exit                                0x0800023b   Thumb Code     0  rtexit.o(.ARM.Collect$$rtexit$$00000000)
    __rt_exit_ls                             0x0800023d   Thumb Code     0  rtexit2.o(.ARM.Collect$$rtexit$$00000003)
    __rt_exit_prels_1                        0x0800023d   Thumb Code     0  rtexit2.o(.ARM.Collect$$rtexit$$00000002)
    __rt_exit_exit                           0x08000241   Thumb Code     0  rtexit2.o(.ARM.Collect$$rtexit$$00000004)
    main                                     0x08000249   Thumb Code   114  main.o(.text)
    NMI_Handler                              0x08000309   Thumb Code     2  stm32f4xx_it.o(.text)
    HardFault_Handler                        0x0800030b   Thumb Code     4  stm32f4xx_it.o(.text)
    MemManage_Handler                        0x0800030f   Thumb Code     4  stm32f4xx_it.o(.text)
    BusFault_Handler                         0x08000313   Thumb Code     4  stm32f4xx_it.o(.text)
    UsageFault_Handler                       0x08000317   Thumb Code     4  stm32f4xx_it.o(.text)
    SVC_Handler                              0x0800031b   Thumb Code     2  stm32f4xx_it.o(.text)
    DebugMon_Handler                         0x0800031d   Thumb Code     2  stm32f4xx_it.o(.text)
    PendSV_Handler                           0x0800031f   Thumb Code     2  stm32f4xx_it.o(.text)
    SysTick_Handler                          0x08000321   Thumb Code     2  stm32f4xx_it.o(.text)
    SystemInit                               0x08000401   Thumb Code    88  system_stm32f4xx.o(.text)
    SystemCoreClockUpdate                    0x08000459   Thumb Code   174  system_stm32f4xx.o(.text)
    LCD_WR_REG                               0x08000535   Thumb Code    18  lcd.o(.text)
    LCD_WR_DATA                              0x08000547   Thumb Code    20  lcd.o(.text)
    LCD_RD_DATA                              0x0800055b   Thumb Code    16  lcd.o(.text)
    LCD_WriteReg                             0x0800056b   Thumb Code    14  lcd.o(.text)
    LCD_ReadReg                              0x08000579   Thumb Code    22  lcd.o(.text)
    LCD_WriteRAM_Prepare                     0x0800058f   Thumb Code    10  lcd.o(.text)
    LCD_WriteRAM                             0x08000599   Thumb Code     8  lcd.o(.text)
    LCD_BGR2RGB                              0x080005a1   Thumb Code    26  lcd.o(.text)
    opt_delay                                0x080005bb   Thumb Code    14  lcd.o(.text)
    LCD_SetCursor                            0x080005c9   Thumb Code   418  lcd.o(.text)
    LCD_ReadPoint                            0x0800076b   Thumb Code   360  lcd.o(.text)
    LCD_DisplayOn                            0x080008d3   Thumb Code   102  lcd.o(.text)
    LCD_DisplayOff                           0x08000939   Thumb Code    90  lcd.o(.text)
    LCD_Scan_Dir                             0x08000993   Thumb Code   744  lcd.o(.text)
    LCD_DrawPoint                            0x08000c7b   Thumb Code    28  lcd.o(.text)
    LCD_Fast_DrawPoint                       0x08000c97   Thumb Code   388  lcd.o(.text)
    LCD_SSD_BackLightSet                     0x08000e1b   Thumb Code    88  lcd.o(.text)
    LCD_Display_Dir                          0x08000e73   Thumb Code   444  lcd.o(.text)
    LCD_Set_Window                           0x0800102f   Thumb Code   546  lcd.o(.text)
    LCD_Clear                                0x08001251   Thumb Code   100  lcd.o(.text)
    LCD_Init                                 0x080012b5   Thumb Code 14696  lcd.o(.text)
    LCD_Fill                                 0x08004c1d   Thumb Code   180  lcd.o(.text)
    LCD_Color_Fill                           0x08004cd1   Thumb Code   100  lcd.o(.text)
    LCD_DrawLine                             0x08004d35   Thumb Code   176  lcd.o(.text)
    LCD_DrawRectangle                        0x08004de5   Thumb Code    60  lcd.o(.text)
    LCD_Draw_Circle                          0x08004e21   Thumb Code   152  lcd.o(.text)
    LCD_ShowChar                             0x08004eb9   Thumb Code   272  lcd.o(.text)
    LCD_Pow                                  0x08004fc9   Thumb Code    22  lcd.o(.text)
    LCD_ShowNum                              0x08004fdf   Thumb Code   148  lcd.o(.text)
    LCD_ShowxNum                             0x08005073   Thumb Code   220  lcd.o(.text)
    LCD_ShowString                           0x0800514f   Thumb Code   102  lcd.o(.text)
    ADC_Config                               0x080051b5   Thumb Code   318  adc_test.o(.text)
    My_TIM_Init                              0x080052f3   Thumb Code   118  adc_test.o(.text)
    DMA2_Stream0_IRQHandler                  0x08005369   Thumb Code    46  adc_test.o(.text)
    Data_Process                             0x08005397   Thumb Code  1136  adc_test.o(.text)
    Data_Process_Two                         0x08005807   Thumb Code  1378  adc_test.o(.text)
    ADC_Config_For_Multi_Channel             0x08005d69   Thumb Code   460  adc_test.o(.text)
    Data_Process_Two_For_Multi_Channel       0x08005f35   Thumb Code  2746  adc_test.o(.text)
    delay_init                               0x08006a39   Thumb Code    52  delay.o(.text)
    delay_us                                 0x08006a6d   Thumb Code    72  delay.o(.text)
    delay_xms                                0x08006ab5   Thumb Code    72  delay.o(.text)
    delay_ms                                 0x08006afd   Thumb Code    56  delay.o(.text)
    _sys_exit                                0x08006b3d   Thumb Code     4  usart.o(.text)
    fputc                                    0x08006b41   Thumb Code    22  usart.o(.text)
    uart_init                                0x08006b57   Thumb Code   164  usart.o(.text)
    USART1_IRQHandler                        0x08006bfb   Thumb Code   122  usart.o(.text)
    Reset_Handler                            0x08006c85   Thumb Code     8  startup_stm32f40_41xxx.o(.text)
    ADC_IRQHandler                           0x08006c9f   Thumb Code     0  startup_stm32f40_41xxx.o(.text)
    CAN1_RX0_IRQHandler                      0x08006c9f   Thumb Code     0  startup_stm32f40_41xxx.o(.text)
    CAN1_RX1_IRQHandler                      0x08006c9f   Thumb Code     0  startup_stm32f40_41xxx.o(.text)
    CAN1_SCE_IRQHandler                      0x08006c9f   Thumb Code     0  startup_stm32f40_41xxx.o(.text)
    CAN1_TX_IRQHandler                       0x08006c9f   Thumb Code     0  startup_stm32f40_41xxx.o(.text)
    CAN2_RX0_IRQHandler                      0x08006c9f   Thumb Code     0  startup_stm32f40_41xxx.o(.text)
    CAN2_RX1_IRQHandler                      0x08006c9f   Thumb Code     0  startup_stm32f40_41xxx.o(.text)
    CAN2_SCE_IRQHandler                      0x08006c9f   Thumb Code     0  startup_stm32f40_41xxx.o(.text)
    CAN2_TX_IRQHandler                       0x08006c9f   Thumb Code     0  startup_stm32f40_41xxx.o(.text)
    CRYP_IRQHandler                          0x08006c9f   Thumb Code     0  startup_stm32f40_41xxx.o(.text)
    DCMI_IRQHandler                          0x08006c9f   Thumb Code     0  startup_stm32f40_41xxx.o(.text)
    DMA1_Stream0_IRQHandler                  0x08006c9f   Thumb Code     0  startup_stm32f40_41xxx.o(.text)
    DMA1_Stream1_IRQHandler                  0x08006c9f   Thumb Code     0  startup_stm32f40_41xxx.o(.text)
    DMA1_Stream2_IRQHandler                  0x08006c9f   Thumb Code     0  startup_stm32f40_41xxx.o(.text)
    DMA1_Stream3_IRQHandler                  0x08006c9f   Thumb Code     0  startup_stm32f40_41xxx.o(.text)
    DMA1_Stream4_IRQHandler                  0x08006c9f   Thumb Code     0  startup_stm32f40_41xxx.o(.text)
    DMA1_Stream5_IRQHandler                  0x08006c9f   Thumb Code     0  startup_stm32f40_41xxx.o(.text)
    DMA1_Stream6_IRQHandler                  0x08006c9f   Thumb Code     0  startup_stm32f40_41xxx.o(.text)
    DMA1_Stream7_IRQHandler                  0x08006c9f   Thumb Code     0  startup_stm32f40_41xxx.o(.text)
    DMA2_Stream1_IRQHandler                  0x08006c9f   Thumb Code     0  startup_stm32f40_41xxx.o(.text)
    DMA2_Stream2_IRQHandler                  0x08006c9f   Thumb Code     0  startup_stm32f40_41xxx.o(.text)
    DMA2_Stream3_IRQHandler                  0x08006c9f   Thumb Code     0  startup_stm32f40_41xxx.o(.text)
    DMA2_Stream4_IRQHandler                  0x08006c9f   Thumb Code     0  startup_stm32f40_41xxx.o(.text)
    DMA2_Stream5_IRQHandler                  0x08006c9f   Thumb Code     0  startup_stm32f40_41xxx.o(.text)
    DMA2_Stream6_IRQHandler                  0x08006c9f   Thumb Code     0  startup_stm32f40_41xxx.o(.text)
    DMA2_Stream7_IRQHandler                  0x08006c9f   Thumb Code     0  startup_stm32f40_41xxx.o(.text)
    ETH_IRQHandler                           0x08006c9f   Thumb Code     0  startup_stm32f40_41xxx.o(.text)
    ETH_WKUP_IRQHandler                      0x08006c9f   Thumb Code     0  startup_stm32f40_41xxx.o(.text)
    EXTI0_IRQHandler                         0x08006c9f   Thumb Code     0  startup_stm32f40_41xxx.o(.text)
    EXTI15_10_IRQHandler                     0x08006c9f   Thumb Code     0  startup_stm32f40_41xxx.o(.text)
    EXTI1_IRQHandler                         0x08006c9f   Thumb Code     0  startup_stm32f40_41xxx.o(.text)
    EXTI2_IRQHandler                         0x08006c9f   Thumb Code     0  startup_stm32f40_41xxx.o(.text)
    EXTI3_IRQHandler                         0x08006c9f   Thumb Code     0  startup_stm32f40_41xxx.o(.text)
    EXTI4_IRQHandler                         0x08006c9f   Thumb Code     0  startup_stm32f40_41xxx.o(.text)
    EXTI9_5_IRQHandler                       0x08006c9f   Thumb Code     0  startup_stm32f40_41xxx.o(.text)
    FLASH_IRQHandler                         0x08006c9f   Thumb Code     0  startup_stm32f40_41xxx.o(.text)
    FPU_IRQHandler                           0x08006c9f   Thumb Code     0  startup_stm32f40_41xxx.o(.text)
    FSMC_IRQHandler                          0x08006c9f   Thumb Code     0  startup_stm32f40_41xxx.o(.text)
    HASH_RNG_IRQHandler                      0x08006c9f   Thumb Code     0  startup_stm32f40_41xxx.o(.text)
    I2C1_ER_IRQHandler                       0x08006c9f   Thumb Code     0  startup_stm32f40_41xxx.o(.text)
    I2C1_EV_IRQHandler                       0x08006c9f   Thumb Code     0  startup_stm32f40_41xxx.o(.text)
    I2C2_ER_IRQHandler                       0x08006c9f   Thumb Code     0  startup_stm32f40_41xxx.o(.text)
    I2C2_EV_IRQHandler                       0x08006c9f   Thumb Code     0  startup_stm32f40_41xxx.o(.text)
    I2C3_ER_IRQHandler                       0x08006c9f   Thumb Code     0  startup_stm32f40_41xxx.o(.text)
    I2C3_EV_IRQHandler                       0x08006c9f   Thumb Code     0  startup_stm32f40_41xxx.o(.text)
    OTG_FS_IRQHandler                        0x08006c9f   Thumb Code     0  startup_stm32f40_41xxx.o(.text)
    OTG_FS_WKUP_IRQHandler                   0x08006c9f   Thumb Code     0  startup_stm32f40_41xxx.o(.text)
    OTG_HS_EP1_IN_IRQHandler                 0x08006c9f   Thumb Code     0  startup_stm32f40_41xxx.o(.text)
    OTG_HS_EP1_OUT_IRQHandler                0x08006c9f   Thumb Code     0  startup_stm32f40_41xxx.o(.text)
    OTG_HS_IRQHandler                        0x08006c9f   Thumb Code     0  startup_stm32f40_41xxx.o(.text)
    OTG_HS_WKUP_IRQHandler                   0x08006c9f   Thumb Code     0  startup_stm32f40_41xxx.o(.text)
    PVD_IRQHandler                           0x08006c9f   Thumb Code     0  startup_stm32f40_41xxx.o(.text)
    RCC_IRQHandler                           0x08006c9f   Thumb Code     0  startup_stm32f40_41xxx.o(.text)
    RTC_Alarm_IRQHandler                     0x08006c9f   Thumb Code     0  startup_stm32f40_41xxx.o(.text)
    RTC_WKUP_IRQHandler                      0x08006c9f   Thumb Code     0  startup_stm32f40_41xxx.o(.text)
    SDIO_IRQHandler                          0x08006c9f   Thumb Code     0  startup_stm32f40_41xxx.o(.text)
    SPI1_IRQHandler                          0x08006c9f   Thumb Code     0  startup_stm32f40_41xxx.o(.text)
    SPI2_IRQHandler                          0x08006c9f   Thumb Code     0  startup_stm32f40_41xxx.o(.text)
    SPI3_IRQHandler                          0x08006c9f   Thumb Code     0  startup_stm32f40_41xxx.o(.text)
    TAMP_STAMP_IRQHandler                    0x08006c9f   Thumb Code     0  startup_stm32f40_41xxx.o(.text)
    TIM1_BRK_TIM9_IRQHandler                 0x08006c9f   Thumb Code     0  startup_stm32f40_41xxx.o(.text)
    TIM1_CC_IRQHandler                       0x08006c9f   Thumb Code     0  startup_stm32f40_41xxx.o(.text)
    TIM1_TRG_COM_TIM11_IRQHandler            0x08006c9f   Thumb Code     0  startup_stm32f40_41xxx.o(.text)
    TIM1_UP_TIM10_IRQHandler                 0x08006c9f   Thumb Code     0  startup_stm32f40_41xxx.o(.text)
    TIM2_IRQHandler                          0x08006c9f   Thumb Code     0  startup_stm32f40_41xxx.o(.text)
    TIM3_IRQHandler                          0x08006c9f   Thumb Code     0  startup_stm32f40_41xxx.o(.text)
    TIM4_IRQHandler                          0x08006c9f   Thumb Code     0  startup_stm32f40_41xxx.o(.text)
    TIM5_IRQHandler                          0x08006c9f   Thumb Code     0  startup_stm32f40_41xxx.o(.text)
    TIM6_DAC_IRQHandler                      0x08006c9f   Thumb Code     0  startup_stm32f40_41xxx.o(.text)
    TIM7_IRQHandler                          0x08006c9f   Thumb Code     0  startup_stm32f40_41xxx.o(.text)
    TIM8_BRK_TIM12_IRQHandler                0x08006c9f   Thumb Code     0  startup_stm32f40_41xxx.o(.text)
    TIM8_CC_IRQHandler                       0x08006c9f   Thumb Code     0  startup_stm32f40_41xxx.o(.text)
    TIM8_TRG_COM_TIM14_IRQHandler            0x08006c9f   Thumb Code     0  startup_stm32f40_41xxx.o(.text)
    TIM8_UP_TIM13_IRQHandler                 0x08006c9f   Thumb Code     0  startup_stm32f40_41xxx.o(.text)
    UART4_IRQHandler                         0x08006c9f   Thumb Code     0  startup_stm32f40_41xxx.o(.text)
    UART5_IRQHandler                         0x08006c9f   Thumb Code     0  startup_stm32f40_41xxx.o(.text)
    USART2_IRQHandler                        0x08006c9f   Thumb Code     0  startup_stm32f40_41xxx.o(.text)
    USART3_IRQHandler                        0x08006c9f   Thumb Code     0  startup_stm32f40_41xxx.o(.text)
    USART6_IRQHandler                        0x08006c9f   Thumb Code     0  startup_stm32f40_41xxx.o(.text)
    WWDG_IRQHandler                          0x08006c9f   Thumb Code     0  startup_stm32f40_41xxx.o(.text)
    __user_initial_stackheap                 0x08006ca1   Thumb Code     0  startup_stm32f40_41xxx.o(.text)
    NVIC_PriorityGroupConfig                 0x08006cc5   Thumb Code    10  misc.o(.text)
    NVIC_Init                                0x08006ccf   Thumb Code   106  misc.o(.text)
    NVIC_SetVectorTable                      0x08006d39   Thumb Code    14  misc.o(.text)
    NVIC_SystemLPConfig                      0x08006d47   Thumb Code    34  misc.o(.text)
    SysTick_CLKSourceConfig                  0x08006d69   Thumb Code    40  misc.o(.text)
    GPIO_DeInit                              0x08006da5   Thumb Code   268  stm32f4xx_gpio.o(.text)
    GPIO_Init                                0x08006eb1   Thumb Code   144  stm32f4xx_gpio.o(.text)
    GPIO_StructInit                          0x08006f41   Thumb Code    18  stm32f4xx_gpio.o(.text)
    GPIO_PinLockConfig                       0x08006f53   Thumb Code    34  stm32f4xx_gpio.o(.text)
    GPIO_ReadInputDataBit                    0x08006f75   Thumb Code    18  stm32f4xx_gpio.o(.text)
    GPIO_ReadInputData                       0x08006f87   Thumb Code     8  stm32f4xx_gpio.o(.text)
    GPIO_ReadOutputDataBit                   0x08006f8f   Thumb Code    18  stm32f4xx_gpio.o(.text)
    GPIO_ReadOutputData                      0x08006fa1   Thumb Code     8  stm32f4xx_gpio.o(.text)
    GPIO_SetBits                             0x08006fa9   Thumb Code     4  stm32f4xx_gpio.o(.text)
    GPIO_ResetBits                           0x08006fad   Thumb Code     4  stm32f4xx_gpio.o(.text)
    GPIO_WriteBit                            0x08006fb1   Thumb Code    10  stm32f4xx_gpio.o(.text)
    GPIO_Write                               0x08006fbb   Thumb Code     4  stm32f4xx_gpio.o(.text)
    GPIO_ToggleBits                          0x08006fbf   Thumb Code     8  stm32f4xx_gpio.o(.text)
    GPIO_PinAFConfig                         0x08006fc7   Thumb Code    70  stm32f4xx_gpio.o(.text)
    FSMC_NORSRAMDeInit                       0x08007039   Thumb Code    54  stm32f4xx_fsmc.o(.text)
    FSMC_NORSRAMInit                         0x0800706f   Thumb Code   230  stm32f4xx_fsmc.o(.text)
    FSMC_NORSRAMStructInit                   0x08007155   Thumb Code    48  stm32f4xx_fsmc.o(.text)
    FSMC_NORSRAMCmd                          0x08007185   Thumb Code    46  stm32f4xx_fsmc.o(.text)
    FSMC_NANDDeInit                          0x080071b3   Thumb Code    62  stm32f4xx_fsmc.o(.text)
    FSMC_NANDInit                            0x080071f1   Thumb Code   132  stm32f4xx_fsmc.o(.text)
    FSMC_NANDStructInit                      0x08007275   Thumb Code    54  stm32f4xx_fsmc.o(.text)
    FSMC_NANDCmd                             0x080072ab   Thumb Code    86  stm32f4xx_fsmc.o(.text)
    FSMC_NANDECCCmd                          0x08007301   Thumb Code    86  stm32f4xx_fsmc.o(.text)
    FSMC_GetECC                              0x08007357   Thumb Code    24  stm32f4xx_fsmc.o(.text)
    FSMC_PCCARDDeInit                        0x0800736f   Thumb Code    36  stm32f4xx_fsmc.o(.text)
    FSMC_PCCARDInit                          0x08007393   Thumb Code   130  stm32f4xx_fsmc.o(.text)
    FSMC_PCCARDStructInit                    0x08007415   Thumb Code    60  stm32f4xx_fsmc.o(.text)
    FSMC_PCCARDCmd                           0x08007451   Thumb Code    44  stm32f4xx_fsmc.o(.text)
    FSMC_ITConfig                            0x0800747d   Thumb Code   128  stm32f4xx_fsmc.o(.text)
    FSMC_GetFlagStatus                       0x080074fd   Thumb Code    54  stm32f4xx_fsmc.o(.text)
    FSMC_ClearFlag                           0x08007533   Thumb Code    74  stm32f4xx_fsmc.o(.text)
    FSMC_GetITStatus                         0x0800757d   Thumb Code    62  stm32f4xx_fsmc.o(.text)
    FSMC_ClearITPendingBit                   0x080075bb   Thumb Code    66  stm32f4xx_fsmc.o(.text)
    RCC_DeInit                               0x08007601   Thumb Code    82  stm32f4xx_rcc.o(.text)
    RCC_HSEConfig                            0x08007653   Thumb Code    14  stm32f4xx_rcc.o(.text)
    RCC_GetFlagStatus                        0x08007661   Thumb Code    60  stm32f4xx_rcc.o(.text)
    RCC_WaitForHSEStartUp                    0x0800769d   Thumb Code    56  stm32f4xx_rcc.o(.text)
    RCC_AdjustHSICalibrationValue            0x080076d5   Thumb Code    20  stm32f4xx_rcc.o(.text)
    RCC_HSICmd                               0x080076e9   Thumb Code     6  stm32f4xx_rcc.o(.text)
    RCC_LSEConfig                            0x080076ef   Thumb Code    46  stm32f4xx_rcc.o(.text)
    RCC_LSICmd                               0x0800771d   Thumb Code     6  stm32f4xx_rcc.o(.text)
    RCC_PLLConfig                            0x08007723   Thumb Code    32  stm32f4xx_rcc.o(.text)
    RCC_PLLCmd                               0x08007743   Thumb Code     6  stm32f4xx_rcc.o(.text)
    RCC_PLLI2SConfig                         0x08007749   Thumb Code    14  stm32f4xx_rcc.o(.text)
    RCC_PLLI2SCmd                            0x08007757   Thumb Code     6  stm32f4xx_rcc.o(.text)
    RCC_PLLSAIConfig                         0x0800775d   Thumb Code    20  stm32f4xx_rcc.o(.text)
    RCC_PLLSAICmd                            0x08007771   Thumb Code     6  stm32f4xx_rcc.o(.text)
    RCC_ClockSecuritySystemCmd               0x08007777   Thumb Code     6  stm32f4xx_rcc.o(.text)
    RCC_MCO1Config                           0x0800777d   Thumb Code    28  stm32f4xx_rcc.o(.text)
    RCC_MCO2Config                           0x08007799   Thumb Code    28  stm32f4xx_rcc.o(.text)
    RCC_SYSCLKConfig                         0x080077b5   Thumb Code    20  stm32f4xx_rcc.o(.text)
    RCC_GetSYSCLKSource                      0x080077c9   Thumb Code    12  stm32f4xx_rcc.o(.text)
    RCC_HCLKConfig                           0x080077d5   Thumb Code    20  stm32f4xx_rcc.o(.text)
    RCC_PCLK1Config                          0x080077e9   Thumb Code    20  stm32f4xx_rcc.o(.text)
    RCC_PCLK2Config                          0x080077fd   Thumb Code    22  stm32f4xx_rcc.o(.text)
    RCC_GetClocksFreq                        0x08007813   Thumb Code   222  stm32f4xx_rcc.o(.text)
    RCC_RTCCLKConfig                         0x080078f1   Thumb Code    54  stm32f4xx_rcc.o(.text)
    RCC_RTCCLKCmd                            0x08007927   Thumb Code     8  stm32f4xx_rcc.o(.text)
    RCC_BackupResetCmd                       0x0800792f   Thumb Code     8  stm32f4xx_rcc.o(.text)
    RCC_I2SCLKConfig                         0x08007937   Thumb Code     6  stm32f4xx_rcc.o(.text)
    RCC_SAIPLLI2SClkDivConfig                0x0800793d   Thumb Code    26  stm32f4xx_rcc.o(.text)
    RCC_SAIPLLSAIClkDivConfig                0x08007957   Thumb Code    28  stm32f4xx_rcc.o(.text)
    RCC_SAIBlockACLKConfig                   0x08007973   Thumb Code    20  stm32f4xx_rcc.o(.text)
    RCC_SAIBlockBCLKConfig                   0x08007987   Thumb Code    20  stm32f4xx_rcc.o(.text)
    RCC_LTDCCLKDivConfig                     0x0800799b   Thumb Code    20  stm32f4xx_rcc.o(.text)
    RCC_TIMCLKPresConfig                     0x080079af   Thumb Code     6  stm32f4xx_rcc.o(.text)
    RCC_AHB1PeriphClockCmd                   0x080079b5   Thumb Code    34  stm32f4xx_rcc.o(.text)
    RCC_AHB2PeriphClockCmd                   0x080079d7   Thumb Code    78  stm32f4xx_rcc.o(.text)
    RCC_AHB3PeriphClockCmd                   0x08007a25   Thumb Code    34  stm32f4xx_rcc.o(.text)
    RCC_APB1PeriphClockCmd                   0x08007a47   Thumb Code    34  stm32f4xx_rcc.o(.text)
    RCC_APB2PeriphClockCmd                   0x08007a69   Thumb Code    34  stm32f4xx_rcc.o(.text)
    RCC_AHB1PeriphResetCmd                   0x08007a8b   Thumb Code    34  stm32f4xx_rcc.o(.text)
    RCC_AHB2PeriphResetCmd                   0x08007aad   Thumb Code    34  stm32f4xx_rcc.o(.text)
    RCC_AHB3PeriphResetCmd                   0x08007acf   Thumb Code    34  stm32f4xx_rcc.o(.text)
    RCC_APB1PeriphResetCmd                   0x08007af1   Thumb Code    34  stm32f4xx_rcc.o(.text)
    RCC_APB2PeriphResetCmd                   0x08007b13   Thumb Code    34  stm32f4xx_rcc.o(.text)
    RCC_AHB1PeriphClockLPModeCmd             0x08007b35   Thumb Code    34  stm32f4xx_rcc.o(.text)
    RCC_AHB2PeriphClockLPModeCmd             0x08007b57   Thumb Code    34  stm32f4xx_rcc.o(.text)
    RCC_AHB3PeriphClockLPModeCmd             0x08007b79   Thumb Code    34  stm32f4xx_rcc.o(.text)
    RCC_APB1PeriphClockLPModeCmd             0x08007b9b   Thumb Code    34  stm32f4xx_rcc.o(.text)
    RCC_APB2PeriphClockLPModeCmd             0x08007bbd   Thumb Code    34  stm32f4xx_rcc.o(.text)
    RCC_LSEModeConfig                        0x08007bdf   Thumb Code    40  stm32f4xx_rcc.o(.text)
    RCC_ITConfig                             0x08007c07   Thumb Code    34  stm32f4xx_rcc.o(.text)
    RCC_ClearFlag                            0x08007c29   Thumb Code    18  stm32f4xx_rcc.o(.text)
    RCC_GetITStatus                          0x08007c3b   Thumb Code    22  stm32f4xx_rcc.o(.text)
    RCC_ClearITPendingBit                    0x08007c51   Thumb Code     8  stm32f4xx_rcc.o(.text)
    USART_DeInit                             0x08007c5d   Thumb Code   206  stm32f4xx_usart.o(.text)
    USART_Init                               0x08007d2b   Thumb Code   204  stm32f4xx_usart.o(.text)
    USART_StructInit                         0x08007df7   Thumb Code    24  stm32f4xx_usart.o(.text)
    USART_ClockInit                          0x08007e0f   Thumb Code    32  stm32f4xx_usart.o(.text)
    USART_ClockStructInit                    0x08007e2f   Thumb Code    12  stm32f4xx_usart.o(.text)
    USART_Cmd                                0x08007e3b   Thumb Code    24  stm32f4xx_usart.o(.text)
    USART_SetPrescaler                       0x08007e53   Thumb Code    16  stm32f4xx_usart.o(.text)
    USART_OverSampling8Cmd                   0x08007e63   Thumb Code    22  stm32f4xx_usart.o(.text)
    USART_OneBitMethodCmd                    0x08007e79   Thumb Code    24  stm32f4xx_usart.o(.text)
    USART_SendData                           0x08007e91   Thumb Code     8  stm32f4xx_usart.o(.text)
    USART_ReceiveData                        0x08007e99   Thumb Code    10  stm32f4xx_usart.o(.text)
    USART_SetAddress                         0x08007ea3   Thumb Code    18  stm32f4xx_usart.o(.text)
    USART_ReceiverWakeUpCmd                  0x08007eb5   Thumb Code    24  stm32f4xx_usart.o(.text)
    USART_WakeUpConfig                       0x08007ecd   Thumb Code    18  stm32f4xx_usart.o(.text)
    USART_LINBreakDetectLengthConfig         0x08007edf   Thumb Code    18  stm32f4xx_usart.o(.text)
    USART_LINCmd                             0x08007ef1   Thumb Code    24  stm32f4xx_usart.o(.text)
    USART_SendBreak                          0x08007f09   Thumb Code    10  stm32f4xx_usart.o(.text)
    USART_HalfDuplexCmd                      0x08007f13   Thumb Code    24  stm32f4xx_usart.o(.text)
    USART_SetGuardTime                       0x08007f2b   Thumb Code    16  stm32f4xx_usart.o(.text)
    USART_SmartCardCmd                       0x08007f3b   Thumb Code    24  stm32f4xx_usart.o(.text)
    USART_SmartCardNACKCmd                   0x08007f53   Thumb Code    24  stm32f4xx_usart.o(.text)
    USART_IrDAConfig                         0x08007f6b   Thumb Code    18  stm32f4xx_usart.o(.text)
    USART_IrDACmd                            0x08007f7d   Thumb Code    24  stm32f4xx_usart.o(.text)
    USART_DMACmd                             0x08007f95   Thumb Code    18  stm32f4xx_usart.o(.text)
    USART_ITConfig                           0x08007fa7   Thumb Code    74  stm32f4xx_usart.o(.text)
    USART_GetFlagStatus                      0x08007ff1   Thumb Code    26  stm32f4xx_usart.o(.text)
    USART_ClearFlag                          0x0800800b   Thumb Code    18  stm32f4xx_usart.o(.text)
    USART_GetITStatus                        0x0800801d   Thumb Code   118  stm32f4xx_usart.o(.text)
    USART_ClearITPendingBit                  0x08008093   Thumb Code    30  stm32f4xx_usart.o(.text)
    ADC_DeInit                               0x080080b1   Thumb Code    22  stm32f4xx_adc.o(.text)
    ADC_Init                                 0x080080c7   Thumb Code    74  stm32f4xx_adc.o(.text)
    ADC_StructInit                           0x08008111   Thumb Code    20  stm32f4xx_adc.o(.text)
    ADC_CommonInit                           0x08008125   Thumb Code    34  stm32f4xx_adc.o(.text)
    ADC_CommonStructInit                     0x08008147   Thumb Code    12  stm32f4xx_adc.o(.text)
    ADC_Cmd                                  0x08008153   Thumb Code    22  stm32f4xx_adc.o(.text)
    ADC_AnalogWatchdogCmd                    0x08008169   Thumb Code    16  stm32f4xx_adc.o(.text)
    ADC_AnalogWatchdogThresholdsConfig       0x08008179   Thumb Code     6  stm32f4xx_adc.o(.text)
    ADC_AnalogWatchdogSingleChannelConfig    0x0800817f   Thumb Code    16  stm32f4xx_adc.o(.text)
    ADC_TempSensorVrefintCmd                 0x0800818f   Thumb Code    34  stm32f4xx_adc.o(.text)
    ADC_VBATCmd                              0x080081b1   Thumb Code    34  stm32f4xx_adc.o(.text)
    ADC_RegularChannelConfig                 0x080081d3   Thumb Code   184  stm32f4xx_adc.o(.text)
    ADC_SoftwareStartConv                    0x0800828b   Thumb Code    10  stm32f4xx_adc.o(.text)
    ADC_GetSoftwareStartConvStatus           0x08008295   Thumb Code    20  stm32f4xx_adc.o(.text)
    ADC_EOCOnEachRegularChannelCmd           0x080082a9   Thumb Code    22  stm32f4xx_adc.o(.text)
    ADC_ContinuousModeCmd                    0x080082bf   Thumb Code    22  stm32f4xx_adc.o(.text)
    ADC_DiscModeChannelCountConfig           0x080082d5   Thumb Code    24  stm32f4xx_adc.o(.text)
    ADC_DiscModeCmd                          0x080082ed   Thumb Code    22  stm32f4xx_adc.o(.text)
    ADC_GetConversionValue                   0x08008303   Thumb Code     8  stm32f4xx_adc.o(.text)
    ADC_GetMultiModeConversionValue          0x0800830b   Thumb Code     8  stm32f4xx_adc.o(.text)
    ADC_DMACmd                               0x08008313   Thumb Code    22  stm32f4xx_adc.o(.text)
    ADC_DMARequestAfterLastTransferCmd       0x08008329   Thumb Code    22  stm32f4xx_adc.o(.text)
    ADC_MultiModeDMARequestAfterLastTransferCmd 0x0800833f   Thumb Code    34  stm32f4xx_adc.o(.text)
    ADC_InjectedChannelConfig                0x08008361   Thumb Code   130  stm32f4xx_adc.o(.text)
    ADC_InjectedSequencerLengthConfig        0x080083e3   Thumb Code    24  stm32f4xx_adc.o(.text)
    ADC_SetInjectedOffset                    0x080083fb   Thumb Code    20  stm32f4xx_adc.o(.text)
    ADC_ExternalTrigInjectedConvConfig       0x0800840f   Thumb Code    16  stm32f4xx_adc.o(.text)
    ADC_ExternalTrigInjectedConvEdgeConfig   0x0800841f   Thumb Code    16  stm32f4xx_adc.o(.text)
    ADC_SoftwareStartInjectedConv            0x0800842f   Thumb Code    10  stm32f4xx_adc.o(.text)
    ADC_GetSoftwareStartInjectedConvCmdStatus 0x08008439   Thumb Code    20  stm32f4xx_adc.o(.text)
    ADC_AutoInjectedConvCmd                  0x0800844d   Thumb Code    22  stm32f4xx_adc.o(.text)
    ADC_InjectedDiscModeCmd                  0x08008463   Thumb Code    22  stm32f4xx_adc.o(.text)
    ADC_GetInjectedConversionValue           0x08008479   Thumb Code    28  stm32f4xx_adc.o(.text)
    ADC_ITConfig                             0x08008495   Thumb Code    56  stm32f4xx_adc.o(.text)
    ADC_GetFlagStatus                        0x080084cd   Thumb Code    18  stm32f4xx_adc.o(.text)
    ADC_ClearFlag                            0x080084df   Thumb Code     6  stm32f4xx_adc.o(.text)
    ADC_GetITStatus                          0x080084e5   Thumb Code    38  stm32f4xx_adc.o(.text)
    ADC_ClearITPendingBit                    0x0800850b   Thumb Code    10  stm32f4xx_adc.o(.text)
    DMA_DeInit                               0x08008515   Thumb Code   324  stm32f4xx_dma.o(.text)
    DMA_Init                                 0x08008659   Thumb Code    82  stm32f4xx_dma.o(.text)
    DMA_StructInit                           0x080086ab   Thumb Code    34  stm32f4xx_dma.o(.text)
    DMA_Cmd                                  0x080086cd   Thumb Code    22  stm32f4xx_dma.o(.text)
    DMA_PeriphIncOffsetSizeConfig            0x080086e3   Thumb Code    22  stm32f4xx_dma.o(.text)
    DMA_FlowControllerConfig                 0x080086f9   Thumb Code    22  stm32f4xx_dma.o(.text)
    DMA_SetCurrDataCounter                   0x0800870f   Thumb Code     4  stm32f4xx_dma.o(.text)
    DMA_GetCurrDataCounter                   0x08008713   Thumb Code     8  stm32f4xx_dma.o(.text)
    DMA_DoubleBufferModeConfig               0x0800871b   Thumb Code    24  stm32f4xx_dma.o(.text)
    DMA_DoubleBufferModeCmd                  0x08008733   Thumb Code    22  stm32f4xx_dma.o(.text)
    DMA_MemoryTargetConfig                   0x08008749   Thumb Code    10  stm32f4xx_dma.o(.text)
    DMA_GetCurrentMemoryTarget               0x08008753   Thumb Code    20  stm32f4xx_dma.o(.text)
    DMA_GetCmdStatus                         0x08008767   Thumb Code    20  stm32f4xx_dma.o(.text)
    DMA_GetFIFOStatus                        0x0800877b   Thumb Code    12  stm32f4xx_dma.o(.text)
    DMA_GetFlagStatus                        0x08008787   Thumb Code    56  stm32f4xx_dma.o(.text)
    DMA_ClearFlag                            0x080087bf   Thumb Code    40  stm32f4xx_dma.o(.text)
    DMA_ITConfig                             0x080087e7   Thumb Code    58  stm32f4xx_dma.o(.text)
    DMA_GetITStatus                          0x08008821   Thumb Code    84  stm32f4xx_dma.o(.text)
    DMA_ClearITPendingBit                    0x08008875   Thumb Code    40  stm32f4xx_dma.o(.text)
    TIM_DeInit                               0x080088bd   Thumb Code   346  stm32f4xx_tim.o(.text)
    TIM_TimeBaseInit                         0x08008a17   Thumb Code   104  stm32f4xx_tim.o(.text)
    TIM_TimeBaseStructInit                   0x08008a7f   Thumb Code    18  stm32f4xx_tim.o(.text)
    TIM_PrescalerConfig                      0x08008a91   Thumb Code     6  stm32f4xx_tim.o(.text)
    TIM_CounterModeConfig                    0x08008a97   Thumb Code    18  stm32f4xx_tim.o(.text)
    TIM_SetCounter                           0x08008aa9   Thumb Code     4  stm32f4xx_tim.o(.text)
    TIM_SetAutoreload                        0x08008aad   Thumb Code     4  stm32f4xx_tim.o(.text)
    TIM_GetCounter                           0x08008ab1   Thumb Code     6  stm32f4xx_tim.o(.text)
    TIM_GetPrescaler                         0x08008ab7   Thumb Code     6  stm32f4xx_tim.o(.text)
    TIM_UpdateDisableConfig                  0x08008abd   Thumb Code    24  stm32f4xx_tim.o(.text)
    TIM_UpdateRequestConfig                  0x08008ad5   Thumb Code    24  stm32f4xx_tim.o(.text)
    TIM_ARRPreloadConfig                     0x08008aed   Thumb Code    24  stm32f4xx_tim.o(.text)
    TIM_SelectOnePulseMode                   0x08008b05   Thumb Code    18  stm32f4xx_tim.o(.text)
    TIM_SetClockDivision                     0x08008b17   Thumb Code    18  stm32f4xx_tim.o(.text)
    TIM_Cmd                                  0x08008b29   Thumb Code    24  stm32f4xx_tim.o(.text)
    TIM_OC1Init                              0x08008b41   Thumb Code   114  stm32f4xx_tim.o(.text)
    TIM_OC2Init                              0x08008bb3   Thumb Code   154  stm32f4xx_tim.o(.text)
    TIM_OC3Init                              0x08008c4d   Thumb Code   204  stm32f4xx_tim.o(.text)
    TIM_OC4Init                              0x08008d19   Thumb Code   112  stm32f4xx_tim.o(.text)
    TIM_OCStructInit                         0x08008d89   Thumb Code    20  stm32f4xx_tim.o(.text)
    TIM_SelectOCxM                           0x08008d9d   Thumb Code    86  stm32f4xx_tim.o(.text)
    TIM_SetCompare1                          0x08008df3   Thumb Code     4  stm32f4xx_tim.o(.text)
    TIM_SetCompare2                          0x08008df7   Thumb Code     4  stm32f4xx_tim.o(.text)
    TIM_SetCompare3                          0x08008dfb   Thumb Code     4  stm32f4xx_tim.o(.text)
    TIM_SetCompare4                          0x08008dff   Thumb Code     4  stm32f4xx_tim.o(.text)
    TIM_ForcedOC1Config                      0x08008e03   Thumb Code    18  stm32f4xx_tim.o(.text)
    TIM_ForcedOC2Config                      0x08008e15   Thumb Code    26  stm32f4xx_tim.o(.text)
    TIM_ForcedOC3Config                      0x08008e2f   Thumb Code    18  stm32f4xx_tim.o(.text)
    TIM_ForcedOC4Config                      0x08008e41   Thumb Code    26  stm32f4xx_tim.o(.text)
    TIM_OC1PreloadConfig                     0x08008e5b   Thumb Code    18  stm32f4xx_tim.o(.text)
    TIM_OC2PreloadConfig                     0x08008e6d   Thumb Code    26  stm32f4xx_tim.o(.text)
    TIM_OC3PreloadConfig                     0x08008e87   Thumb Code    18  stm32f4xx_tim.o(.text)
    TIM_OC4PreloadConfig                     0x08008e99   Thumb Code    26  stm32f4xx_tim.o(.text)
    TIM_OC1FastConfig                        0x08008eb3   Thumb Code    18  stm32f4xx_tim.o(.text)
    TIM_OC2FastConfig                        0x08008ec5   Thumb Code    26  stm32f4xx_tim.o(.text)
    TIM_OC3FastConfig                        0x08008edf   Thumb Code    18  stm32f4xx_tim.o(.text)
    TIM_OC4FastConfig                        0x08008ef1   Thumb Code    26  stm32f4xx_tim.o(.text)
    TIM_ClearOC1Ref                          0x08008f0b   Thumb Code    18  stm32f4xx_tim.o(.text)
    TIM_ClearOC2Ref                          0x08008f1d   Thumb Code    24  stm32f4xx_tim.o(.text)
    TIM_ClearOC3Ref                          0x08008f35   Thumb Code    18  stm32f4xx_tim.o(.text)
    TIM_ClearOC4Ref                          0x08008f47   Thumb Code    24  stm32f4xx_tim.o(.text)
    TIM_OC1PolarityConfig                    0x08008f5f   Thumb Code    18  stm32f4xx_tim.o(.text)
    TIM_OC1NPolarityConfig                   0x08008f71   Thumb Code    18  stm32f4xx_tim.o(.text)
    TIM_OC2PolarityConfig                    0x08008f83   Thumb Code    26  stm32f4xx_tim.o(.text)
    TIM_OC2NPolarityConfig                   0x08008f9d   Thumb Code    26  stm32f4xx_tim.o(.text)
    TIM_OC3PolarityConfig                    0x08008fb7   Thumb Code    26  stm32f4xx_tim.o(.text)
    TIM_OC3NPolarityConfig                   0x08008fd1   Thumb Code    26  stm32f4xx_tim.o(.text)
    TIM_OC4PolarityConfig                    0x08008feb   Thumb Code    26  stm32f4xx_tim.o(.text)
    TIM_CCxCmd                               0x08009005   Thumb Code    30  stm32f4xx_tim.o(.text)
    TIM_CCxNCmd                              0x08009023   Thumb Code    30  stm32f4xx_tim.o(.text)
    TIM_SetIC4Prescaler                      0x08009041   Thumb Code    26  stm32f4xx_tim.o(.text)
    TIM_SetIC3Prescaler                      0x080090ab   Thumb Code    18  stm32f4xx_tim.o(.text)
    TIM_SetIC2Prescaler                      0x08009105   Thumb Code    26  stm32f4xx_tim.o(.text)
    TIM_SetIC1Prescaler                      0x08009179   Thumb Code    18  stm32f4xx_tim.o(.text)
    TIM_ICInit                               0x080091c5   Thumb Code   110  stm32f4xx_tim.o(.text)
    TIM_ICStructInit                         0x08009233   Thumb Code    18  stm32f4xx_tim.o(.text)
    TIM_PWMIConfig                           0x08009245   Thumb Code   124  stm32f4xx_tim.o(.text)
    TIM_GetCapture1                          0x080092c1   Thumb Code     6  stm32f4xx_tim.o(.text)
    TIM_GetCapture2                          0x080092c7   Thumb Code     6  stm32f4xx_tim.o(.text)
    TIM_GetCapture3                          0x080092cd   Thumb Code     6  stm32f4xx_tim.o(.text)
    TIM_GetCapture4                          0x080092d3   Thumb Code     6  stm32f4xx_tim.o(.text)
    TIM_BDTRConfig                           0x080092d9   Thumb Code    32  stm32f4xx_tim.o(.text)
    TIM_BDTRStructInit                       0x080092f9   Thumb Code    18  stm32f4xx_tim.o(.text)
    TIM_CtrlPWMOutputs                       0x0800930b   Thumb Code    30  stm32f4xx_tim.o(.text)
    TIM_SelectCOM                            0x08009329   Thumb Code    24  stm32f4xx_tim.o(.text)
    TIM_CCPreloadControl                     0x08009341   Thumb Code    24  stm32f4xx_tim.o(.text)
    TIM_ITConfig                             0x08009359   Thumb Code    18  stm32f4xx_tim.o(.text)
    TIM_GenerateEvent                        0x0800936b   Thumb Code     4  stm32f4xx_tim.o(.text)
    TIM_GetFlagStatus                        0x0800936f   Thumb Code    18  stm32f4xx_tim.o(.text)
    TIM_ClearFlag                            0x08009381   Thumb Code     6  stm32f4xx_tim.o(.text)
    TIM_GetITStatus                          0x08009387   Thumb Code    34  stm32f4xx_tim.o(.text)
    TIM_ClearITPendingBit                    0x080093a9   Thumb Code     6  stm32f4xx_tim.o(.text)
    TIM_DMAConfig                            0x080093af   Thumb Code    10  stm32f4xx_tim.o(.text)
    TIM_DMACmd                               0x080093b9   Thumb Code    18  stm32f4xx_tim.o(.text)
    TIM_SelectCCDMA                          0x080093cb   Thumb Code    24  stm32f4xx_tim.o(.text)
    TIM_InternalClockConfig                  0x080093e3   Thumb Code    12  stm32f4xx_tim.o(.text)
    TIM_SelectInputTrigger                   0x080093ef   Thumb Code    18  stm32f4xx_tim.o(.text)
    TIM_ITRxExternalClockConfig              0x08009401   Thumb Code    24  stm32f4xx_tim.o(.text)
    TIM_TIxExternalClockConfig               0x08009419   Thumb Code    62  stm32f4xx_tim.o(.text)
    TIM_ETRConfig                            0x08009457   Thumb Code    28  stm32f4xx_tim.o(.text)
    TIM_ETRClockMode1Config                  0x08009473   Thumb Code    54  stm32f4xx_tim.o(.text)
    TIM_ETRClockMode2Config                  0x080094a9   Thumb Code    32  stm32f4xx_tim.o(.text)
    TIM_SelectOutputTrigger                  0x080094c9   Thumb Code    18  stm32f4xx_tim.o(.text)
    TIM_SelectSlaveMode                      0x080094db   Thumb Code    18  stm32f4xx_tim.o(.text)
    TIM_SelectMasterSlaveMode                0x080094ed   Thumb Code    18  stm32f4xx_tim.o(.text)
    TIM_EncoderInterfaceConfig               0x080094ff   Thumb Code    66  stm32f4xx_tim.o(.text)
    TIM_SelectHallSensor                     0x08009541   Thumb Code    24  stm32f4xx_tim.o(.text)
    TIM_RemapConfig                          0x08009559   Thumb Code     6  stm32f4xx_tim.o(.text)
    __use_no_semihosting                     0x0800955f   Thumb Code     2  use_no_semi_2.o(.text)
    __aeabi_uldivmod                         0x08009561   Thumb Code     0  lludivv7m.o(.text)
    _ll_udiv                                 0x08009561   Thumb Code   238  lludivv7m.o(.text)
    __2printf                                0x08009651   Thumb Code    20  noretval__2printf.o(.text)
    __printf                                 0x08009669   Thumb Code   104  __printf.o(.text)
    _printf_int_hex                          0x080096d1   Thumb Code    84  _printf_hex_int.o(.text)
    _printf_longlong_hex                     0x080096d1   Thumb Code     0  _printf_hex_int.o(.text)
    strcmp                                   0x08009729   Thumb Code   128  strcmpv7m.o(.text)
    __use_two_region_memory                  0x080097a9   Thumb Code     2  heapauxi.o(.text)
    __rt_heap_escrow$2region                 0x080097ab   Thumb Code     2  heapauxi.o(.text)
    __rt_heap_expand$2region                 0x080097ad   Thumb Code     2  heapauxi.o(.text)
    __I$use$semihosting                      0x080097af   Thumb Code     0  use_no_semi.o(.text)
    __use_no_semihosting_swi                 0x080097af   Thumb Code     2  use_no_semi.o(.text)
    _printf_int_common                       0x080097b1   Thumb Code   178  _printf_intcommon.o(.text)
    __lib_sel_fp_printf                      0x08009863   Thumb Code     2  _printf_fp_dec.o(.text)
    _printf_fp_dec_real                      0x08009a15   Thumb Code   620  _printf_fp_dec.o(.text)
    _printf_char_file                        0x08009c81   Thumb Code    32  _printf_char_file.o(.text)
    __rt_locale                              0x08009ca5   Thumb Code     8  rt_locale_intlibspace.o(.text)
    _ll_udiv10                               0x08009cad   Thumb Code   138  lludiv10.o(.text)
    _printf_char_common                      0x08009d43   Thumb Code    32  _printf_char_common.o(.text)
    _printf_fp_infnan                        0x08009d69   Thumb Code   112  _printf_fp_infnan.o(.text)
    _btod_etento                             0x08009de9   Thumb Code   224  bigflt0.o(.text)
    ferror                                   0x08009ecd   Thumb Code     8  ferror.o(.text)
    __user_libspace                          0x08009ed5   Thumb Code     8  libspace.o(.text)
    __user_perproc_libspace                  0x08009ed5   Thumb Code     0  libspace.o(.text)
    __user_perthread_libspace                0x08009ed5   Thumb Code     0  libspace.o(.text)
    __user_setup_stackheap                   0x08009edd   Thumb Code    74  sys_stackheap_outer.o(.text)
    exit                                     0x08009f27   Thumb Code    18  exit.o(.text)
    _btod_d2e                                0x08009f39   Thumb Code    62  btod.o(CL$$btod_d2e)
    _d2e_denorm_low                          0x08009f77   Thumb Code    70  btod.o(CL$$btod_d2e_denorm_low)
    _d2e_norm_op1                            0x08009fbd   Thumb Code    96  btod.o(CL$$btod_d2e_norm_op1)
    __btod_div_common                        0x0800a01d   Thumb Code   696  btod.o(CL$$btod_div_common)
    _e2e                                     0x0800a355   Thumb Code   220  btod.o(CL$$btod_e2e)
    _btod_ediv                               0x0800a431   Thumb Code    42  btod.o(CL$$btod_ediv)
    _btod_emul                               0x0800a45b   Thumb Code    42  btod.o(CL$$btod_emul)
    __btod_mult_common                       0x0800a485   Thumb Code   580  btod.o(CL$$btod_mult_common)
    __ARM_fpclassify                         0x0800a6c9   Thumb Code    48  fpclassify.o(i.__ARM_fpclassify)
    _get_lc_numeric                          0x0800a6f9   Thumb Code    44  lc_numeric_c.o(locale$$code)
    __fpl_dcmp_Inf                           0x0800a725   Thumb Code    24  dcmpi.o(x$fpl$dcmpinf)
    __aeabi_ddiv                             0x0800a73d   Thumb Code     0  ddiv.o(x$fpl$ddiv)
    _ddiv                                    0x0800a73d   Thumb Code   552  ddiv.o(x$fpl$ddiv)
    __aeabi_d2uiz                            0x0800a9ed   Thumb Code     0  dfixu.o(x$fpl$dfixu)
    _dfixu                                   0x0800a9ed   Thumb Code    90  dfixu.o(x$fpl$dfixu)
    __aeabi_i2d                              0x0800aa47   Thumb Code     0  dflt_clz.o(x$fpl$dflt)
    _dflt                                    0x0800aa47   Thumb Code    46  dflt_clz.o(x$fpl$dflt)
    __aeabi_ui2d                             0x0800aa75   Thumb Code     0  dflt_clz.o(x$fpl$dfltu)
    _dfltu                                   0x0800aa75   Thumb Code    38  dflt_clz.o(x$fpl$dfltu)
    __aeabi_cdcmple                          0x0800aa9d   Thumb Code     0  dleqf.o(x$fpl$dleqf)
    _dcmple                                  0x0800aa9d   Thumb Code   120  dleqf.o(x$fpl$dleqf)
    __fpl_dcmple_InfNaN                      0x0800aaff   Thumb Code     0  dleqf.o(x$fpl$dleqf)
    __aeabi_dmul                             0x0800ab15   Thumb Code     0  dmul.o(x$fpl$dmul)
    _dmul                                    0x0800ab15   Thumb Code   332  dmul.o(x$fpl$dmul)
    __fpl_dnaninf                            0x0800ac69   Thumb Code   156  dnaninf.o(x$fpl$dnaninf)
    __fpl_dretinf                            0x0800ad05   Thumb Code    12  dretinf.o(x$fpl$dretinf)
    _fp_init                                 0x0800ad11   Thumb Code    10  fpinit.o(x$fpl$fpinit)
    __fplib_config_fpu_vfp                   0x0800ad19   Thumb Code     0  fpinit.o(x$fpl$fpinit)
    __fplib_config_pureend_doubles           0x0800ad19   Thumb Code     0  fpinit.o(x$fpl$fpinit)
    _printf_fp_dec                           0x0800ad1b   Thumb Code     4  printf1.o(x$fpl$printf1)
    __I$use$fp                               0x0800ad1e   Number         0  usenofp.o(x$fpl$usenofp)
    asc2_1206                                0x0800ad1e   Data        1140  lcd.o(.constdata)
    asc2_1608                                0x0800b192   Data        1520  lcd.o(.constdata)
    asc2_2412                                0x0800b782   Data        3420  lcd.o(.constdata)
    FSMC_DefaultTimingStruct                 0x0800c4e0   Data          28  stm32f4xx_fsmc.o(.constdata)
    Region$$Table$$Base                      0x0800c5b8   Number         0  anon$$obj.o(Region$$Table)
    Region$$Table$$Limit                     0x0800c5d8   Number         0  anon$$obj.o(Region$$Table)
    SystemCoreClock                          0x20000000   Data           4  system_stm32f4xx.o(.data)
    AHBPrescTable                            0x20000004   Data          16  system_stm32f4xx.o(.data)
    POINT_COLOR                              0x20000014   Data           2  lcd.o(.data)
    BACK_COLOR                               0x20000016   Data           2  lcd.o(.data)
    flag_dma_it_tc                           0x20000018   Data           1  adc_test.o(.data)
    Data                                     0x2000001c   Data           4  adc_test.o(.data)
    max                                      0x20000020   Data           2  adc_test.o(.data)
    min                                      0x20000022   Data           2  adc_test.o(.data)
    last_max                                 0x20000024   Data           2  adc_test.o(.data)
    last_min                                 0x20000026   Data           2  adc_test.o(.data)
    sub_max                                  0x20000028   Data           2  adc_test.o(.data)
    sub_min                                  0x2000002a   Data           2  adc_test.o(.data)
    middle                                   0x2000002c   Data           4  adc_test.o(.data)
    flag_enter_max                           0x20000030   Data           2  adc_test.o(.data)
    flag_enter_min                           0x20000032   Data           2  adc_test.o(.data)
    flag_exit_max                            0x20000034   Data           2  adc_test.o(.data)
    flag_exit_min                            0x20000036   Data           2  adc_test.o(.data)
    flag_enter_middle                        0x20000038   Data           2  adc_test.o(.data)
    flag_first_max_p                         0x2000003a   Data           2  adc_test.o(.data)
    flag_first_min_p                         0x2000003c   Data           2  adc_test.o(.data)
    flag_first_middle_p                      0x2000003e   Data           2  adc_test.o(.data)
    half_T                                   0x20000040   Data           4  adc_test.o(.data)
    T                                        0x20000044   Data           4  adc_test.o(.data)
    f                                        0x20000048   Data           4  adc_test.o(.data)
    Wave_Shape                               0x2000004c   Data           1  adc_test.o(.data)
    Wave_Shape_Triangle_P                    0x2000004e   Data           2  adc_test.o(.data)
    Wave_Shape_Rectangle_P                   0x20000050   Data           2  adc_test.o(.data)
    Wave_Shape_Sin_P                         0x20000052   Data           2  adc_test.o(.data)
    sum                                      0x20000058   Data           8  adc_test.o(.data)
    time_tim1                                0x20000060   Data           2  adc_test.o(.data)
    flag_first_time                          0x20000062   Data           2  adc_test.o(.data)
    flag_first_i                             0x20000064   Data           2  adc_test.o(.data)
    flag_start_pos_i                         0x20000066   Data           2  adc_test.o(.data)
    flag_stop_pos_i                          0x20000068   Data           2  adc_test.o(.data)
    flag                                     0x2000006a   Data           1  adc_test.o(.data)
    max_channel2                             0x2000006c   Data           2  adc_test.o(.data)
    min_channel2                             0x2000006e   Data           2  adc_test.o(.data)
    last_max_channel2                        0x20000070   Data           2  adc_test.o(.data)
    last_min_channel2                        0x20000072   Data           2  adc_test.o(.data)
    sub_min_channel2                         0x20000074   Data           2  adc_test.o(.data)
    sub_max_channel2                         0x20000076   Data           2  adc_test.o(.data)
    flag_enter_max_channel2                  0x20000078   Data           2  adc_test.o(.data)
    flag_exit_max_channel2                   0x2000007a   Data           2  adc_test.o(.data)
    flag_enter_min_channel2                  0x2000007c   Data           2  adc_test.o(.data)
    flag_exit_min_channel2                   0x2000007e   Data           2  adc_test.o(.data)
    flag_first_max_p_channel2                0x20000080   Data           2  adc_test.o(.data)
    flag_first_i_channel2                    0x20000082   Data           2  adc_test.o(.data)
    flag_stop_pos_i_channel2                 0x20000084   Data           2  adc_test.o(.data)
    flag_first_time_channel2                 0x20000086   Data           2  adc_test.o(.data)
    flag_start_pos_i_channel2                0x20000088   Data           2  adc_test.o(.data)
    flag_first_min_p_channel2                0x2000008a   Data           2  adc_test.o(.data)
    f_channel2                               0x2000008c   Data           2  adc_test.o(.data)
    __stdout                                 0x20000094   Data           4  usart.o(.data)
    USART_RX_STA                             0x20000098   Data           2  usart.o(.data)
    lcddev                                   0x200000ac   Data          14  lcd.o(.bss)
    data1                                    0x200000ba   Data        8192  adc_test.o(.bss)
    data2                                    0x200020ba   Data       16384  adc_test.o(.bss)
    USART_RX_BUF                             0x200060ba   Data         200  usart.o(.bss)
    __libspace_start                         0x20006184   Data          96  libspace.o(.bss)
    __temporary_stack_top$libspace           0x200061e4   Data           0  libspace.o(.bss)



==============================================================================

Memory Map of the image

  Image Entry point : 0x08000189

  Load Region LR_IROM1 (Base: 0x08000000, Size: 0x0000c6a0, Max: 0x00100000, ABSOLUTE)

    Execution Region ER_IROM1 (Exec base: 0x08000000, Load base: 0x08000000, Size: 0x0000c5f4, Max: 0x00100000, ABSOLUTE)

    Exec Addr    Load Addr    Size         Type   Attr      Idx    E Section Name        Object

    0x08000000   0x08000000   0x00000188   Data   RO          610    RESET               startup_stm32f40_41xxx.o
    0x08000188   0x08000188   0x00000008   Code   RO          866  * !!!main             c_w.l(__main.o)
    0x08000190   0x08000190   0x00000034   Code   RO         1149    !!!scatter          c_w.l(__scatter.o)
    0x080001c4   0x080001c4   0x0000001a   Code   RO         1151    !!handler_copy      c_w.l(__scatter_copy.o)
    0x080001de   0x080001de   0x00000002   PAD
    0x080001e0   0x080001e0   0x0000001c   Code   RO         1153    !!handler_zi        c_w.l(__scatter_zi.o)
    0x080001fc   0x080001fc   0x00000000   Code   RO          861    .ARM.Collect$$_printf_percent$$00000000  c_w.l(_printf_percent.o)
    0x080001fc   0x080001fc   0x00000006   Code   RO          860    .ARM.Collect$$_printf_percent$$00000003  c_w.l(_printf_f.o)
    0x08000202   0x08000202   0x00000006   Code   RO          858    .ARM.Collect$$_printf_percent$$0000000C  c_w.l(_printf_x.o)
    0x08000208   0x08000208   0x00000004   Code   RO          927    .ARM.Collect$$_printf_percent$$00000017  c_w.l(_printf_percent_end.o)
    0x0800020c   0x0800020c   0x00000002   Code   RO         1026    .ARM.Collect$$libinit$$00000000  c_w.l(libinit.o)
    0x0800020e   0x0800020e   0x00000004   Code   RO         1027    .ARM.Collect$$libinit$$00000001  c_w.l(libinit2.o)
    0x08000212   0x08000212   0x00000000   Code   RO         1030    .ARM.Collect$$libinit$$00000004  c_w.l(libinit2.o)
    0x08000212   0x08000212   0x00000000   Code   RO         1033    .ARM.Collect$$libinit$$0000000A  c_w.l(libinit2.o)
    0x08000212   0x08000212   0x00000000   Code   RO         1035    .ARM.Collect$$libinit$$0000000C  c_w.l(libinit2.o)
    0x08000212   0x08000212   0x00000000   Code   RO         1037    .ARM.Collect$$libinit$$0000000E  c_w.l(libinit2.o)
    0x08000212   0x08000212   0x00000006   Code   RO         1038    .ARM.Collect$$libinit$$0000000F  c_w.l(libinit2.o)
    0x08000218   0x08000218   0x00000000   Code   RO         1040    .ARM.Collect$$libinit$$00000011  c_w.l(libinit2.o)
    0x08000218   0x08000218   0x00000000   Code   RO         1042    .ARM.Collect$$libinit$$00000013  c_w.l(libinit2.o)
    0x08000218   0x08000218   0x00000000   Code   RO         1044    .ARM.Collect$$libinit$$00000015  c_w.l(libinit2.o)
    0x08000218   0x08000218   0x0000000a   Code   RO         1045    .ARM.Collect$$libinit$$00000016  c_w.l(libinit2.o)
    0x08000222   0x08000222   0x00000000   Code   RO         1046    .ARM.Collect$$libinit$$00000017  c_w.l(libinit2.o)
    0x08000222   0x08000222   0x00000000   Code   RO         1048    .ARM.Collect$$libinit$$00000019  c_w.l(libinit2.o)
    0x08000222   0x08000222   0x00000000   Code   RO         1050    .ARM.Collect$$libinit$$0000001B  c_w.l(libinit2.o)
    0x08000222   0x08000222   0x00000000   Code   RO         1052    .ARM.Collect$$libinit$$0000001D  c_w.l(libinit2.o)
    0x08000222   0x08000222   0x00000000   Code   RO         1054    .ARM.Collect$$libinit$$0000001F  c_w.l(libinit2.o)
    0x08000222   0x08000222   0x00000000   Code   RO         1056    .ARM.Collect$$libinit$$00000021  c_w.l(libinit2.o)
    0x08000222   0x08000222   0x00000000   Code   RO         1058    .ARM.Collect$$libinit$$00000023  c_w.l(libinit2.o)
    0x08000222   0x08000222   0x00000000   Code   RO         1060    .ARM.Collect$$libinit$$00000025  c_w.l(libinit2.o)
    0x08000222   0x08000222   0x00000000   Code   RO         1064    .ARM.Collect$$libinit$$0000002C  c_w.l(libinit2.o)
    0x08000222   0x08000222   0x00000000   Code   RO         1066    .ARM.Collect$$libinit$$0000002E  c_w.l(libinit2.o)
    0x08000222   0x08000222   0x00000000   Code   RO         1068    .ARM.Collect$$libinit$$00000030  c_w.l(libinit2.o)
    0x08000222   0x08000222   0x00000000   Code   RO         1070    .ARM.Collect$$libinit$$00000032  c_w.l(libinit2.o)
    0x08000222   0x08000222   0x00000002   Code   RO         1071    .ARM.Collect$$libinit$$00000033  c_w.l(libinit2.o)
    0x08000224   0x08000224   0x00000002   Code   RO         1113    .ARM.Collect$$libshutdown$$00000000  c_w.l(libshutdown.o)
    0x08000226   0x08000226   0x00000000   Code   RO         1132    .ARM.Collect$$libshutdown$$00000002  c_w.l(libshutdown2.o)
    0x08000226   0x08000226   0x00000000   Code   RO         1134    .ARM.Collect$$libshutdown$$00000004  c_w.l(libshutdown2.o)
    0x08000226   0x08000226   0x00000000   Code   RO         1137    .ARM.Collect$$libshutdown$$00000007  c_w.l(libshutdown2.o)
    0x08000226   0x08000226   0x00000000   Code   RO         1140    .ARM.Collect$$libshutdown$$0000000A  c_w.l(libshutdown2.o)
    0x08000226   0x08000226   0x00000000   Code   RO         1142    .ARM.Collect$$libshutdown$$0000000C  c_w.l(libshutdown2.o)
    0x08000226   0x08000226   0x00000000   Code   RO         1145    .ARM.Collect$$libshutdown$$0000000F  c_w.l(libshutdown2.o)
    0x08000226   0x08000226   0x00000002   Code   RO         1146    .ARM.Collect$$libshutdown$$00000010  c_w.l(libshutdown2.o)
    0x08000228   0x08000228   0x00000000   Code   RO          912    .ARM.Collect$$rtentry$$00000000  c_w.l(__rtentry.o)
    0x08000228   0x08000228   0x00000000   Code   RO          940    .ARM.Collect$$rtentry$$00000002  c_w.l(__rtentry2.o)
    0x08000228   0x08000228   0x00000006   Code   RO          952    .ARM.Collect$$rtentry$$00000004  c_w.l(__rtentry4.o)
    0x0800022e   0x0800022e   0x00000000   Code   RO          942    .ARM.Collect$$rtentry$$00000009  c_w.l(__rtentry2.o)
    0x0800022e   0x0800022e   0x00000004   Code   RO          943    .ARM.Collect$$rtentry$$0000000A  c_w.l(__rtentry2.o)
    0x08000232   0x08000232   0x00000000   Code   RO          945    .ARM.Collect$$rtentry$$0000000C  c_w.l(__rtentry2.o)
    0x08000232   0x08000232   0x00000008   Code   RO          946    .ARM.Collect$$rtentry$$0000000D  c_w.l(__rtentry2.o)
    0x0800023a   0x0800023a   0x00000002   Code   RO         1072    .ARM.Collect$$rtexit$$00000000  c_w.l(rtexit.o)
    0x0800023c   0x0800023c   0x00000000   Code   RO         1085    .ARM.Collect$$rtexit$$00000002  c_w.l(rtexit2.o)
    0x0800023c   0x0800023c   0x00000004   Code   RO         1086    .ARM.Collect$$rtexit$$00000003  c_w.l(rtexit2.o)
    0x08000240   0x08000240   0x00000006   Code   RO         1087    .ARM.Collect$$rtexit$$00000004  c_w.l(rtexit2.o)
    0x08000246   0x08000246   0x00000002   PAD
    0x08000248   0x08000248   0x000000c0   Code   RO            3    .text               main.o
    0x08000308   0x08000308   0x0000001a   Code   RO          174    .text               stm32f4xx_it.o
    0x08000322   0x08000322   0x00000002   PAD
    0x08000324   0x08000324   0x00000210   Code   RO          223    .text               system_stm32f4xx.o
    0x08000534   0x08000534   0x00004c80   Code   RO          269    .text               lcd.o
    0x080051b4   0x080051b4   0x00001884   Code   RO          512    .text               adc_test.o
    0x08006a38   0x08006a38   0x00000104   Code   RO          539    .text               delay.o
    0x08006b3c   0x08006b3c   0x00000148   Code   RO          579    .text               usart.o
    0x08006c84   0x08006c84   0x00000040   Code   RO          611    .text               startup_stm32f40_41xxx.o
    0x08006cc4   0x08006cc4   0x000000e0   Code   RO          617    .text               misc.o
    0x08006da4   0x08006da4   0x00000294   Code   RO          637    .text               stm32f4xx_gpio.o
    0x08007038   0x08007038   0x000005c8   Code   RO          657    .text               stm32f4xx_fsmc.o
    0x08007600   0x08007600   0x0000065c   Code   RO          680    .text               stm32f4xx_rcc.o
    0x08007c5c   0x08007c5c   0x00000454   Code   RO          722    .text               stm32f4xx_usart.o
    0x080080b0   0x080080b0   0x00000464   Code   RO          742    .text               stm32f4xx_adc.o
    0x08008514   0x08008514   0x000003a8   Code   RO          762    .text               stm32f4xx_dma.o
    0x080088bc   0x080088bc   0x00000ca2   Code   RO          782    .text               stm32f4xx_tim.o
    0x0800955e   0x0800955e   0x00000002   Code   RO          802    .text               c_w.l(use_no_semi_2.o)
    0x08009560   0x08009560   0x000000ee   Code   RO          804    .text               c_w.l(lludivv7m.o)
    0x0800964e   0x0800964e   0x00000002   PAD
    0x08009650   0x08009650   0x00000018   Code   RO          808    .text               c_w.l(noretval__2printf.o)
    0x08009668   0x08009668   0x00000068   Code   RO          810    .text               c_w.l(__printf.o)
    0x080096d0   0x080096d0   0x00000058   Code   RO          819    .text               c_w.l(_printf_hex_int.o)
    0x08009728   0x08009728   0x00000080   Code   RO          862    .text               c_w.l(strcmpv7m.o)
    0x080097a8   0x080097a8   0x00000006   Code   RO          864    .text               c_w.l(heapauxi.o)
    0x080097ae   0x080097ae   0x00000002   Code   RO          910    .text               c_w.l(use_no_semi.o)
    0x080097b0   0x080097b0   0x000000b2   Code   RO          919    .text               c_w.l(_printf_intcommon.o)
    0x08009862   0x08009862   0x0000041e   Code   RO          921    .text               c_w.l(_printf_fp_dec.o)
    0x08009c80   0x08009c80   0x00000024   Code   RO          925    .text               c_w.l(_printf_char_file.o)
    0x08009ca4   0x08009ca4   0x00000008   Code   RO          959    .text               c_w.l(rt_locale_intlibspace.o)
    0x08009cac   0x08009cac   0x0000008a   Code   RO          966    .text               c_w.l(lludiv10.o)
    0x08009d36   0x08009d36   0x00000002   PAD
    0x08009d38   0x08009d38   0x00000030   Code   RO          968    .text               c_w.l(_printf_char_common.o)
    0x08009d68   0x08009d68   0x00000080   Code   RO          970    .text               c_w.l(_printf_fp_infnan.o)
    0x08009de8   0x08009de8   0x000000e4   Code   RO          972    .text               c_w.l(bigflt0.o)
    0x08009ecc   0x08009ecc   0x00000008   Code   RO          997    .text               c_w.l(ferror.o)
    0x08009ed4   0x08009ed4   0x00000008   Code   RO         1008    .text               c_w.l(libspace.o)
    0x08009edc   0x08009edc   0x0000004a   Code   RO         1011    .text               c_w.l(sys_stackheap_outer.o)
    0x08009f26   0x08009f26   0x00000012   Code   RO         1015    .text               c_w.l(exit.o)
    0x08009f38   0x08009f38   0x0000003e   Code   RO          975    CL$$btod_d2e        c_w.l(btod.o)
    0x08009f76   0x08009f76   0x00000046   Code   RO          977    CL$$btod_d2e_denorm_low  c_w.l(btod.o)
    0x08009fbc   0x08009fbc   0x00000060   Code   RO          976    CL$$btod_d2e_norm_op1  c_w.l(btod.o)
    0x0800a01c   0x0800a01c   0x00000338   Code   RO          985    CL$$btod_div_common  c_w.l(btod.o)
    0x0800a354   0x0800a354   0x000000dc   Code   RO          982    CL$$btod_e2e        c_w.l(btod.o)
    0x0800a430   0x0800a430   0x0000002a   Code   RO          979    CL$$btod_ediv       c_w.l(btod.o)
    0x0800a45a   0x0800a45a   0x0000002a   Code   RO          978    CL$$btod_emul       c_w.l(btod.o)
    0x0800a484   0x0800a484   0x00000244   Code   RO          984    CL$$btod_mult_common  c_w.l(btod.o)
    0x0800a6c8   0x0800a6c8   0x00000030   Code   RO         1006    i.__ARM_fpclassify  m_wm.l(fpclassify.o)
    0x0800a6f8   0x0800a6f8   0x0000002c   Code   RO         1002    locale$$code        c_w.l(lc_numeric_c.o)
    0x0800a724   0x0800a724   0x00000018   Code   RO          928    x$fpl$dcmpinf       fz_wm.l(dcmpi.o)
    0x0800a73c   0x0800a73c   0x000002b0   Code   RO          875    x$fpl$ddiv          fz_wm.l(ddiv.o)
    0x0800a9ec   0x0800a9ec   0x0000005a   Code   RO          878    x$fpl$dfixu         fz_wm.l(dfixu.o)
    0x0800aa46   0x0800aa46   0x0000002e   Code   RO          883    x$fpl$dflt          fz_wm.l(dflt_clz.o)
    0x0800aa74   0x0800aa74   0x00000026   Code   RO          882    x$fpl$dfltu         fz_wm.l(dflt_clz.o)
    0x0800aa9a   0x0800aa9a   0x00000002   PAD
    0x0800aa9c   0x0800aa9c   0x00000078   Code   RO          888    x$fpl$dleqf         fz_wm.l(dleqf.o)
    0x0800ab14   0x0800ab14   0x00000154   Code   RO          890    x$fpl$dmul          fz_wm.l(dmul.o)
    0x0800ac68   0x0800ac68   0x0000009c   Code   RO          930    x$fpl$dnaninf       fz_wm.l(dnaninf.o)
    0x0800ad04   0x0800ad04   0x0000000c   Code   RO          932    x$fpl$dretinf       fz_wm.l(dretinf.o)
    0x0800ad10   0x0800ad10   0x0000000a   Code   RO         1082    x$fpl$fpinit        fz_wm.l(fpinit.o)
    0x0800ad1a   0x0800ad1a   0x00000004   Code   RO          896    x$fpl$printf1       fz_wm.l(printf1.o)
    0x0800ad1e   0x0800ad1e   0x00000000   Code   RO          938    x$fpl$usenofp       fz_wm.l(usenofp.o)
    0x0800ad1e   0x0800ad1e   0x000017c0   Data   RO          271    .constdata          lcd.o
    0x0800c4de   0x0800c4de   0x00000002   PAD
    0x0800c4e0   0x0800c4e0   0x0000001c   Data   RO          658    .constdata          stm32f4xx_fsmc.o
    0x0800c4fc   0x0800c4fc   0x00000028   Data   RO          820    .constdata          c_w.l(_printf_hex_int.o)
    0x0800c524   0x0800c524   0x00000094   Data   RO          973    .constdata          c_w.l(bigflt0.o)
    0x0800c5b8   0x0800c5b8   0x00000020   Data   RO         1147    Region$$Table       anon$$obj.o
    0x0800c5d8   0x0800c5d8   0x0000001c   Data   RO         1001    locale$$data        c_w.l(lc_numeric_c.o)


    Execution Region RW_IRAM1 (Exec base: 0x20000000, Load base: 0x0800c5f4, Size: 0x000067e8, Max: 0x00020000, ABSOLUTE)

    Exec Addr    Load Addr    Size         Type   Attr      Idx    E Section Name        Object

    0x20000000   0x0800c5f4   0x00000014   Data   RW          224    .data               system_stm32f4xx.o
    0x20000014   0x0800c608   0x00000004   Data   RW          272    .data               lcd.o
    0x20000018   0x0800c60c   0x00000076   Data   RW          514    .data               adc_test.o
    0x2000008e   0x0800c682   0x00000004   Data   RW          540    .data               delay.o
    0x20000092   0x0800c686   0x00000002   PAD
    0x20000094   0x0800c688   0x00000006   Data   RW          581    .data               usart.o
    0x2000009a   0x0800c68e   0x00000010   Data   RW          681    .data               stm32f4xx_rcc.o
    0x200000aa   0x0800c69e   0x00000002   PAD
    0x200000ac        -       0x0000000e   Zero   RW          270    .bss                lcd.o
    0x200000ba        -       0x00006000   Zero   RW          513    .bss                adc_test.o
    0x200060ba        -       0x000000c8   Zero   RW          580    .bss                usart.o
    0x20006182   0x0800c69e   0x00000002   PAD
    0x20006184        -       0x00000060   Zero   RW         1009    .bss                c_w.l(libspace.o)
    0x200061e4   0x0800c69e   0x00000004   PAD
    0x200061e8        -       0x00000200   Zero   RW          609    HEAP                startup_stm32f40_41xxx.o
    0x200063e8        -       0x00000400   Zero   RW          608    STACK               startup_stm32f40_41xxx.o


==============================================================================

Image component sizes


      Code (inc. data)   RO Data    RW Data    ZI Data      Debug   Object Name

      6276        620          0        118      24576       7648   adc_test.o
       260          8          0          4          0       1517   delay.o
     19584        174       6080          4         14      22978   lcd.o
       192         78          0          0          0     316523   main.o
       224         20          0          0          0       1853   misc.o
        64         26        392          0       1536        844   startup_stm32f40_41xxx.o
      1124         24          0          0          0      10722   stm32f4xx_adc.o
       936         32          0          0          0       6429   stm32f4xx_dma.o
      1480         18         28          0          0       5702   stm32f4xx_fsmc.o
       660         44          0          0          0       4193   stm32f4xx_gpio.o
        26          0          0          0          0       1238   stm32f4xx_it.o
      1628         52          0         16          0      13088   stm32f4xx_rcc.o
      3234         60          0          0          0      23048   stm32f4xx_tim.o
      1108         34          0          0          0       7916   stm32f4xx_usart.o
       528         46          0         20          0       1831   system_stm32f4xx.o
       328         16          0          6        200       3370   usart.o

    ----------------------------------------------------------------------
     37654       1252       6534        172      26328     428900   Object Totals
         0          0         32          0          0          0   (incl. Generated)
         2          0          2          4          2          0   (incl. Padding)

    ----------------------------------------------------------------------

      Code (inc. data)   RO Data    RW Data    ZI Data      Debug   Library Member Name

         8          0          0          0          0         68   __main.o
       104          0          0          0          0         84   __printf.o
         0          0          0          0          0          0   __rtentry.o
        12          0          0          0          0          0   __rtentry2.o
         6          0          0          0          0          0   __rtentry4.o
        52          8          0          0          0          0   __scatter.o
        26          0          0          0          0          0   __scatter_copy.o
        28          0          0          0          0          0   __scatter_zi.o
        48          6          0          0          0         96   _printf_char_common.o
        36          4          0          0          0         80   _printf_char_file.o
         6          0          0          0          0          0   _printf_f.o
      1054          0          0          0          0        216   _printf_fp_dec.o
       128         16          0          0          0         84   _printf_fp_infnan.o
        88          4         40          0          0         88   _printf_hex_int.o
       178          0          0          0          0         88   _printf_intcommon.o
         0          0          0          0          0          0   _printf_percent.o
         4          0          0          0          0          0   _printf_percent_end.o
         6          0          0          0          0          0   _printf_x.o
       228          4        148          0          0         96   bigflt0.o
      1936        128          0          0          0        672   btod.o
        18          0          0          0          0         80   exit.o
         8          0          0          0          0         68   ferror.o
         6          0          0          0          0        152   heapauxi.o
        44         10         28          0          0         76   lc_numeric_c.o
         2          0          0          0          0          0   libinit.o
        22          0          0          0          0          0   libinit2.o
         2          0          0          0          0          0   libshutdown.o
         2          0          0          0          0          0   libshutdown2.o
         8          4          0          0         96         68   libspace.o
       138          0          0          0          0         80   lludiv10.o
       238          0          0          0          0        100   lludivv7m.o
        24          4          0          0          0         84   noretval__2printf.o
         8          4          0          0          0         68   rt_locale_intlibspace.o
         2          0          0          0          0          0   rtexit.o
        10          0          0          0          0          0   rtexit2.o
       128          0          0          0          0         68   strcmpv7m.o
        74          0          0          0          0         80   sys_stackheap_outer.o
         2          0          0          0          0         68   use_no_semi.o
         2          0          0          0          0         68   use_no_semi_2.o
        24          0          0          0          0        116   dcmpi.o
       688        140          0          0          0        256   ddiv.o
        90          4          0          0          0        140   dfixu.o
        84          0          0          0          0        232   dflt_clz.o
       120          4          0          0          0        140   dleqf.o
       340         12          0          0          0        152   dmul.o
       156          4          0          0          0        140   dnaninf.o
        12          0          0          0          0        116   dretinf.o
        10          0          0          0          0        116   fpinit.o
         4          0          0          0          0        116   printf1.o
         0          0          0          0          0          0   usenofp.o
        48          0          0          0          0        124   fpclassify.o

    ----------------------------------------------------------------------
      6272        356        216          0        100       4280   Library Totals
        10          0          0          0          4          0   (incl. Padding)

    ----------------------------------------------------------------------

      Code (inc. data)   RO Data    RW Data    ZI Data      Debug   Library Name

      4686        192        216          0         96       2632   c_w.l
      1528        164          0          0          0       1524   fz_wm.l
        48          0          0          0          0        124   m_wm.l

    ----------------------------------------------------------------------
      6272        356        216          0        100       4280   Library Totals

    ----------------------------------------------------------------------

==============================================================================


      Code (inc. data)   RO Data    RW Data    ZI Data      Debug   

     43926       1608       6750        172      26428     426976   Grand Totals
     43926       1608       6750        172      26428     426976   ELF Image Totals
     43926       1608       6750        172          0          0   ROM Totals

==============================================================================

    Total RO  Size (Code + RO Data)                50676 (  49.49kB)
    Total RW  Size (RW Data + ZI Data)             26600 (  25.98kB)
    Total ROM Size (Code + RO Data + RW Data)      50848 (  49.66kB)

==============================================================================

